Component: Arm Compiler for Embedded 6.21 Tool: armlink [5ec1fa00]

==============================================================================

Section Cross References

    imu_task.o(.text.IMU_Task) refers to imu_task.o(.text.IMU_Task_Init) for IMU_Task_Init
    imu_task.o(.text.IMU_Task) refers to cmsis_os.o(.text.osKernelSysTick) for osKernelSysTick
    imu_task.o(.text.IMU_Task) refers to imu_task.o(.bss.BMI088_Info) for BMI088_Info
    imu_task.o(.text.IMU_Task) refers to bmi088.o(.text.BMI088_Info_Update) for BMI088_Info_Update
    imu_task.o(.text.IMU_Task) refers to imu_task.o(.bss.BMI088_Accel_Slpf) for BMI088_Accel_Slpf
    imu_task.o(.text.IMU_Task) refers to lpf.o(.text.SecondOrderLowpass_Update) for SecondOrderLowpass_Update
    imu_task.o(.text.IMU_Task) refers to imu_task.o(.bss.IMU_Info) for IMU_Info
    imu_task.o(.text.IMU_Task) refers to imu_task.o(.bss.Quat_Info) for Quat_Info
    imu_task.o(.text.IMU_Task) refers to quaternion.o(.text.QuatEKF_Update) for QuatEKF_Update
    imu_task.o(.text.IMU_Task) refers to imu_task.o(.text.BMI088_HeatPower_Control) for BMI088_HeatPower_Control
    imu_task.o(.text.IMU_Task) refers to cmsis_os.o(.text.osDelayUntil) for osDelayUntil
    imu_task.o(.ARM.exidx.text.IMU_Task) refers to imu_task.o(.text.IMU_Task) for [Anonymous Symbol]
    imu_task.o(.text.IMU_Task_Init) refers to imu_task.o(.bss.BMI088_Info) for BMI088_Info
    imu_task.o(.text.IMU_Task_Init) refers to bmi088.o(.text.BMI088_Info_Update) for BMI088_Info_Update
    imu_task.o(.text.IMU_Task_Init) refers to imu_task.o(.bss.BMI088_Accel_Slpf) for BMI088_Accel_Slpf
    imu_task.o(.text.IMU_Task_Init) refers to imu_task.o(.data.Accel_Slpf_alpha) for Accel_Slpf_alpha
    imu_task.o(.text.IMU_Task_Init) refers to lpf.o(.text.SecondOrderLowpass_Init) for SecondOrderLowpass_Init
    imu_task.o(.text.IMU_Task_Init) refers to imu_task.o(.bss.HeatPower_PID) for HeatPower_PID
    imu_task.o(.text.IMU_Task_Init) refers to imu_task.o(.data.HeatPower_PID_Param) for HeatPower_PID_Param
    imu_task.o(.text.IMU_Task_Init) refers to pid.o(.text.PID_Init) for PID_Init
    imu_task.o(.text.IMU_Task_Init) refers to imu_task.o(.bss.Quat_Info) for Quat_Info
    imu_task.o(.text.IMU_Task_Init) refers to imu_task.o(.data.QuatEKF_Data_A) for QuatEKF_Data_A
    imu_task.o(.text.IMU_Task_Init) refers to imu_task.o(.data.QuatEKF_Data_P) for QuatEKF_Data_P
    imu_task.o(.text.IMU_Task_Init) refers to quaternion.o(.text.QuatEKF_Init) for QuatEKF_Init
    imu_task.o(.ARM.exidx.text.IMU_Task_Init) refers to imu_task.o(.text.IMU_Task_Init) for [Anonymous Symbol]
    imu_task.o(.text.BMI088_HeatPower_Control) refers to imu_task.o(.bss.HeatPower_PID) for HeatPower_PID
    imu_task.o(.text.BMI088_HeatPower_Control) refers to pid.o(.text.f_PID_Calculate) for f_PID_Calculate
    imu_task.o(.text.BMI088_HeatPower_Control) refers to bsp_tim.o(.text.Heat_Power_Control) for Heat_Power_Control
    imu_task.o(.ARM.exidx.text.BMI088_HeatPower_Control) refers to imu_task.o(.text.BMI088_HeatPower_Control) for [Anonymous Symbol]
    kalman.o(.text.Kalman_Filter_Init) refers to arm_mat_init_f32.o(.text) for arm_mat_init_f32
    kalman.o(.text.Kalman_Filter_Init) refers to heap_4.o(.text.pvPortMalloc) for pvPortMalloc
    kalman.o(.text.Kalman_Filter_Init) refers to rt_memclr_w.o(.text) for __aeabi_memclr4
    kalman.o(.ARM.exidx.text.Kalman_Filter_Init) refers to kalman.o(.text.Kalman_Filter_Init) for [Anonymous Symbol]
    kalman.o(.text.Kalman_Filter_Update) refers to kalman.o(.text.Kalman_Input_Update) for Kalman_Input_Update
    kalman.o(.text.Kalman_Filter_Update) refers to kalman.o(.text.Kalman_xhatminus_Update) for Kalman_xhatminus_Update
    kalman.o(.text.Kalman_Filter_Update) refers to kalman.o(.text.Kalman_Pminus_Update) for Kalman_Pminus_Update
    kalman.o(.text.Kalman_Filter_Update) refers to kalman.o(.text.Kalman_K_Update) for Kalman_K_Update
    kalman.o(.text.Kalman_Filter_Update) refers to kalman.o(.text.Kalman_xhat_Update) for Kalman_xhat_Update
    kalman.o(.text.Kalman_Filter_Update) refers to kalman.o(.text.Kalman_P_Update) for Kalman_P_Update
    kalman.o(.text.Kalman_Filter_Update) refers to rt_memcpy_w.o(.text) for __aeabi_memcpy4
    kalman.o(.ARM.exidx.text.Kalman_Filter_Update) refers to kalman.o(.text.Kalman_Filter_Update) for [Anonymous Symbol]
    kalman.o(.text.Kalman_Input_Update) refers to rt_memcpy_w.o(.text) for __aeabi_memcpy4
    kalman.o(.text.Kalman_Input_Update) refers to rt_memclr_w.o(.text) for __aeabi_memclr4
    kalman.o(.ARM.exidx.text.Kalman_Input_Update) refers to kalman.o(.text.Kalman_Input_Update) for [Anonymous Symbol]
    kalman.o(.text.Kalman_xhatminus_Update) refers to arm_mat_mult_f32.o(.text) for arm_mat_mult_f32
    kalman.o(.text.Kalman_xhatminus_Update) refers to arm_mat_add_f32.o(.text) for arm_mat_add_f32
[...]
    _getenv_init                              - Undefined Weak Reference
    _handle_redirection                       - Undefined Weak Reference
    _init_alloc                               - Undefined Weak Reference
    _init_user_alloc                          - Undefined Weak Reference
    _initio                                   - Undefined Weak Reference
    _rand_init                                - Undefined Weak Reference
    _signal_finish                            - Undefined Weak Reference
    _signal_init                              - Undefined Weak Reference
    _terminate_alloc                          - Undefined Weak Reference
    _terminate_user_alloc                     - Undefined Weak Reference
    _terminateio                              - Undefined Weak Reference
    __Vectors_Size                           0x00000188   Number         0  startup_stm32f407xx.o ABSOLUTE
    __Vectors                                0x08000000   Data           4  startup_stm32f407xx.o(RESET)
    __Vectors_End                            0x08000188   Data           0  startup_stm32f407xx.o(RESET)
    __main                                   0x08000189   Thumb Code     8  __main.o(!!!main)
    __scatterload                            0x08000191   Thumb Code     0  __scatter.o(!!!scatter)
    __scatterload_rt2                        0x08000191   Thumb Code    84  __scatter.o(!!!scatter)
    __scatterload_rt2_thumb_only             0x08000191   Thumb Code     0  __scatter.o(!!!scatter)
    __scatterload_loop                       0x0800019b   Thumb Code     0  __scatter.o(!!!scatter)
    __decompress                             0x080001ed   Thumb Code    90  __dczerorl2.o(!!dczerorl2)
    __decompress1                            0x080001ed   Thumb Code     0  __dczerorl2.o(!!dczerorl2)
    __scatterload_null                       0x08000249   Thumb Code     2  __scatter.o(!!handler_null)
    __scatterload_zeroinit                   0x0800024d   Thumb Code    28  __scatter_zi.o(!!handler_zi)
    __rt_lib_init                            0x08000269   Thumb Code     0  libinit.o(.ARM.Collect$$libinit$$00000000)
    __rt_lib_init_fp_1                       0x0800026b   Thumb Code     0  libinit2.o(.ARM.Collect$$libinit$$00000001)
    __rt_lib_init_alloca_1                   0x0800026f   Thumb Code     0  libinit2.o(.ARM.Collect$$libinit$$00000030)
    __rt_lib_init_argv_1                     0x0800026f   Thumb Code     0  libinit2.o(.ARM.Collect$$libinit$$0000002E)
    __rt_lib_init_atexit_1                   0x0800026f   Thumb Code     0  libinit2.o(.ARM.Collect$$libinit$$0000001D)
    __rt_lib_init_clock_1                    0x0800026f   Thumb Code     0  libinit2.o(.ARM.Collect$$libinit$$00000023)
    __rt_lib_init_cpp_1                      0x0800026f   Thumb Code     0  libinit2.o(.ARM.Collect$$libinit$$00000034)
    __rt_lib_init_exceptions_1               0x0800026f   Thumb Code     0  libinit2.o(.ARM.Collect$$libinit$$00000032)
    __rt_lib_init_fp_trap_1                  0x0800026f   Thumb Code     0  libinit2.o(.ARM.Collect$$libinit$$00000021)
    __rt_lib_init_getenv_1                   0x0800026f   Thumb Code     0  libinit2.o(.ARM.Collect$$libinit$$00000025)
    __rt_lib_init_heap_1                     0x0800026f   Thumb Code     0  libinit2.o(.ARM.Collect$$libinit$$0000000C)
    __rt_lib_init_lc_collate_1               0x0800026f   Thumb Code     0  libinit2.o(.ARM.Collect$$libinit$$00000013)
    __rt_lib_init_lc_ctype_1                 0x0800026f   Thumb Code     0  libinit2.o(.ARM.Collect$$libinit$$00000015)
    __rt_lib_init_lc_monetary_1              0x0800026f   Thumb Code     0  libinit2.o(.ARM.Collect$$libinit$$00000017)
    __rt_lib_init_lc_numeric_1               0x0800026f   Thumb Code     0  libinit2.o(.ARM.Collect$$libinit$$00000019)
    __rt_lib_init_lc_time_1                  0x0800026f   Thumb Code     0  libinit2.o(.ARM.Collect$$libinit$$0000001B)
    __rt_lib_init_preinit_1                  0x0800026f   Thumb Code     0  libinit2.o(.ARM.Collect$$libinit$$00000006)
    __rt_lib_init_rand_1                     0x0800026f   Thumb Code     0  libinit2.o(.ARM.Collect$$libinit$$00000010)
    __rt_lib_init_relocate_pie_1             0x0800026f   Thumb Code     0  libinit2.o(.ARM.Collect$$libinit$$00000004)
    __rt_lib_init_return                     0x0800026f   Thumb Code     0  libinit2.o(.ARM.Collect$$libinit$$00000035)
    __rt_lib_init_signal_1                   0x0800026f   Thumb Code     0  libinit2.o(.ARM.Collect$$libinit$$0000001F)
    __rt_lib_init_stdio_1                    0x0800026f   Thumb Code     0  libinit2.o(.ARM.Collect$$libinit$$00000027)
    __rt_lib_init_user_alloc_1               0x0800026f   Thumb Code     0  libinit2.o(.ARM.Collect$$libinit$$0000000E)
    __rt_lib_shutdown                        0x08000271   Thumb Code     0  libshutdown.o(.ARM.Collect$$libshutdown$$00000000)
    __rt_lib_shutdown_cpp_1                  0x08000273   Thumb Code     0  libshutdown2.o(.ARM.Collect$$libshutdown$$00000002)
    __rt_lib_shutdown_fp_trap_1              0x08000273   Thumb Code     0  libshutdown2.o(.ARM.Collect$$libshutdown$$00000007)
    __rt_lib_shutdown_heap_1                 0x08000273   Thumb Code     0  libshutdown2.o(.ARM.Collect$$libshutdown$$0000000F)
    __rt_lib_shutdown_return                 0x08000273   Thumb Code     0  libshutdown2.o(.ARM.Collect$$libshutdown$$00000010)
    __rt_lib_shutdown_signal_1               0x08000273   Thumb Code     0  libshutdown2.o(.ARM.Collect$$libshutdown$$0000000A)
    __rt_lib_shutdown_stdio_1                0x08000273   Thumb Code     0  libshutdown2.o(.ARM.Collect$$libshutdown$$00000004)
    __rt_lib_shutdown_user_alloc_1           0x08000273   Thumb Code     0  libshutdown2.o(.ARM.Collect$$libshutdown$$0000000C)
    __rt_entry                               0x08000275   Thumb Code     0  __rtentry.o(.ARM.Collect$$rtentry$$00000000)
    __rt_entry_presh_1                       0x08000275   Thumb Code     0  __rtentry2.o(.ARM.Collect$$rtentry$$00000002)
    __rt_entry_sh                            0x08000275   Thumb Code     0  __rtentry4.o(.ARM.Collect$$rtentry$$00000004)
    __rt_entry_li                            0x0800027b   Thumb Code     0  __rtentry2.o(.ARM.Collect$$rtentry$$0000000A)
    __rt_entry_postsh_1                      0x0800027b   Thumb Code     0  __rtentry2.o(.ARM.Collect$$rtentry$$00000009)
    __rt_entry_main                          0x0800027f   Thumb Code     0  __rtentry2.o(.ARM.Collect$$rtentry$$0000000D)
    __rt_entry_postli_1                      0x0800027f   Thumb Code     0  __rtentry2.o(.ARM.Collect$$rtentry$$0000000C)
    __rt_exit                                0x08000287   Thumb Code     0  rtexit.o(.ARM.Collect$$rtexit$$00000000)
    __rt_exit_ls                             0x08000289   Thumb Code     0  rtexit2.o(.ARM.Collect$$rtexit$$00000003)
    __rt_exit_prels_1                        0x08000289   Thumb Code     0  rtexit2.o(.ARM.Collect$$rtexit$$00000002)
    __rt_exit_exit                           0x0800028d   Thumb Code     0  rtexit2.o(.ARM.Collect$$rtexit$$00000004)
    Reset_Handler                            0x08000295   Thumb Code     8  startup_stm32f407xx.o(.text)
    ADC_IRQHandler                           0x080002af   Thumb Code     0  startup_stm32f407xx.o(.text)
    CAN1_RX1_IRQHandler                      0x080002af   Thumb Code     0  startup_stm32f407xx.o(.text)
    CAN1_SCE_IRQHandler                      0x080002af   Thumb Code     0  startup_stm32f407xx.o(.text)
    CAN1_TX_IRQHandler                       0x080002af   Thumb Code     0  startup_stm32f407xx.o(.text)
    CAN2_RX1_IRQHandler                      0x080002af   Thumb Code     0  startup_stm32f407xx.o(.text)
    CAN2_SCE_IRQHandler                      0x080002af   Thumb Code     0  startup_stm32f407xx.o(.text)
    CAN2_TX_IRQHandler                       0x080002af   Thumb Code     0  startup_stm32f407xx.o(.text)
    DCMI_IRQHandler                          0x080002af   Thumb Code     0  startup_stm32f407xx.o(.text)
    DMA1_Stream0_IRQHandler                  0x080002af   Thumb Code     0  startup_stm32f407xx.o(.text)
    DMA1_Stream1_IRQHandler                  0x080002af   Thumb Code     0  startup_stm32f407xx.o(.text)
    DMA1_Stream2_IRQHandler                  0x080002af   Thumb Code     0  startup_stm32f407xx.o(.text)
    DMA1_Stream3_IRQHandler                  0x080002af   Thumb Code     0  startup_stm32f407xx.o(.text)
    DMA1_Stream4_IRQHandler                  0x080002af   Thumb Code     0  startup_stm32f407xx.o(.text)
    DMA1_Stream5_IRQHandler                  0x080002af   Thumb Code     0  startup_stm32f407xx.o(.text)
    DMA1_Stream6_IRQHandler                  0x080002af   Thumb Code     0  startup_stm32f407xx.o(.text)
    DMA1_Stream7_IRQHandler                  0x080002af   Thumb Code     0  startup_stm32f407xx.o(.text)
    DMA2_Stream0_IRQHandler                  0x080002af   Thumb Code     0  startup_stm32f407xx.o(.text)
    DMA2_Stream1_IRQHandler                  0x080002af   Thumb Code     0  startup_stm32f407xx.o(.text)
    DMA2_Stream3_IRQHandler                  0x080002af   Thumb Code     0  startup_stm32f407xx.o(.text)
    DMA2_Stream4_IRQHandler                  0x080002af   Thumb Code     0  startup_stm32f407xx.o(.text)
    DMA2_Stream5_IRQHandler                  0x080002af   Thumb Code     0  startup_stm32f407xx.o(.text)
    DMA2_Stream7_IRQHandler                  0x080002af   Thumb Code     0  startup_stm32f407xx.o(.text)
    ETH_IRQHandler                           0x080002af   Thumb Code     0  startup_stm32f407xx.o(.text)
    ETH_WKUP_IRQHandler                      0x080002af   Thumb Code     0  startup_stm32f407xx.o(.text)
    EXTI0_IRQHandler                         0x080002af   Thumb Code     0  startup_stm32f407xx.o(.text)
    EXTI15_10_IRQHandler                     0x080002af   Thumb Code     0  startup_stm32f407xx.o(.text)
    EXTI1_IRQHandler                         0x080002af   Thumb Code     0  startup_stm32f407xx.o(.text)
    EXTI2_IRQHandler                         0x080002af   Thumb Code     0  startup_stm32f407xx.o(.text)
    EXTI3_IRQHandler                         0x080002af   Thumb Code     0  startup_stm32f407xx.o(.text)
    EXTI4_IRQHandler                         0x080002af   Thumb Code     0  startup_stm32f407xx.o(.text)
    EXTI9_5_IRQHandler                       0x080002af   Thumb Code     0  startup_stm32f407xx.o(.text)
    FLASH_IRQHandler                         0x080002af   Thumb Code     0  startup_stm32f407xx.o(.text)
    FMC_IRQHandler                           0x080002af   Thumb Code     0  startup_stm32f407xx.o(.text)
    FPU_IRQHandler                           0x080002af   Thumb Code     0  startup_stm32f407xx.o(.text)
    HASH_RNG_IRQHandler                      0x080002af   Thumb Code     0  startup_stm32f407xx.o(.text)
    I2C1_ER_IRQHandler                       0x080002af   Thumb Code     0  startup_stm32f407xx.o(.text)
    I2C1_EV_IRQHandler                       0x080002af   Thumb Code     0  startup_stm32f407xx.o(.text)
    I2C2_ER_IRQHandler                       0x080002af   Thumb Code     0  startup_stm32f407xx.o(.text)
    I2C2_EV_IRQHandler                       0x080002af   Thumb Code     0  startup_stm32f407xx.o(.text)
    I2C3_ER_IRQHandler                       0x080002af   Thumb Code     0  startup_stm32f407xx.o(.text)
    I2C3_EV_IRQHandler                       0x080002af   Thumb Code     0  startup_stm32f407xx.o(.text)
    OTG_FS_IRQHandler                        0x080002af   Thumb Code     0  startup_stm32f407xx.o(.text)
    OTG_FS_WKUP_IRQHandler                   0x080002af   Thumb Code     0  startup_stm32f407xx.o(.text)
    OTG_HS_EP1_IN_IRQHandler                 0x080002af   Thumb Code     0  startup_stm32f407xx.o(.text)
    OTG_HS_EP1_OUT_IRQHandler                0x080002af   Thumb Code     0  startup_stm32f407xx.o(.text)
    OTG_HS_IRQHandler                        0x080002af   Thumb Code     0  startup_stm32f407xx.o(.text)
    OTG_HS_WKUP_IRQHandler                   0x080002af   Thumb Code     0  startup_stm32f407xx.o(.text)
    PVD_IRQHandler                           0x080002af   Thumb Code     0  startup_stm32f407xx.o(.text)
    RCC_IRQHandler                           0x080002af   Thumb Code     0  startup_stm32f407xx.o(.text)
    RTC_Alarm_IRQHandler                     0x080002af   Thumb Code     0  startup_stm32f407xx.o(.text)
    RTC_WKUP_IRQHandler                      0x080002af   Thumb Code     0  startup_stm32f407xx.o(.text)
    SDIO_IRQHandler                          0x080002af   Thumb Code     0  startup_stm32f407xx.o(.text)
    SPI1_IRQHandler                          0x080002af   Thumb Code     0  startup_stm32f407xx.o(.text)
    SPI2_IRQHandler                          0x080002af   Thumb Code     0  startup_stm32f407xx.o(.text)
    SPI3_IRQHandler                          0x080002af   Thumb Code     0  startup_stm32f407xx.o(.text)
    TAMP_STAMP_IRQHandler                    0x080002af   Thumb Code     0  startup_stm32f407xx.o(.text)
    TIM1_BRK_TIM9_IRQHandler                 0x080002af   Thumb Code     0  startup_stm32f407xx.o(.text)
    TIM1_CC_IRQHandler                       0x080002af   Thumb Code     0  startup_stm32f407xx.o(.text)
    TIM1_TRG_COM_TIM11_IRQHandler            0x080002af   Thumb Code     0  startup_stm32f407xx.o(.text)
    TIM1_UP_TIM10_IRQHandler                 0x080002af   Thumb Code     0  startup_stm32f407xx.o(.text)
    TIM3_IRQHandler                          0x080002af   Thumb Code     0  startup_stm32f407xx.o(.text)
    TIM4_IRQHandler                          0x080002af   Thumb Code     0  startup_stm32f407xx.o(.text)
    TIM5_IRQHandler                          0x080002af   Thumb Code     0  startup_stm32f407xx.o(.text)
    TIM6_DAC_IRQHandler                      0x080002af   Thumb Code     0  startup_stm32f407xx.o(.text)
    TIM7_IRQHandler                          0x080002af   Thumb Code     0  startup_stm32f407xx.o(.text)
    TIM8_BRK_TIM12_IRQHandler                0x080002af   Thumb Code     0  startup_stm32f407xx.o(.text)
    TIM8_CC_IRQHandler                       0x080002af   Thumb Code     0  startup_stm32f407xx.o(.text)
    TIM8_TRG_COM_TIM14_IRQHandler            0x080002af   Thumb Code     0  startup_stm32f407xx.o(.text)
    TIM8_UP_TIM13_IRQHandler                 0x080002af   Thumb Code     0  startup_stm32f407xx.o(.text)
    UART4_IRQHandler                         0x080002af   Thumb Code     0  startup_stm32f407xx.o(.text)
    UART5_IRQHandler                         0x080002af   Thumb Code     0  startup_stm32f407xx.o(.text)
    USART2_IRQHandler                        0x080002af   Thumb Code     0  startup_stm32f407xx.o(.text)
    USART3_IRQHandler                        0x080002af   Thumb Code     0  startup_stm32f407xx.o(.text)
    WWDG_IRQHandler                          0x080002af   Thumb Code     0  startup_stm32f407xx.o(.text)
    __user_initial_stackheap                 0x080002b1   Thumb Code     0  startup_stm32f407xx.o(.text)
    arm_mat_add_f32                          0x080002d5   Thumb Code   264  arm_mat_add_f32.o(.text)
    arm_mat_init_f32                         0x080003dd   Thumb Code     8  arm_mat_init_f32.o(.text)
    arm_mat_inverse_f32                      0x080003e5   Thumb Code  1328  arm_mat_inverse_f32.o(.text)
    arm_mat_mult_f32                         0x08000915   Thumb Code   312  arm_mat_mult_f32.o(.text)
    arm_mat_sub_f32                          0x08000a51   Thumb Code   264  arm_mat_sub_f32.o(.text)
    arm_mat_trans_f32                        0x08000b59   Thumb Code   276  arm_mat_trans_f32.o(.text)
    __aeabi_uldivmod                         0x08000c6d   Thumb Code     0  lludivv7m.o(.text)
    _ll_udiv                                 0x08000c6d   Thumb Code   240  lludivv7m.o(.text)
    __aeabi_memcpy4                          0x08000d5d   Thumb Code     0  rt_memcpy_w.o(.text)
    __aeabi_memcpy8                          0x08000d5d   Thumb Code     0  rt_memcpy_w.o(.text)
    __rt_memcpy_w                            0x08000d5d   Thumb Code   100  rt_memcpy_w.o(.text)
    _memcpy_lastbytes_aligned                0x08000da5   Thumb Code     0  rt_memcpy_w.o(.text)
    __aeabi_memset4                          0x08000dc1   Thumb Code    16  aeabi_memset4.o(.text)
    __aeabi_memset8                          0x08000dc1   Thumb Code     0  aeabi_memset4.o(.text)
    __aeabi_memclr4                          0x08000dd1   Thumb Code     0  rt_memclr_w.o(.text)
    __aeabi_memclr8                          0x08000dd1   Thumb Code     0  rt_memclr_w.o(.text)
    __rt_memclr_w                            0x08000dd1   Thumb Code     0  rt_memclr_w.o(.text)
    _memset_w                                0x08000dd5   Thumb Code    74  rt_memclr_w.o(.text)
    __use_two_region_memory                  0x08000e1f   Thumb Code     2  heapauxi.o(.text)
    __rt_heap_escrow$2region                 0x08000e21   Thumb Code     2  heapauxi.o(.text)
    __rt_heap_expand$2region                 0x08000e23   Thumb Code     2  heapauxi.o(.text)
    __read_errno                             0x08000e25   Thumb Code    10  _rserrno.o(.text)
    __set_errno                              0x08000e2f   Thumb Code    12  _rserrno.o(.text)
    __aeabi_errno_addr                       0x08000e3d   Thumb Code     8  rt_errno_addr_intlibspace.o(.text)
    __errno$intlibspace                      0x08000e3d   Thumb Code     0  rt_errno_addr_intlibspace.o(.text)
    __rt_errno_addr$intlibspace              0x08000e3d   Thumb Code     0  rt_errno_addr_intlibspace.o(.text)
    __user_libspace                          0x08000e45   Thumb Code     8  libspace.o(.text)
    __user_perproc_libspace                  0x08000e45   Thumb Code     0  libspace.o(.text)
    __user_perthread_libspace                0x08000e45   Thumb Code     0  libspace.o(.text)
    __user_setup_stackheap                   0x08000e4d   Thumb Code    74  sys_stackheap_outer.o(.text)
    exit                                     0x08000e97   Thumb Code    18  exit.o(.text)
    _sys_exit                                0x08000ea9   Thumb Code     8  sys_exit.o(.text)
    __I$use$semihosting                      0x08000eb5   Thumb Code     0  use_no_semi.o(.text)
    __use_no_semihosting_swi                 0x08000eb5   Thumb Code     2  use_no_semi.o(.text)
    __semihosting_library_function           0x08000eb7   Thumb Code     0  indicate_semi.o(.text)
    BMI088_Info_Update                       0x08001279   Thumb Code   498  bmi088.o(.text.BMI088_Info_Update)
    BMI088_Init                              0x0800146d   Thumb Code    72  bmi088.o(.text.BMI088_Init)
    BSP_PWM_Init                             0x080016f1   Thumb Code    18  bsp_tim.o(.text.BSP_PWM_Init)
    BusFault_Handler                         0x08001705   Thumb Code     4  stm32f4xx_it.o(.text.BusFault_Handler)
    CAN1_RX0_IRQHandler                      0x08001709   Thumb Code    16  stm32f4xx_it.o(.text.CAN1_RX0_IRQHandler)
    CAN2_RX0_IRQHandler                      0x08001725   Thumb Code    16  stm32f4xx_it.o(.text.CAN2_RX0_IRQHandler)
    DMA2_Stream2_IRQHandler                  0x08001741   Thumb Code    16  stm32f4xx_it.o(.text.DMA2_Stream2_IRQHandler)
    DMA2_Stream6_IRQHandler                  0x08001751   Thumb Code    16  stm32f4xx_it.o(.text.DMA2_Stream6_IRQHandler)
    DebugMon_Handler                         0x080018a9   Thumb Code     2  stm32f4xx_it.o(.text.DebugMon_Handler)
    Delay_ms                                 0x080018ad   Thumb Code    36  bsp_timebase.o(.text.Delay_ms)
    Delay_us                                 0x080018d1   Thumb Code    36  bsp_timebase.o(.text.Delay_us)
    Detect_Task                              0x080018f5   Thumb Code    16  freertos.o(.text.Detect_Task)
    Error_Handler                            0x08001905   Thumb Code    14  main.o(.text.Error_Handler)
    HAL_CAN_ErrorCallback                    0x08001971   Thumb Code     8  stm32f4xx_hal_can.o(.text.HAL_CAN_ErrorCallback)
    HAL_CAN_GetRxMessage                     0x08001979   Thumb Code   496  stm32f4xx_hal_can.o(.text.HAL_CAN_GetRxMessage)
    HAL_CAN_IRQHandler                       0x08001b69   Thumb Code  1010  stm32f4xx_hal_can.o(.text.HAL_CAN_IRQHandler)
    HAL_CAN_Init                             0x08001f5d   Thumb Code   478  stm32f4xx_hal_can.o(.text.HAL_CAN_Init)
    HAL_CAN_MspInit                          0x0800213d   Thumb Code   388  can.o(.text.HAL_CAN_MspInit)
    HAL_CAN_RxFifo0FullCallback              0x080022c1   Thumb Code     8  stm32f4xx_hal_can.o(.text.HAL_CAN_RxFifo0FullCallback)
    HAL_CAN_RxFifo0MsgPendingCallback        0x080022c9   Thumb Code   116  bsp_can.o(.text.HAL_CAN_RxFifo0MsgPendingCallback)
    HAL_CAN_RxFifo1FullCallback              0x0800233d   Thumb Code     8  stm32f4xx_hal_can.o(.text.HAL_CAN_RxFifo1FullCallback)
    HAL_CAN_RxFifo1MsgPendingCallback        0x08002345   Thumb Code     8  stm32f4xx_hal_can.o(.text.HAL_CAN_RxFifo1MsgPendingCallback)
    HAL_CAN_SleepCallback                    0x0800234d   Thumb Code     8  stm32f4xx_hal_can.o(.text.HAL_CAN_SleepCallback)
    HAL_CAN_TxMailbox0AbortCallback          0x08002355   Thumb Code     8  stm32f4xx_hal_can.o(.text.HAL_CAN_TxMailbox0AbortCallback)
    HAL_CAN_TxMailbox0CompleteCallback       0x0800235d   Thumb Code     8  stm32f4xx_hal_can.o(.text.HAL_CAN_TxMailbox0CompleteCallback)
    HAL_CAN_TxMailbox1AbortCallback          0x08002365   Thumb Code     8  stm32f4xx_hal_can.o(.text.HAL_CAN_TxMailbox1AbortCallback)
    HAL_CAN_TxMailbox1CompleteCallback       0x0800236d   Thumb Code     8  stm32f4xx_hal_can.o(.text.HAL_CAN_TxMailbox1CompleteCallback)
    HAL_CAN_TxMailbox2AbortCallback          0x08002375   Thumb Code     8  stm32f4xx_hal_can.o(.text.HAL_CAN_TxMailbox2AbortCallback)
    HAL_CAN_TxMailbox2CompleteCallback       0x0800237d   Thumb Code     8  stm32f4xx_hal_can.o(.text.HAL_CAN_TxMailbox2CompleteCallback)
    HAL_CAN_WakeUpFromRxMsgCallback          0x08002385   Thumb Code     8  stm32f4xx_hal_can.o(.text.HAL_CAN_WakeUpFromRxMsgCallback)
    HAL_DMA_Abort                            0x0800238d   Thumb Code   236  stm32f4xx_hal_dma.o(.text.HAL_DMA_Abort)
    HAL_DMA_Abort_IT                         0x08002479   Thumb Code    68  stm32f4xx_hal_dma.o(.text.HAL_DMA_Abort_IT)
    HAL_DMA_IRQHandler                       0x080024bd   Thumb Code   798  stm32f4xx_hal_dma.o(.text.HAL_DMA_IRQHandler)
    HAL_DMA_Init                             0x080027dd   Thumb Code   366  stm32f4xx_hal_dma.o(.text.HAL_DMA_Init)
    HAL_GPIO_Init                            0x0800294d   Thumb Code   950  stm32f4xx_hal_gpio.o(.text.HAL_GPIO_Init)
    HAL_GPIO_WritePin                        0x08002d05   Thumb Code    46  stm32f4xx_hal_gpio.o(.text.HAL_GPIO_WritePin)
    HAL_GetTick                              0x08002d35   Thumb Code    12  stm32f4xx_hal.o(.text.HAL_GetTick)
    HAL_IncTick                              0x08002d41   Thumb Code    26  stm32f4xx_hal.o(.text.HAL_IncTick)
    HAL_Init                                 0x08002d5d   Thumb Code    54  stm32f4xx_hal.o(.text.HAL_Init)
    HAL_InitTick                             0x08002d95   Thumb Code   236  stm32f4xx_hal_timebase_tim.o(.text.HAL_InitTick)
    HAL_MspInit                              0x08002e81   Thumb Code    88  stm32f4xx_hal_msp.o(.text.HAL_MspInit)
    HAL_NVIC_EnableIRQ                       0x08002ed9   Thumb Code    20  stm32f4xx_hal_cortex.o(.text.HAL_NVIC_EnableIRQ)
    HAL_NVIC_SetPriority                     0x08002eed   Thumb Code    50  stm32f4xx_hal_cortex.o(.text.HAL_NVIC_SetPriority)
    HAL_NVIC_SetPriorityGrouping             0x08002f21   Thumb Code    16  stm32f4xx_hal_cortex.o(.text.HAL_NVIC_SetPriorityGrouping)
    HAL_RCC_CSSCallback                      0x08002f31   Thumb Code     2  stm32f4xx_hal_rcc.o(.text.HAL_RCC_CSSCallback)
    HAL_RCC_ClockConfig                      0x08002f35   Thumb Code   610  stm32f4xx_hal_rcc.o(.text.HAL_RCC_ClockConfig)
    HAL_RCC_EnableCSS                        0x08003199   Thumb Code    12  stm32f4xx_hal_rcc.o(.text.HAL_RCC_EnableCSS)
    HAL_RCC_GetClockConfig                   0x080031a5   Thumb Code    84  stm32f4xx_hal_rcc.o(.text.HAL_RCC_GetClockConfig)
    HAL_RCC_GetHCLKFreq                      0x080031f9   Thumb Code    12  stm32f4xx_hal_rcc.o(.text.HAL_RCC_GetHCLKFreq)
    HAL_RCC_GetPCLK1Freq                     0x08003205   Thumb Code    34  stm32f4xx_hal_rcc.o(.text.HAL_RCC_GetPCLK1Freq)
    HAL_RCC_GetPCLK2Freq                     0x08003229   Thumb Code    34  stm32f4xx_hal_rcc.o(.text.HAL_RCC_GetPCLK2Freq)
    HAL_RCC_GetSysClockFreq                  0x0800324d   Thumb Code   230  stm32f4xx_hal_rcc.o(.text.HAL_RCC_GetSysClockFreq)
    HAL_RCC_NMI_IRQHandler                   0x08003335   Thumb Code    40  stm32f4xx_hal_rcc.o(.text.HAL_RCC_NMI_IRQHandler)
    HAL_RCC_OscConfig                        0x0800335d   Thumb Code  1726  stm32f4xx_hal_rcc.o(.text.HAL_RCC_OscConfig)
    HAL_SPI_Init                             0x08003a1d   Thumb Code   256  stm32f4xx_hal_spi.o(.text.HAL_SPI_Init)
    HAL_SPI_MspInit                          0x08003b1d   Thumb Code   228  spi.o(.text.HAL_SPI_MspInit)
    HAL_SPI_TransmitReceive                  0x08003c01   Thumb Code   870  stm32f4xx_hal_spi.o(.text.HAL_SPI_TransmitReceive)
    HAL_TIMEx_BreakCallback                  0x08003f69   Thumb Code     8  stm32f4xx_hal_tim_ex.o(.text.HAL_TIMEx_BreakCallback)
    HAL_TIMEx_CommutCallback                 0x08003f71   Thumb Code     8  stm32f4xx_hal_tim_ex.o(.text.HAL_TIMEx_CommutCallback)
    HAL_TIM_Base_Init                        0x08003f79   Thumb Code   156  stm32f4xx_hal_tim.o(.text.HAL_TIM_Base_Init)
    HAL_TIM_Base_MspInit                     0x08004015   Thumb Code    62  tim.o(.text.HAL_TIM_Base_MspInit)
    HAL_TIM_Base_Start_IT                    0x08004055   Thumb Code   246  stm32f4xx_hal_tim.o(.text.HAL_TIM_Base_Start_IT)
    HAL_TIM_IC_CaptureCallback               0x0800414d   Thumb Code     8  stm32f4xx_hal_tim.o(.text.HAL_TIM_IC_CaptureCallback)
    HAL_TIM_IRQHandler                       0x08004155   Thumb Code   634  stm32f4xx_hal_tim.o(.text.HAL_TIM_IRQHandler)
    HAL_TIM_MspPostInit                      0x080043d1   Thumb Code   108  tim.o(.text.HAL_TIM_MspPostInit)
    HAL_TIM_OC_DelayElapsedCallback          0x0800443d   Thumb Code     8  stm32f4xx_hal_tim.o(.text.HAL_TIM_OC_DelayElapsedCallback)
    HAL_TIM_PWM_ConfigChannel                0x08004445   Thumb Code   322  stm32f4xx_hal_tim.o(.text.HAL_TIM_PWM_ConfigChannel)
    HAL_TIM_PWM_Init                         0x08004589   Thumb Code   156  stm32f4xx_hal_tim.o(.text.HAL_TIM_PWM_Init)
    HAL_TIM_PWM_MspInit                      0x08004625   Thumb Code     8  stm32f4xx_hal_tim.o(.text.HAL_TIM_PWM_MspInit)
    HAL_TIM_PWM_PulseFinishedCallback        0x0800462d   Thumb Code     8  stm32f4xx_hal_tim.o(.text.HAL_TIM_PWM_PulseFinishedCallback)
    HAL_TIM_PWM_Start                        0x08004635   Thumb Code   458  stm32f4xx_hal_tim.o(.text.HAL_TIM_PWM_Start)
    HAL_TIM_PeriodElapsedCallback            0x08004801   Thumb Code    28  main.o(.text.HAL_TIM_PeriodElapsedCallback)
    HAL_TIM_TriggerCallback                  0x0800481d   Thumb Code     8  stm32f4xx_hal_tim.o(.text.HAL_TIM_TriggerCallback)
    HAL_UARTEx_RxEventCallback               0x08004825   Thumb Code    12  stm32f4xx_hal_uart.o(.text.HAL_UARTEx_RxEventCallback)
    HAL_UART_ErrorCallback                   0x08004831   Thumb Code     8  stm32f4xx_hal_uart.o(.text.HAL_UART_ErrorCallback)
    HAL_UART_IRQHandler                      0x08004839   Thumb Code  1054  stm32f4xx_hal_uart.o(.text.HAL_UART_IRQHandler)
    HAL_UART_Init                            0x08004c59   Thumb Code   154  stm32f4xx_hal_uart.o(.text.HAL_UART_Init)
    HAL_UART_MspInit                         0x08004cf5   Thumb Code   560  usart.o(.text.HAL_UART_MspInit)
    HAL_UART_RxCpltCallback                  0x08004f25   Thumb Code     8  stm32f4xx_hal_uart.o(.text.HAL_UART_RxCpltCallback)
    HAL_UART_TxCpltCallback                  0x08004f2d   Thumb Code     8  stm32f4xx_hal_uart.o(.text.HAL_UART_TxCpltCallback)
    HardFault_Handler                        0x08004f65   Thumb Code     4  stm32f4xx_it.o(.text.HardFault_Handler)
    Heat_Power_Control                       0x08004f69   Thumb Code    30  bsp_tim.o(.text.Heat_Power_Control)
    IMU_Task                                 0x08004f89   Thumb Code   444  imu_task.o(.text.IMU_Task)
    Kalman_Filter_Init                       0x080051f5   Thumb Code  1358  kalman.o(.text.Kalman_Filter_Init)
    Kalman_Filter_Update                     0x08005745   Thumb Code   212  kalman.o(.text.Kalman_Filter_Update)
    MX_CAN1_Init                             0x08005bc1   Thumb Code    78  can.o(.text.MX_CAN1_Init)
    MX_CAN2_Init                             0x08005c11   Thumb Code    78  can.o(.text.MX_CAN2_Init)
    MX_DMA_Init                              0x08005c61   Thumb Code    82  dma.o(.text.MX_DMA_Init)
    MX_FREERTOS_Init                         0x08005cb5   Thumb Code   134  freertos.o(.text.MX_FREERTOS_Init)
    MX_GPIO_Init                             0x08005d3d   Thumb Code   370  gpio.o(.text.MX_GPIO_Init)
    MX_SPI1_Init                             0x08005eb1   Thumb Code    80  spi.o(.text.MX_SPI1_Init)
    MX_TIM10_Init                            0x08005f01   Thumb Code   144  tim.o(.text.MX_TIM10_Init)
    MX_USART1_UART_Init                      0x08005f91   Thumb Code    64  usart.o(.text.MX_USART1_UART_Init)
    MX_USART6_UART_Init                      0x08005fd1   Thumb Code    64  usart.o(.text.MX_USART6_UART_Init)
    MemManage_Handler                        0x08006011   Thumb Code     4  stm32f4xx_it.o(.text.MemManage_Handler)
    NMI_Handler                              0x08006015   Thumb Code    10  stm32f4xx_it.o(.text.NMI_Handler)
    PID_Init                                 0x08006101   Thumb Code    84  pid.o(.text.PID_Init)
    PendSV_Handler                           0x080061c1   Thumb Code   100  port.o(.text.PendSV_Handler)
    QuatEKF_Init                             0x080067a5   Thumb Code   304  quaternion.o(.text.QuatEKF_Init)
    QuatEKF_Update                           0x080068d5   Thumb Code  1444  quaternion.o(.text.QuatEKF_Update)
    SVC_Handler                              0x08007491   Thumb Code    36  port.o(.text.SVC_Handler)
    SecondOrderLowpass_Init                  0x080074b5   Thumb Code    50  lpf.o(.text.SecondOrderLowpass_Init)
    SecondOrderLowpass_Update                0x080074e9   Thumb Code    82  lpf.o(.text.SecondOrderLowpass_Update)
    SysTick_Handler                          0x0800753d   Thumb Code    60  port.o(.text.SysTick_Handler)
    SystemClock_Config                       0x08007579   Thumb Code   192  main.o(.text.SystemClock_Config)
    SystemInit                               0x08007639   Thumb Code    18  system_stm32f4xx.o(.text.SystemInit)
    TIM2_IRQHandler                          0x0800764d   Thumb Code    16  stm32f4xx_it.o(.text.TIM2_IRQHandler)
    TIM_Base_SetConfig                       0x0800765d   Thumb Code   410  stm32f4xx_hal_tim.o(.text.TIM_Base_SetConfig)
    TIM_CCxChannelCmd                        0x080077f9   Thumb Code    54  stm32f4xx_hal_tim.o(.text.TIM_CCxChannelCmd)
    TIM_OC2_SetConfig                        0x0800791d   Thumb Code   244  stm32f4xx_hal_tim.o(.text.TIM_OC2_SetConfig)
    USART1_IRQHandler                        0x08007fb9   Thumb Code    16  stm32f4xx_it.o(.text.USART1_IRQHandler)
    USART6_IRQHandler                        0x08007fc9   Thumb Code    16  stm32f4xx_it.o(.text.USART6_IRQHandler)
    UsageFault_Handler                       0x08007fd9   Thumb Code     4  stm32f4xx_it.o(.text.UsageFault_Handler)
    f_PID_Calculate                          0x0800812d   Thumb Code   672  pid.o(.text.f_PID_Calculate)
    main                                     0x080083e1   Thumb Code    68  main.o(.text.main)
    osDelay                                  0x0800844d   Thumb Code    40  cmsis_os.o(.text.osDelay)
    osDelayUntil                             0x08008475   Thumb Code    48  cmsis_os.o(.text.osDelayUntil)
    osKernelStart                            0x080084a5   Thumb Code    10  cmsis_os.o(.text.osKernelStart)
    osKernelSysTick                          0x080084b1   Thumb Code    34  cmsis_os.o(.text.osKernelSysTick)
    osThreadCreate                           0x080084d5   Thumb Code   172  cmsis_os.o(.text.osThreadCreate)
    pvPortMalloc                             0x08008c6d   Thumb Code   492  heap_4.o(.text.pvPortMalloc)
    pxPortInitialiseStack                    0x08008e59   Thumb Code    94  port.o(.text.pxPortInitialiseStack)
    uxListRemove                             0x08008eb9   Thumb Code    72  list.o(.text.uxListRemove)
    vApplicationGetIdleTaskMemory            0x08008f01   Thumb Code    44  freertos.o(.text.vApplicationGetIdleTaskMemory)
    vListInitialise                          0x08008f2d   Thumb Code    46  list.o(.text.vListInitialise)
    vListInitialiseItem                      0x08008f5d   Thumb Code    14  list.o(.text.vListInitialiseItem)
    vListInsert                              0x08008f6d   Thumb Code   106  list.o(.text.vListInsert)
    vListInsertEnd                           0x08008fd9   Thumb Code    58  list.o(.text.vListInsertEnd)
    vPortEnterCritical                       0x08009029   Thumb Code    86  port.o(.text.vPortEnterCritical)
    vPortExitCritical                        0x08009081   Thumb Code    74  port.o(.text.vPortExitCritical)
    vPortFree                                0x080090cd   Thumb Code   206  heap_4.o(.text.vPortFree)
    vPortSetupTimerInterrupt                 0x0800919d   Thumb Code    68  port.o(.text.vPortSetupTimerInterrupt)
    vPortValidateInterruptPriority           0x080091e1   Thumb Code   132  port.o(.text.vPortValidateInterruptPriority)
    vTaskDelay                               0x08009265   Thumb Code   110  tasks.o(.text.vTaskDelay)
    vTaskDelayUntil                          0x080092d5   Thumb Code   276  tasks.o(.text.vTaskDelayUntil)
    vTaskStartScheduler                      0x080093e9   Thumb Code   206  tasks.o(.text.vTaskStartScheduler)
    vTaskSuspendAll                          0x080094b9   Thumb Code    16  tasks.o(.text.vTaskSuspendAll)
    vTaskSwitchContext                       0x080094c9   Thumb Code   190  tasks.o(.text.vTaskSwitchContext)
    xPortStartScheduler                      0x08009589   Thumb Code   342  port.o(.text.xPortStartScheduler)
    xTaskCreate                              0x080096e1   Thumb Code   158  tasks.o(.text.xTaskCreate)
    xTaskCreateStatic                        0x08009781   Thumb Code   206  tasks.o(.text.xTaskCreateStatic)
    xTaskGetTickCount                        0x08009851   Thumb Code    20  tasks.o(.text.xTaskGetTickCount)
    xTaskGetTickCountFromISR                 0x08009865   Thumb Code    30  tasks.o(.text.xTaskGetTickCountFromISR)
    xTaskIncrementTick                       0x08009885   Thumb Code   440  tasks.o(.text.xTaskIncrementTick)
    xTaskResumeAll                           0x08009a3d   Thumb Code   376  tasks.o(.text.xTaskResumeAll)
    __ARM_fpclassifyf                        0x08009bb5   Thumb Code    38  fpclassifyf.o(i.__ARM_fpclassifyf)
    __hardfp_acosf                           0x08009bdd   Thumb Code   234  acosf.o(i.__hardfp_acosf)
    __hardfp_asinf                           0x08009cf5   Thumb Code   258  asinf.o(i.__hardfp_asinf)
    __hardfp_atan2f                          0x08009e21   Thumb Code   594  atan2f.o(i.__hardfp_atan2f)
    __mathlib_flt_infnan                     0x0800a0cd   Thumb Code     6  funder.o(i.__mathlib_flt_infnan)
    __mathlib_flt_infnan2                    0x0800a0d3   Thumb Code     6  funder.o(i.__mathlib_flt_infnan2)
    __mathlib_flt_invalid                    0x0800a0d9   Thumb Code    10  funder.o(i.__mathlib_flt_invalid)
    __mathlib_flt_underflow                  0x0800a0e9   Thumb Code    10  funder.o(i.__mathlib_flt_underflow)
    sqrtf                                    0x0800a0f9   Thumb Code    62  sqrtf.o(i.sqrtf)
    _fp_init                                 0x0800a137   Thumb Code    22  fpinit.o(x$fpl$fpinit)
    __fplib_config_fpu_vfp                   0x0800a14b   Thumb Code     0  fpinit.o(x$fpl$fpinit)
    __fplib_config_pureend_doubles           0x0800a14b   Thumb Code     0  fpinit.o(x$fpl$fpinit)
    __I$use$fp                               0x0800a14c   Number         0  usenofp.o(x$fpl$usenofp)
    AHBPrescTable                            0x0800a184   Data          16  system_stm32f4xx.o(.rodata.AHBPrescTable)
    APBPrescTable                            0x0800a194   Data           8  system_stm32f4xx.o(.rodata.APBPrescTable)
    Region$$Table$$Base                      0x0800a1bc   Number         0  anon$$obj.o(Region$$Table)
    Region$$Table$$Limit                     0x0800a1dc   Number         0  anon$$obj.o(Region$$Table)
    Accel_Slpf_alpha                         0x20000014   Data          12  imu_task.o(.data.Accel_Slpf_alpha)
    SystemCoreClock                          0x20000174   Data           4  system_stm32f4xx.o(.data.SystemCoreClock)
    uwTickFreq                               0x20000178   Data           1  stm32f4xx_hal.o(.data.uwTickFreq)
    uwTickPrio                               0x2000017c   Data           4  stm32f4xx_hal.o(.data.uwTickPrio)
    __libspace_start                         0x20000188   Data          96  libspace.o(.bss)
    BMI088_Accel_Slpf                        0x200001e8   Data          60  imu_task.o(.bss.BMI088_Accel_Slpf)
    __temporary_stack_top$libspace           0x200001e8   Data           0  libspace.o(.bss)
    BMI088_Info                              0x20000224   Data          60  imu_task.o(.bss.BMI088_Info)
    DetectTaskHandle                         0x20000260   Data           4  freertos.o(.bss.DetectTaskHandle)
    HeatPower_PID                            0x20000268   Data          80  imu_task.o(.bss.HeatPower_PID)
    IMUTaskHandle                            0x200002b8   Data           4  freertos.o(.bss.IMUTaskHandle)
    IMU_Info                                 0x200002bc   Data          72  imu_task.o(.bss.IMU_Info)
    Quat_Info                                0x20000304   Data         428  imu_task.o(.bss.Quat_Info)
    hcan1                                    0x200004d4   Data          40  can.o(.bss.hcan1)
    hcan2                                    0x200004fc   Data          40  can.o(.bss.hcan2)
    hdma_usart6_rx                           0x20000524   Data          96  usart.o(.bss.hdma_usart6_rx)
    hdma_usart6_tx                           0x20000584   Data          96  usart.o(.bss.hdma_usart6_tx)
    hspi1                                    0x200005e4   Data          88  spi.o(.bss.hspi1)
    htim10                                   0x2000063c   Data          72  tim.o(.bss.htim10)
    htim2                                    0x20000684   Data          72  stm32f4xx_hal_timebase_tim.o(.bss.htim2)
    huart1                                   0x200006cc   Data          68  usart.o(.bss.huart1)
    huart6                                   0x20000710   Data          68  usart.o(.bss.huart6)
    pxCurrentTCB                             0x20000754   Data           4  tasks.o(.bss.pxCurrentTCB)
    uwTick                                   0x200043f8   Data           4  stm32f4xx_hal.o(.bss.uwTick)



==============================================================================

Memory Map of the image

  Image Entry point : 0x08000189

  Load Region LR_IROM1 (Base: 0x08000000, Size: 0x0000a368, Max: 0x00100000, ABSOLUTE, COMPRESSED[0x0000a250])

    Execution Region ER_IROM1 (Exec base: 0x08000000, Load base: 0x08000000, Size: 0x0000a1dc, Max: 0x00100000, ABSOLUTE)

    Exec Addr    Load Addr    Size         Type   Attr      Idx    E Section Name        Object

    0x08000000   0x08000000   0x00000188   Data   RO          392    RESET               startup_stm32f407xx.o
    0x08000188   0x08000188   0x00000008   Code   RO         2178  * !!!main             c_w.l(__main.o)
    0x08000190   0x08000190   0x0000005c   Code   RO         2493    !!!scatter          c_w.l(__scatter.o)
    0x080001ec   0x080001ec   0x0000005a   Code   RO         2491    !!dczerorl2         c_w.l(__dczerorl2.o)
    0x08000246   0x08000246   0x00000002   PAD
    0x08000248   0x08000248   0x00000002   Code   RO         2494    !!handler_null      c_w.l(__scatter.o)
    0x0800024a   0x0800024a   0x00000002   PAD
    0x0800024c   0x0800024c   0x0000001c   Code   RO         2497    !!handler_zi        c_w.l(__scatter_zi.o)
    0x08000268   0x08000268   0x00000002   Code   RO         2356    .ARM.Collect$$libinit$$00000000  c_w.l(libinit.o)
    0x0800026a   0x0800026a   0x00000004   Code   RO         2365    .ARM.Collect$$libinit$$00000001  c_w.l(libinit2.o)
    0x0800026e   0x0800026e   0x00000000   Code   RO         2368    .ARM.Collect$$libinit$$00000004  c_w.l(libinit2.o)
    0x0800026e   0x0800026e   0x00000000   Code   RO         2370    .ARM.Collect$$libinit$$00000006  c_w.l(libinit2.o)
    0x0800026e   0x0800026e   0x00000000   Code   RO         2373    .ARM.Collect$$libinit$$0000000C  c_w.l(libinit2.o)
    0x0800026e   0x0800026e   0x00000000   Code   RO         2375    .ARM.Collect$$libinit$$0000000E  c_w.l(libinit2.o)
    0x0800026e   0x0800026e   0x00000000   Code   RO         2377    .ARM.Collect$$libinit$$00000010  c_w.l(libinit2.o)
    0x0800026e   0x0800026e   0x00000000   Code   RO         2380    .ARM.Collect$$libinit$$00000013  c_w.l(libinit2.o)
    0x0800026e   0x0800026e   0x00000000   Code   RO         2382    .ARM.Collect$$libinit$$00000015  c_w.l(libinit2.o)
    0x0800026e   0x0800026e   0x00000000   Code   RO         2384    .ARM.Collect$$libinit$$00000017  c_w.l(libinit2.o)
    0x0800026e   0x0800026e   0x00000000   Code   RO         2386    .ARM.Collect$$libinit$$00000019  c_w.l(libinit2.o)
    0x0800026e   0x0800026e   0x00000000   Code   RO         2388    .ARM.Collect$$libinit$$0000001B  c_w.l(libinit2.o)
    0x0800026e   0x0800026e   0x00000000   Code   RO         2390    .ARM.Collect$$libinit$$0000001D  c_w.l(libinit2.o)
    0x0800026e   0x0800026e   0x00000000   Code   RO         2392    .ARM.Collect$$libinit$$0000001F  c_w.l(libinit2.o)
    0x0800026e   0x0800026e   0x00000000   Code   RO         2394    .ARM.Collect$$libinit$$00000021  c_w.l(libinit2.o)
    0x0800026e   0x0800026e   0x00000000   Code   RO         2396    .ARM.Collect$$libinit$$00000023  c_w.l(libinit2.o)
    0x0800026e   0x0800026e   0x00000000   Code   RO         2398    .ARM.Collect$$libinit$$00000025  c_w.l(libinit2.o)
    0x0800026e   0x0800026e   0x00000000   Code   RO         2400    .ARM.Collect$$libinit$$00000027  c_w.l(libinit2.o)
    0x0800026e   0x0800026e   0x00000000   Code   RO         2404    .ARM.Collect$$libinit$$0000002E  c_w.l(libinit2.o)
    0x0800026e   0x0800026e   0x00000000   Code   RO         2406    .ARM.Collect$$libinit$$00000030  c_w.l(libinit2.o)
    0x0800026e   0x0800026e   0x00000000   Code   RO         2408    .ARM.Collect$$libinit$$00000032  c_w.l(libinit2.o)
    0x0800026e   0x0800026e   0x00000000   Code   RO         2410    .ARM.Collect$$libinit$$00000034  c_w.l(libinit2.o)
    0x0800026e   0x0800026e   0x00000002   Code   RO         2411    .ARM.Collect$$libinit$$00000035  c_w.l(libinit2.o)
    0x08000270   0x08000270   0x00000002   Code   RO         2446    .ARM.Collect$$libshutdown$$00000000  c_w.l(libshutdown.o)
    0x08000272   0x08000272   0x00000000   Code   RO         2474    .ARM.Collect$$libshutdown$$00000002  c_w.l(libshutdown2.o)
    0x08000272   0x08000272   0x00000000   Code   RO         2476    .ARM.Collect$$libshutdown$$00000004  c_w.l(libshutdown2.o)
    0x08000272   0x08000272   0x00000000   Code   RO         2479    .ARM.Collect$$libshutdown$$00000007  c_w.l(libshutdown2.o)
    0x08000272   0x08000272   0x00000000   Code   RO         2482    .ARM.Collect$$libshutdown$$0000000A  c_w.l(libshutdown2.o)
    0x08000272   0x08000272   0x00000000   Code   RO         2484    .ARM.Collect$$libshutdown$$0000000C  c_w.l(libshutdown2.o)
    0x08000272   0x08000272   0x00000000   Code   RO         2487    .ARM.Collect$$libshutdown$$0000000F  c_w.l(libshutdown2.o)
    0x08000272   0x08000272   0x00000002   Code   RO         2488    .ARM.Collect$$libshutdown$$00000010  c_w.l(libshutdown2.o)
    0x08000274   0x08000274   0x00000000   Code   RO         2218    .ARM.Collect$$rtentry$$00000000  c_w.l(__rtentry.o)
    0x08000274   0x08000274   0x00000000   Code   RO         2297    .ARM.Collect$$rtentry$$00000002  c_w.l(__rtentry2.o)
    0x08000274   0x08000274   0x00000006   Code   RO         2309    .ARM.Collect$$rtentry$$00000004  c_w.l(__rtentry4.o)
    0x0800027a   0x0800027a   0x00000000   Code   RO         2299    .ARM.Collect$$rtentry$$00000009  c_w.l(__rtentry2.o)
    0x0800027a   0x0800027a   0x00000004   Code   RO         2300    .ARM.Collect$$rtentry$$0000000A  c_w.l(__rtentry2.o)
    0x0800027e   0x0800027e   0x00000000   Code   RO         2302    .ARM.Collect$$rtentry$$0000000C  c_w.l(__rtentry2.o)
    0x0800027e   0x0800027e   0x00000008   Code   RO         2303    .ARM.Collect$$rtentry$$0000000D  c_w.l(__rtentry2.o)
    0x08000286   0x08000286   0x00000002   Code   RO         2357    .ARM.Collect$$rtexit$$00000000  c_w.l(rtexit.o)
    0x08000288   0x08000288   0x00000000   Code   RO         2417    .ARM.Collect$$rtexit$$00000002  c_w.l(rtexit2.o)
    0x08000288   0x08000288   0x00000004   Code   RO         2418    .ARM.Collect$$rtexit$$00000003  c_w.l(rtexit2.o)
    0x0800028c   0x0800028c   0x00000006   Code   RO         2419    .ARM.Collect$$rtexit$$00000004  c_w.l(rtexit2.o)
    0x08000292   0x08000292   0x00000002   PAD
    0x08000294   0x08000294   0x00000040   Code   RO          393    .text               startup_stm32f407xx.o
    0x080002d4   0x080002d4   0x00000108   Code   RO         1998    .text               arm_cortexM4lf_math.lib(arm_mat_add_f32.o)
    0x080003dc   0x080003dc   0x00000008   Code   RO         2045    .text               arm_cortexM4lf_math.lib(arm_mat_init_f32.o)
    0x080003e4   0x080003e4   0x00000530   Code   RO         2069    .text               arm_cortexM4lf_math.lib(arm_mat_inverse_f32.o)
    0x08000914   0x08000914   0x0000013c   Code   RO         2093    .text               arm_cortexM4lf_math.lib(arm_mat_mult_f32.o)
    0x08000a50   0x08000a50   0x00000108   Code   RO         2117    .text               arm_cortexM4lf_math.lib(arm_mat_sub_f32.o)
    0x08000b58   0x08000b58   0x00000114   Code   RO         2141    .text               arm_cortexM4lf_math.lib(arm_mat_trans_f32.o)
    0x08000c6c   0x08000c6c   0x000000f0   Code   RO         2164    .text               c_w.l(lludivv7m.o)
    0x08000d5c   0x08000d5c   0x00000064   Code   RO         2168    .text               c_w.l(rt_memcpy_w.o)
    0x08000dc0   0x08000dc0   0x00000010   Code   RO         2172    .text               c_w.l(aeabi_memset4.o)
    0x08000dd0   0x08000dd0   0x0000004e   Code   RO         2174    .text               c_w.l(rt_memclr_w.o)
    0x08000e1e   0x08000e1e   0x00000006   Code   RO         2176    .text               c_w.l(heapauxi.o)
    0x08000e24   0x08000e24   0x00000016   Code   RO         2223    .text               c_w.l(_rserrno.o)
    0x08000e3a   0x08000e3a   0x00000002   PAD
    0x08000e3c   0x08000e3c   0x00000008   Code   RO         2316    .text               c_w.l(rt_errno_addr_intlibspace.o)
    0x08000e44   0x08000e44   0x00000008   Code   RO         2340    .text               c_w.l(libspace.o)
    0x08000e4c   0x08000e4c   0x0000004a   Code   RO         2343    .text               c_w.l(sys_stackheap_outer.o)
    0x08000e96   0x08000e96   0x00000012   Code   RO         2345    .text               c_w.l(exit.o)
    0x08000ea8   0x08000ea8   0x0000000c   Code   RO         2412    .text               c_w.l(sys_exit.o)
    0x08000eb4   0x08000eb4   0x00000002   Code   RO         2435    .text               c_w.l(use_no_semi.o)
    0x08000eb6   0x08000eb6   0x00000000   Code   RO         2437    .text               c_w.l(indicate_semi.o)
    0x08000eb6   0x08000eb6   0x00000002   PAD
    0x08000eb8   0x08000eb8   0x00000012   Code   RO          148    .text.BMI088_ACCEL_NS_H  bmi088.o
    0x08000eca   0x08000eca   0x00000002   PAD
    0x08000ecc   0x08000ecc   0x00000012   Code   RO          142    .text.BMI088_ACCEL_NS_L  bmi088.o
    0x08000ede   0x08000ede   0x00000002   PAD
    0x08000ee0   0x08000ee0   0x0000018a   Code   RO          134    .text.BMI088_Accel_Init  bmi088.o
    0x0800106a   0x0800106a   0x00000002   PAD
    0x0800106c   0x0800106c   0x00000014   Code   RO          152    .text.BMI088_GYRO_NS_H  bmi088.o
    0x08001080   0x08001080   0x00000014   Code   RO          150    .text.BMI088_GYRO_NS_L  bmi088.o
    0x08001094   0x08001094   0x00000142   Code   RO          136    .text.BMI088_Gyro_Init  bmi088.o
    0x080011d6   0x080011d6   0x00000002   PAD
    0x080011d8   0x080011d8   0x000000a0   Code   RO            6    .text.BMI088_HeatPower_Control  imu_task.o
    0x08001278   0x08001278   0x000001f2   Code   RO          138    .text.BMI088_Info_Update  bmi088.o
    0x0800146a   0x0800146a   0x00000002   PAD
    0x0800146c   0x0800146c   0x00000048   Code   RO          132    .text.BMI088_Init   bmi088.o
    0x080014b4   0x080014b4   0x00000180   Code   RO          140    .text.BMI088_Offset_Update  bmi088.o
    0x08001634   0x08001634   0x00000044   Code   RO          146    .text.BMI088_Read_Multi_Reg  bmi088.o
    0x08001678   0x08001678   0x00000024   Code   RO          156    .text.BMI088_Read_Single_Reg  bmi088.o
    0x0800169c   0x0800169c   0x00000034   Code   RO          144    .text.BMI088_Read_Write_Byte  bmi088.o
    0x080016d0   0x080016d0   0x00000020   Code   RO          154    .text.BMI088_Write_Single_Reg  bmi088.o
    0x080016f0   0x080016f0   0x00000012   Code   RO           83    .text.BSP_PWM_Init  bsp_tim.o
    0x08001702   0x08001702   0x00000002   PAD
    0x08001704   0x08001704   0x00000004   Code   RO          328    .text.BusFault_Handler  stm32f4xx_it.o
    0x08001708   0x08001708   0x00000010   Code   RO          334    .text.CAN1_RX0_IRQHandler  stm32f4xx_it.o
    0x08001718   0x08001718   0x0000000a   Code   RO          117    .text.CAN1_RxFifo0RxHandler  bsp_can.o
    0x08001722   0x08001722   0x00000002   PAD
    0x08001724   0x08001724   0x00000010   Code   RO          342    .text.CAN2_RX0_IRQHandler  stm32f4xx_it.o
    0x08001734   0x08001734   0x0000000a   Code   RO          119    .text.CAN2_RxFifo0RxHandler  bsp_can.o
    0x0800173e   0x0800173e   0x00000002   PAD
    0x08001740   0x08001740   0x00000010   Code   RO          340    .text.DMA2_Stream2_IRQHandler  stm32f4xx_it.o
    0x08001750   0x08001750   0x00000010   Code   RO          344    .text.DMA2_Stream6_IRQHandler  stm32f4xx_it.o
    0x08001760   0x08001760   0x00000056   Code   RO         1160    .text.DMA_CalcBaseAndBitshift  stm32f4xx_hal_dma.o
    0x080017b6   0x080017b6   0x00000002   PAD
    0x080017b8   0x080017b8   0x000000f0   Code   RO         1158    .text.DMA_CheckFifoParam  stm32f4xx_hal_dma.o
    0x080018a8   0x080018a8   0x00000002   Code   RO          332    .text.DebugMon_Handler  stm32f4xx_it.o
    0x080018aa   0x080018aa   0x00000002   PAD
    0x080018ac   0x080018ac   0x00000024   Code   RO          100    .text.Delay_ms      bsp_timebase.o
    0x080018d0   0x080018d0   0x00000024   Code   RO           96    .text.Delay_us      bsp_timebase.o
    0x080018f4   0x080018f4   0x00000010   Code   RO          229    .text.Detect_Task   freertos.o
    0x08001904   0x08001904   0x0000000e   Code   RO          205    .text.Error_Handler  main.o
    0x08001912   0x08001912   0x00000002   PAD
    0x08001914   0x08001914   0x0000005a   Code   RO           57    .text.Fast_InverseSqrt  quaternion.o
    0x0800196e   0x0800196e   0x00000002   PAD
    0x08001970   0x08001970   0x00000008   Code   RO          967    .text.HAL_CAN_ErrorCallback  stm32f4xx_hal_can.o
    0x08001978   0x08001978   0x000001f0   Code   RO          933    .text.HAL_CAN_GetRxMessage  stm32f4xx_hal_can.o
    0x08001b68   0x08001b68   0x000003f2   Code   RO          941    .text.HAL_CAN_IRQHandler  stm32f4xx_hal_can.o
    0x08001f5a   0x08001f5a   0x00000002   PAD
    0x08001f5c   0x08001f5c   0x000001de   Code   RO          903    .text.HAL_CAN_Init  stm32f4xx_hal_can.o
    0x0800213a   0x0800213a   0x00000002   PAD
    0x0800213c   0x0800213c   0x00000184   Code   RO          251    .text.HAL_CAN_MspInit  can.o
    0x080022c0   0x080022c0   0x00000008   Code   RO          955    .text.HAL_CAN_RxFifo0FullCallback  stm32f4xx_hal_can.o
    0x080022c8   0x080022c8   0x00000074   Code   RO          115    .text.HAL_CAN_RxFifo0MsgPendingCallback  bsp_can.o
    0x0800233c   0x0800233c   0x00000008   Code   RO          959    .text.HAL_CAN_RxFifo1FullCallback  stm32f4xx_hal_can.o
    0x08002344   0x08002344   0x00000008   Code   RO          961    .text.HAL_CAN_RxFifo1MsgPendingCallback  stm32f4xx_hal_can.o
    0x0800234c   0x0800234c   0x00000008   Code   RO          963    .text.HAL_CAN_SleepCallback  stm32f4xx_hal_can.o
    0x08002354   0x08002354   0x00000008   Code   RO          945    .text.HAL_CAN_TxMailbox0AbortCallback  stm32f4xx_hal_can.o
    0x0800235c   0x0800235c   0x00000008   Code   RO          943    .text.HAL_CAN_TxMailbox0CompleteCallback  stm32f4xx_hal_can.o
    0x08002364   0x08002364   0x00000008   Code   RO          949    .text.HAL_CAN_TxMailbox1AbortCallback  stm32f4xx_hal_can.o
    0x0800236c   0x0800236c   0x00000008   Code   RO          947    .text.HAL_CAN_TxMailbox1CompleteCallback  stm32f4xx_hal_can.o
    0x08002374   0x08002374   0x00000008   Code   RO          953    .text.HAL_CAN_TxMailbox2AbortCallback  stm32f4xx_hal_can.o
    0x0800237c   0x0800237c   0x00000008   Code   RO          951    .text.HAL_CAN_TxMailbox2CompleteCallback  stm32f4xx_hal_can.o
    0x08002384   0x08002384   0x00000008   Code   RO          965    .text.HAL_CAN_WakeUpFromRxMsgCallback  stm32f4xx_hal_can.o
    0x0800238c   0x0800238c   0x000000ec   Code   RO         1170    .text.HAL_DMA_Abort  stm32f4xx_hal_dma.o
    0x08002478   0x08002478   0x00000044   Code   RO         1172    .text.HAL_DMA_Abort_IT  stm32f4xx_hal_dma.o
    0x080024bc   0x080024bc   0x0000031e   Code   RO         1176    .text.HAL_DMA_IRQHandler  stm32f4xx_hal_dma.o
    0x080027da   0x080027da   0x00000002   PAD
    0x080027dc   0x080027dc   0x0000016e   Code   RO         1156    .text.HAL_DMA_Init  stm32f4xx_hal_dma.o
    0x0800294a   0x0800294a   0x00000002   PAD
    0x0800294c   0x0800294c   0x000003b6   Code   RO         1118    .text.HAL_GPIO_Init  stm32f4xx_hal_gpio.o
    0x08002d02   0x08002d02   0x00000002   PAD
    0x08002d04   0x08002d04   0x0000002e   Code   RO         1124    .text.HAL_GPIO_WritePin  stm32f4xx_hal_gpio.o
    0x08002d32   0x08002d32   0x00000002   PAD
    0x08002d34   0x08002d34   0x0000000c   Code   RO         1337    .text.HAL_GetTick   stm32f4xx_hal.o
    0x08002d40   0x08002d40   0x0000001a   Code   RO         1335    .text.HAL_IncTick   stm32f4xx_hal.o
    0x08002d5a   0x08002d5a   0x00000002   PAD
    0x08002d5c   0x08002d5c   0x00000036   Code   RO         1325    .text.HAL_Init      stm32f4xx_hal.o
    0x08002d92   0x08002d92   0x00000002   PAD
    0x08002d94   0x08002d94   0x000000ec   Code   RO          363    .text.HAL_InitTick  stm32f4xx_hal_timebase_tim.o
    0x08002e80   0x08002e80   0x00000058   Code   RO          355    .text.HAL_MspInit   stm32f4xx_hal_msp.o
    0x08002ed8   0x08002ed8   0x00000014   Code   RO         1266    .text.HAL_NVIC_EnableIRQ  stm32f4xx_hal_cortex.o
    0x08002eec   0x08002eec   0x00000032   Code   RO         1258    .text.HAL_NVIC_SetPriority  stm32f4xx_hal_cortex.o
    0x08002f1e   0x08002f1e   0x00000002   PAD
    0x08002f20   0x08002f20   0x00000010   Code   RO         1254    .text.HAL_NVIC_SetPriorityGrouping  stm32f4xx_hal_cortex.o
    0x08002f30   0x08002f30   0x00000002   Code   RO         1008    .text.HAL_RCC_CSSCallback  stm32f4xx_hal_rcc.o
    0x08002f32   0x08002f32   0x00000002   PAD
    0x08002f34   0x08002f34   0x00000262   Code   RO          986    .text.HAL_RCC_ClockConfig  stm32f4xx_hal_rcc.o
    0x08003196   0x08003196   0x00000002   PAD
    0x08003198   0x08003198   0x0000000c   Code   RO          992    .text.HAL_RCC_EnableCSS  stm32f4xx_hal_rcc.o
    0x080031a4   0x080031a4   0x00000054   Code   RO         1004    .text.HAL_RCC_GetClockConfig  stm32f4xx_hal_rcc.o
    0x080031f8   0x080031f8   0x0000000c   Code   RO          996    .text.HAL_RCC_GetHCLKFreq  stm32f4xx_hal_rcc.o
    0x08003204   0x08003204   0x00000022   Code   RO          998    .text.HAL_RCC_GetPCLK1Freq  stm32f4xx_hal_rcc.o
    0x08003226   0x08003226   0x00000002   PAD
    0x08003228   0x08003228   0x00000022   Code   RO         1000    .text.HAL_RCC_GetPCLK2Freq  stm32f4xx_hal_rcc.o
    0x0800324a   0x0800324a   0x00000002   PAD
    0x0800324c   0x0800324c   0x000000e6   Code   RO          988    .text.HAL_RCC_GetSysClockFreq  stm32f4xx_hal_rcc.o
    0x08003332   0x08003332   0x00000002   PAD
    0x08003334   0x08003334   0x00000028   Code   RO         1006    .text.HAL_RCC_NMI_IRQHandler  stm32f4xx_hal_rcc.o
    0x0800335c   0x0800335c   0x000006be   Code   RO          984    .text.HAL_RCC_OscConfig  stm32f4xx_hal_rcc.o
    0x08003a1a   0x08003a1a   0x00000002   PAD
    0x08003a1c   0x08003a1c   0x00000100   Code   RO         1414    .text.HAL_SPI_Init  stm32f4xx_hal_spi.o
    0x08003b1c   0x08003b1c   0x000000e4   Code   RO          275    .text.HAL_SPI_MspInit  spi.o
    0x08003c00   0x08003c00   0x00000366   Code   RO         1428    .text.HAL_SPI_TransmitReceive  stm32f4xx_hal_spi.o
    0x08003f66   0x08003f66   0x00000002   PAD
    0x08003f68   0x08003f68   0x00000008   Code   RO         1854    .text.HAL_TIMEx_BreakCallback  stm32f4xx_hal_tim_ex.o
    0x08003f70   0x08003f70   0x00000008   Code   RO         1850    .text.HAL_TIMEx_CommutCallback  stm32f4xx_hal_tim_ex.o
    0x08003f78   0x08003f78   0x0000009c   Code   RO         1531    .text.HAL_TIM_Base_Init  stm32f4xx_hal_tim.o
    0x08004014   0x08004014   0x0000003e   Code   RO          291    .text.HAL_TIM_Base_MspInit  tim.o
    0x08004052   0x08004052   0x00000002   PAD
    0x08004054   0x08004054   0x000000f6   Code   RO         1545    .text.HAL_TIM_Base_Start_IT  stm32f4xx_hal_tim.o
    0x0800414a   0x0800414a   0x00000002   PAD
    0x0800414c   0x0800414c   0x00000008   Code   RO         1667    .text.HAL_TIM_IC_CaptureCallback  stm32f4xx_hal_tim.o
    0x08004154   0x08004154   0x0000027a   Code   RO         1665    .text.HAL_TIM_IRQHandler  stm32f4xx_hal_tim.o
    0x080043ce   0x080043ce   0x00000002   PAD
    0x080043d0   0x080043d0   0x0000006c   Code   RO          289    .text.HAL_TIM_MspPostInit  tim.o
    0x0800443c   0x0800443c   0x00000008   Code   RO         1669    .text.HAL_TIM_OC_DelayElapsedCallback  stm32f4xx_hal_tim.o
    0x08004444   0x08004444   0x00000142   Code   RO         1697    .text.HAL_TIM_PWM_ConfigChannel  stm32f4xx_hal_tim.o
    0x08004586   0x08004586   0x00000002   PAD
    0x08004588   0x08004588   0x0000009c   Code   RO         1585    .text.HAL_TIM_PWM_Init  stm32f4xx_hal_tim.o
    0x08004624   0x08004624   0x00000008   Code   RO         1587    .text.HAL_TIM_PWM_MspInit  stm32f4xx_hal_tim.o
    0x0800462c   0x0800462c   0x00000008   Code   RO         1671    .text.HAL_TIM_PWM_PulseFinishedCallback  stm32f4xx_hal_tim.o
    0x08004634   0x08004634   0x000001ca   Code   RO         1593    .text.HAL_TIM_PWM_Start  stm32f4xx_hal_tim.o
    0x080047fe   0x080047fe   0x00000002   PAD
    0x08004800   0x08004800   0x0000001c   Code   RO          207    .text.HAL_TIM_PeriodElapsedCallback  main.o
    0x0800481c   0x0800481c   0x00000008   Code   RO         1675    .text.HAL_TIM_TriggerCallback  stm32f4xx_hal_tim.o
    0x08004824   0x08004824   0x0000000c   Code   RO         1957    .text.HAL_UARTEx_RxEventCallback  stm32f4xx_hal_uart.o
    0x08004830   0x08004830   0x00000008   Code   RO         1955    .text.HAL_UART_ErrorCallback  stm32f4xx_hal_uart.o
    0x08004838   0x08004838   0x0000041e   Code   RO         1949    .text.HAL_UART_IRQHandler  stm32f4xx_hal_uart.o
    0x08004c56   0x08004c56   0x00000002   PAD
    0x08004c58   0x08004c58   0x0000009a   Code   RO         1867    .text.HAL_UART_Init  stm32f4xx_hal_uart.o
    0x08004cf2   0x08004cf2   0x00000002   PAD
    0x08004cf4   0x08004cf4   0x00000230   Code   RO          307    .text.HAL_UART_MspInit  usart.o
    0x08004f24   0x08004f24   0x00000008   Code   RO         1967    .text.HAL_UART_RxCpltCallback  stm32f4xx_hal_uart.o
    0x08004f2c   0x08004f2c   0x00000008   Code   RO         1963    .text.HAL_UART_TxCpltCallback  stm32f4xx_hal_uart.o
    0x08004f34   0x08004f34   0x00000030   Code   RO           98    .text.HAL_usTick    bsp_timebase.o
    0x08004f64   0x08004f64   0x00000004   Code   RO          324    .text.HardFault_Handler  stm32f4xx_it.o
    0x08004f68   0x08004f68   0x0000001e   Code   RO           85    .text.Heat_Power_Control  bsp_tim.o
    0x08004f86   0x08004f86   0x00000002   PAD
    0x08004f88   0x08004f88   0x000001d0   Code   RO            2    .text.IMU_Task      imu_task.o
    0x08005158   0x08005158   0x0000009c   Code   RO            4    .text.IMU_Task_Init  imu_task.o
    0x080051f4   0x080051f4   0x0000054e   Code   RO           24    .text.Kalman_Filter_Init  kalman.o
    0x08005742   0x08005742   0x00000002   PAD
    0x08005744   0x08005744   0x000000d4   Code   RO           26    .text.Kalman_Filter_Update  kalman.o
    0x08005818   0x08005818   0x00000048   Code   RO           28    .text.Kalman_Input_Update  kalman.o
    0x08005860   0x08005860   0x000000fe   Code   RO           34    .text.Kalman_K_Update  kalman.o
    0x0800595e   0x0800595e   0x00000002   PAD
    0x08005960   0x08005960   0x00000086   Code   RO           38    .text.Kalman_P_Update  kalman.o
    0x080059e6   0x080059e6   0x00000002   PAD
    0x080059e8   0x080059e8   0x00000084   Code   RO           32    .text.Kalman_Pminus_Update  kalman.o
    0x08005a6c   0x08005a6c   0x000000b0   Code   RO           36    .text.Kalman_xhat_Update  kalman.o
    0x08005b1c   0x08005b1c   0x000000a2   Code   RO           30    .text.Kalman_xhatminus_Update  kalman.o
    0x08005bbe   0x08005bbe   0x00000002   PAD
    0x08005bc0   0x08005bc0   0x0000004e   Code   RO          247    .text.MX_CAN1_Init  can.o
    0x08005c0e   0x08005c0e   0x00000002   PAD
    0x08005c10   0x08005c10   0x0000004e   Code   RO          249    .text.MX_CAN2_Init  can.o
    0x08005c5e   0x08005c5e   0x00000002   PAD
    0x08005c60   0x08005c60   0x00000052   Code   RO          265    .text.MX_DMA_Init   dma.o
    0x08005cb2   0x08005cb2   0x00000002   PAD
    0x08005cb4   0x08005cb4   0x00000086   Code   RO          227    .text.MX_FREERTOS_Init  freertos.o
    0x08005d3a   0x08005d3a   0x00000002   PAD
    0x08005d3c   0x08005d3c   0x00000172   Code   RO          217    .text.MX_GPIO_Init  gpio.o
    0x08005eae   0x08005eae   0x00000002   PAD
    0x08005eb0   0x08005eb0   0x00000050   Code   RO          273    .text.MX_SPI1_Init  spi.o
    0x08005f00   0x08005f00   0x00000090   Code   RO          287    .text.MX_TIM10_Init  tim.o
    0x08005f90   0x08005f90   0x00000040   Code   RO          303    .text.MX_USART1_UART_Init  usart.o
    0x08005fd0   0x08005fd0   0x00000040   Code   RO          305    .text.MX_USART6_UART_Init  usart.o
    0x08006010   0x08006010   0x00000004   Code   RO          326    .text.MemManage_Handler  stm32f4xx_it.o
    0x08006014   0x08006014   0x0000000a   Code   RO          322    .text.NMI_Handler   stm32f4xx_it.o
    0x0800601e   0x0800601e   0x00000002   PAD
    0x08006020   0x08006020   0x0000006c   Code   RO         1264    .text.NVIC_EncodePriority  stm32f4xx_hal_cortex.o
    0x0800608c   0x0800608c   0x0000002a   Code   RO          182    .text.PID_Clear     pid.o
    0x080060b6   0x080060b6   0x00000002   PAD
    0x080060b8   0x080060b8   0x00000046   Code   RO          188    .text.PID_ErrorHandle  pid.o
    0x080060fe   0x080060fe   0x00000002   PAD
    0x08006100   0x08006100   0x00000054   Code   RO          180    .text.PID_Init      pid.o
    0x08006154   0x08006154   0x00000060   Code   RO          184    .text.PID_Param_Init  pid.o
    0x080061b4   0x080061b4   0x0000000c   PAD
    0x080061c0   0x080061c0   0x00000064   Code   RO          887    .text.PendSV_Handler  port.o
    0x08006224   0x08006224   0x00000288   Code   RO           49    .text.QuatEKF_A_Update  quaternion.o
    0x080064ac   0x080064ac   0x000001cc   Code   RO           59    .text.QuatEKF_ChiSqrtTest  quaternion.o
    0x08006678   0x08006678   0x0000012a   Code   RO           51    .text.QuatEKF_H_Update  quaternion.o
    0x080067a2   0x080067a2   0x00000002   PAD
    0x080067a4   0x080067a4   0x00000130   Code   RO           47    .text.QuatEKF_Init  quaternion.o
    0x080068d4   0x080068d4   0x000005b0   Code   RO           55    .text.QuatEKF_Update  quaternion.o
    0x08006e84   0x08006e84   0x00000434   Code   RO           53    .text.QuatEKF_xhat_Update  quaternion.o
    0x080072b8   0x080072b8   0x000000a4   Code   RO         1424    .text.SPI_EndRxTxTransaction  stm32f4xx_hal_spi.o
    0x0800735c   0x0800735c   0x0000012a   Code   RO         1522    .text.SPI_WaitFlagStateUntilTimeout  stm32f4xx_hal_spi.o
    0x08007486   0x08007486   0x0000000a   PAD
    0x08007490   0x08007490   0x00000024   Code   RO          871    .text.SVC_Handler   port.o
    0x080074b4   0x080074b4   0x00000032   Code   RO           72    .text.SecondOrderLowpass_Init  lpf.o
    0x080074e6   0x080074e6   0x00000002   PAD
    0x080074e8   0x080074e8   0x00000052   Code   RO           74    .text.SecondOrderLowpass_Update  lpf.o
    0x0800753a   0x0800753a   0x00000002   PAD
    0x0800753c   0x0800753c   0x0000003c   Code   RO          889    .text.SysTick_Handler  port.o
    0x08007578   0x08007578   0x000000c0   Code   RO          203    .text.SystemClock_Config  main.o
    0x08007638   0x08007638   0x00000012   Code   RO          377    .text.SystemInit    system_stm32f4xx.o
    0x0800764a   0x0800764a   0x00000002   PAD
    0x0800764c   0x0800764c   0x00000010   Code   RO          336    .text.TIM2_IRQHandler  stm32f4xx_it.o
    0x0800765c   0x0800765c   0x0000019a   Code   RO         1535    .text.TIM_Base_SetConfig  stm32f4xx_hal_tim.o
    0x080077f6   0x080077f6   0x00000002   PAD
    0x080077f8   0x080077f8   0x00000036   Code   RO         1569    .text.TIM_CCxChannelCmd  stm32f4xx_hal_tim.o
    0x0800782e   0x0800782e   0x00000002   PAD
    0x08007830   0x08007830   0x000000ea   Code   RO         1679    .text.TIM_OC1_SetConfig  stm32f4xx_hal_tim.o
    0x0800791a   0x0800791a   0x00000002   PAD
    0x0800791c   0x0800791c   0x000000f4   Code   RO         1681    .text.TIM_OC2_SetConfig  stm32f4xx_hal_tim.o
    0x08007a10   0x08007a10   0x000000f2   Code   RO         1683    .text.TIM_OC3_SetConfig  stm32f4xx_hal_tim.o
    0x08007b02   0x08007b02   0x00000002   PAD
    0x08007b04   0x08007b04   0x000000a4   Code   RO         1685    .text.TIM_OC4_SetConfig  stm32f4xx_hal_tim.o
    0x08007ba8   0x08007ba8   0x00000020   Code   RO         1953    .text.UART_DMAAbortOnError  stm32f4xx_hal_uart.o
    0x08007bc8   0x08007bc8   0x00000094   Code   RO         1915    .text.UART_EndRxTransfer  stm32f4xx_hal_uart.o
    0x08007c5c   0x08007c5c   0x00000026   Code   RO         1961    .text.UART_EndTransmit_IT  stm32f4xx_hal_uart.o
    0x08007c82   0x08007c82   0x00000002   PAD
    0x08007c84   0x08007c84   0x00000164   Code   RO         1951    .text.UART_Receive_IT  stm32f4xx_hal_uart.o
    0x08007de8   0x08007de8   0x0000013a   Code   RO         1871    .text.UART_SetConfig  stm32f4xx_hal_uart.o
    0x08007f22   0x08007f22   0x00000002   PAD
    0x08007f24   0x08007f24   0x00000094   Code   RO         1959    .text.UART_Transmit_IT  stm32f4xx_hal_uart.o
    0x08007fb8   0x08007fb8   0x00000010   Code   RO          338    .text.USART1_IRQHandler  stm32f4xx_it.o
    0x08007fc8   0x08007fc8   0x00000010   Code   RO          346    .text.USART6_IRQHandler  stm32f4xx_it.o
    0x08007fd8   0x08007fd8   0x00000004   Code   RO          330    .text.UsageFault_Handler  stm32f4xx_it.o
    0x08007fdc   0x08007fdc   0x0000005c   Code   RO           87    .text.User_Tim_SetCompare  bsp_tim.o
    0x08008038   0x08008038   0x0000001c   Code   RO          192    .text.__ARM_isinff  pid.o
    0x08008054   0x08008054   0x00000018   Code   RO          190    .text.__ARM_isnanf  pid.o
    0x0800806c   0x0800806c   0x00000030   Code   RO         1268    .text.__NVIC_EnableIRQ  stm32f4xx_hal_cortex.o
    0x0800809c   0x0800809c   0x00000010   Code   RO         1260    .text.__NVIC_GetPriorityGrouping  stm32f4xx_hal_cortex.o
    0x080080ac   0x080080ac   0x00000042   Code   RO         1262    .text.__NVIC_SetPriority  stm32f4xx_hal_cortex.o
    0x080080ee   0x080080ee   0x00000002   PAD
    0x080080f0   0x080080f0   0x0000003c   Code   RO         1256    .text.__NVIC_SetPriorityGrouping  stm32f4xx_hal_cortex.o
    0x0800812c   0x0800812c   0x000002a0   Code   RO          186    .text.f_PID_Calculate  pid.o
    0x080083cc   0x080083cc   0x00000014   Code   RO          718    .text.inHandlerMode  cmsis_os.o
    0x080083e0   0x080083e0   0x00000044   Code   RO          201    .text.main          main.o
    0x08008424   0x08008424   0x00000028   Code   RO          722    .text.makeFreeRtosPriority  cmsis_os.o
    0x0800844c   0x0800844c   0x00000028   Code   RO          736    .text.osDelay       cmsis_os.o
    0x08008474   0x08008474   0x00000030   Code   RO          806    .text.osDelayUntil  cmsis_os.o
    0x080084a4   0x080084a4   0x0000000a   Code   RO          712    .text.osKernelStart  cmsis_os.o
    0x080084ae   0x080084ae   0x00000002   PAD
    0x080084b0   0x080084b0   0x00000022   Code   RO          716    .text.osKernelSysTick  cmsis_os.o
    0x080084d2   0x080084d2   0x00000002   PAD
    0x080084d4   0x080084d4   0x000000ac   Code   RO          720    .text.osThreadCreate  cmsis_os.o
    0x08008580   0x08008580   0x000000f4   Code   RO          588    .text.prvAddCurrentTaskToDelayedList  tasks.o
    0x08008674   0x08008674   0x00000110   Code   RO          574    .text.prvAddNewTaskToReadyList  tasks.o
    0x08008784   0x08008784   0x0000005a   Code   RO          680    .text.prvCheckTasksWaitingTermination  tasks.o
    0x080087de   0x080087de   0x00000002   PAD
    0x080087e0   0x080087e0   0x0000005e   Code   RO          580    .text.prvDeleteTCB  tasks.o
    0x0800883e   0x0800883e   0x00000002   PAD
    0x08008840   0x08008840   0x000000bc   Code   RO          838    .text.prvHeapInit   heap_4.o
    0x080088fc   0x080088fc   0x00000038   Code   RO          614    .text.prvIdleTask   tasks.o
    0x08008934   0x08008934   0x00000122   Code   RO          572    .text.prvInitialiseNewTask  tasks.o
    0x08008a56   0x08008a56   0x00000002   PAD
    0x08008a58   0x08008a58   0x0000008e   Code   RO          678    .text.prvInitialiseTaskLists  tasks.o
    0x08008ae6   0x08008ae6   0x00000002   PAD
    0x08008ae8   0x08008ae8   0x000000c6   Code   RO          840    .text.prvInsertBlockIntoFreeList  heap_4.o
    0x08008bae   0x08008bae   0x00000002   PAD
    0x08008bb0   0x08008bb0   0x00000028   Code   RO          879    .text.prvPortStartFirstTask  port.o
    0x08008bd8   0x08008bd8   0x00000046   Code   RO          582    .text.prvResetNextTaskUnblockTime  tasks.o
    0x08008c1e   0x08008c1e   0x00000002   PAD
    0x08008c20   0x08008c20   0x0000004c   Code   RO          869    .text.prvTaskExitError  port.o
    0x08008c6c   0x08008c6c   0x000001ec   Code   RO          836    .text.pvPortMalloc  heap_4.o
    0x08008e58   0x08008e58   0x0000005e   Code   RO          867    .text.pxPortInitialiseStack  port.o
    0x08008eb6   0x08008eb6   0x00000002   PAD
    0x08008eb8   0x08008eb8   0x00000048   Code   RO          438    .text.uxListRemove  list.o
    0x08008f00   0x08008f00   0x0000002c   Code   RO          225    .text.vApplicationGetIdleTaskMemory  freertos.o
    0x08008f2c   0x08008f2c   0x0000002e   Code   RO          430    .text.vListInitialise  list.o
    0x08008f5a   0x08008f5a   0x00000002   PAD
    0x08008f5c   0x08008f5c   0x0000000e   Code   RO          432    .text.vListInitialiseItem  list.o
    0x08008f6a   0x08008f6a   0x00000002   PAD
    0x08008f6c   0x08008f6c   0x0000006a   Code   RO          436    .text.vListInsert   list.o
    0x08008fd6   0x08008fd6   0x00000002   PAD
    0x08008fd8   0x08008fd8   0x0000003a   Code   RO          434    .text.vListInsertEnd  list.o
    0x08009012   0x08009012   0x00000002   PAD
    0x08009014   0x08009014   0x00000014   Code   RO          877    .text.vPortEnableVFP  port.o
    0x08009028   0x08009028   0x00000056   Code   RO          883    .text.vPortEnterCritical  port.o
    0x0800907e   0x0800907e   0x00000002   PAD
    0x08009080   0x08009080   0x0000004a   Code   RO          885    .text.vPortExitCritical  port.o
    0x080090ca   0x080090ca   0x00000002   PAD
    0x080090cc   0x080090cc   0x000000ce   Code   RO          842    .text.vPortFree     heap_4.o
    0x0800919a   0x0800919a   0x00000002   PAD
    0x0800919c   0x0800919c   0x00000044   Code   RO          875    .text.vPortSetupTimerInterrupt  port.o
    0x080091e0   0x080091e0   0x00000084   Code   RO          891    .text.vPortValidateInterruptPriority  port.o
    0x08009264   0x08009264   0x0000006e   Code   RO          592    .text.vTaskDelay    tasks.o
    0x080092d2   0x080092d2   0x00000002   PAD
    0x080092d4   0x080092d4   0x00000114   Code   RO          584    .text.vTaskDelayUntil  tasks.o
    0x080093e8   0x080093e8   0x000000ce   Code   RO          612    .text.vTaskStartScheduler  tasks.o
    0x080094b6   0x080094b6   0x00000002   PAD
    0x080094b8   0x080094b8   0x00000010   Code   RO          586    .text.vTaskSuspendAll  tasks.o
    0x080094c8   0x080094c8   0x000000be   Code   RO          604    .text.vTaskSwitchContext  tasks.o
    0x08009586   0x08009586   0x00000002   PAD
    0x08009588   0x08009588   0x00000156   Code   RO          873    .text.xPortStartScheduler  port.o
    0x080096de   0x080096de   0x00000002   PAD
    0x080096e0   0x080096e0   0x0000009e   Code   RO          576    .text.xTaskCreate   tasks.o
    0x0800977e   0x0800977e   0x00000002   PAD
    0x08009780   0x08009780   0x000000ce   Code   RO          570    .text.xTaskCreateStatic  tasks.o
    0x0800984e   0x0800984e   0x00000002   PAD
    0x08009850   0x08009850   0x00000014   Code   RO          620    .text.xTaskGetTickCount  tasks.o
    0x08009864   0x08009864   0x0000001e   Code   RO          622    .text.xTaskGetTickCountFromISR  tasks.o
    0x08009882   0x08009882   0x00000002   PAD
    0x08009884   0x08009884   0x000001b8   Code   RO          618    .text.xTaskIncrementTick  tasks.o
    0x08009a3c   0x08009a3c   0x00000178   Code   RO          590    .text.xTaskResumeAll  tasks.o
    0x08009bb4   0x08009bb4   0x00000026   Code   RO         2266    i.__ARM_fpclassifyf  m_wm.l(fpclassifyf.o)
    0x08009bda   0x08009bda   0x00000002   PAD
    0x08009bdc   0x08009bdc   0x00000118   Code   RO         2194    i.__hardfp_acosf    m_wm.l(acosf.o)
    0x08009cf4   0x08009cf4   0x0000012c   Code   RO         2200    i.__hardfp_asinf    m_wm.l(asinf.o)
    0x08009e20   0x08009e20   0x000002ac   Code   RO         2206    i.__hardfp_atan2f   m_wm.l(atan2f.o)
    0x0800a0cc   0x0800a0cc   0x00000006   Code   RO         2269    i.__mathlib_flt_infnan  m_wm.l(funder.o)
    0x0800a0d2   0x0800a0d2   0x00000006   Code   RO         2270    i.__mathlib_flt_infnan2  m_wm.l(funder.o)
    0x0800a0d8   0x0800a0d8   0x00000010   Code   RO         2271    i.__mathlib_flt_invalid  m_wm.l(funder.o)
    0x0800a0e8   0x0800a0e8   0x00000010   Code   RO         2274    i.__mathlib_flt_underflow  m_wm.l(funder.o)
    0x0800a0f8   0x0800a0f8   0x0000003e   Code   RO         2289    i.sqrtf             m_wm.l(sqrtf.o)
    0x0800a136   0x0800a136   0x00000016   Code   RO         2429    x$fpl$fpinit        g_wm.l(fpinit.o)
    0x0800a14c   0x0800a14c   0x00000000   Code   RO         2251    x$fpl$usenofp       g_wm.l(usenofp.o)
    0x0800a14c   0x0800a14c   0x0000001c   Data   RO          236    .rodata..L__const.MX_FREERTOS_Init.os_thread_def_DetectTask  freertos.o
    0x0800a168   0x0800a168   0x0000001c   Data   RO          238    .rodata..L__const.MX_FREERTOS_Init.os_thread_def_IMUTask  freertos.o
    0x0800a184   0x0800a184   0x00000010   Data   RO          382    .rodata.AHBPrescTable  system_stm32f4xx.o
    0x0800a194   0x0800a194   0x00000008   Data   RO          383    .rodata.APBPrescTable  system_stm32f4xx.o
    0x0800a19c   0x0800a19c   0x00000008   Data   RO         1186    .rodata.DMA_CalcBaseAndBitshift.flagBitshiftOffset  stm32f4xx_hal_dma.o
    0x0800a1a4   0x0800a1a4   0x00000013   Data   RO          235    .rodata.str1.1      freertos.o
    0x0800a1b7   0x0800a1b7   0x00000005   Data   RO          696    .rodata.str1.1      tasks.o
    0x0800a1bc   0x0800a1bc   0x00000020   Data   RO         2490    Region$$Table       anon$$obj.o


    Execution Region RW_IRAM1 (Exec base: 0x20000000, Load base: 0x0800a1e0, Size: 0x00005b00, Max: 0x0001c000, ABSOLUTE, COMPRESSED[0x00000070])

    Exec Addr    Load Addr    Size         Type   Attr      Idx    E Section Name        Object

    0x20000000   COMPRESSED   0x00000012   Data   RW          160    .data.Accel_Register_ConfigInfo  bmi088.o
    0x20000012   COMPRESSED   0x00000002   PAD
    0x20000014   COMPRESSED   0x0000000c   Data   RW            8    .data.Accel_Slpf_alpha  imu_task.o
    0x20000020   COMPRESSED   0x00000004   Data   RW          158    .data.BMI088_ACCEL_SEN  bmi088.o
    0x20000024   COMPRESSED   0x00000004   Data   RW          159    .data.BMI088_GYRO_SEN  bmi088.o
    0x20000028   COMPRESSED   0x00000012   Data   RW          161    .data.Gyro_Register_ConfigInfo  bmi088.o
    0x2000003a   COMPRESSED   0x00000002   PAD
    0x2000003c   COMPRESSED   0x00000018   Data   RW           14    .data.HeatPower_PID_Param  imu_task.o
    0x20000054   COMPRESSED   0x00000090   Data   RW           15    .data.QuatEKF_Data_A  imu_task.o
    0x200000e4   COMPRESSED   0x00000090   Data   RW           16    .data.QuatEKF_Data_P  imu_task.o
    0x20000174   COMPRESSED   0x00000004   Data   RW          381    .data.SystemCoreClock  system_stm32f4xx.o
    0x20000178   COMPRESSED   0x00000001   Data   RW         1380    .data.uwTickFreq    stm32f4xx_hal.o
    0x20000179   COMPRESSED   0x00000003   PAD
    0x2000017c   COMPRESSED   0x00000004   Data   RW         1379    .data.uwTickPrio    stm32f4xx_hal.o
    0x20000180   COMPRESSED   0x00000004   Data   RW          895    .data.uxCriticalNesting  port.o
    0x20000184   COMPRESSED   0x00000004   PAD
    0x20000188        -       0x00000060   Zero   RW         2341    .bss                c_w.l(libspace.o)
    0x200001e8        -       0x0000003c   Zero   RW           10    .bss.BMI088_Accel_Slpf  imu_task.o
    0x20000224        -       0x0000003c   Zero   RW            9    .bss.BMI088_Info    imu_task.o
    0x20000260        -       0x00000004   Zero   RW          237    .bss.DetectTaskHandle  freertos.o
    0x20000264        -       0x00000004   Zero   RW          257    .bss.HAL_RCC_CAN1_CLK_ENABLED  can.o
    0x20000268        -       0x00000050   Zero   RW           13    .bss.HeatPower_PID  imu_task.o
    0x200002b8        -       0x00000004   Zero   RW          239    .bss.IMUTaskHandle  freertos.o
    0x200002bc        -       0x00000048   Zero   RW           11    .bss.IMU_Info       imu_task.o
    0x20000304        -       0x000001ac   Zero   RW           12    .bss.Quat_Info      imu_task.o
    0x200004b0        -       0x00000008   Zero   RW          124    .bss.USER_CAN_RxFrameData  bsp_can.o
    0x200004b8        -       0x0000001c   Zero   RW          123    .bss.USER_CAN_RxInstance  bsp_can.o
    0x200004d4        -       0x00000028   Zero   RW          255    .bss.hcan1          can.o
    0x200004fc        -       0x00000028   Zero   RW          256    .bss.hcan2          can.o
    0x20000524        -       0x00000060   Zero   RW          313    .bss.hdma_usart6_rx  usart.o
    0x20000584        -       0x00000060   Zero   RW          314    .bss.hdma_usart6_tx  usart.o
    0x200005e4        -       0x00000058   Zero   RW          279    .bss.hspi1          spi.o
    0x2000063c        -       0x00000048   Zero   RW          295    .bss.htim10         tim.o
    0x20000684        -       0x00000048   Zero   RW          369    .bss.htim2          stm32f4xx_hal_timebase_tim.o
    0x200006cc        -       0x00000044   Zero   RW          311    .bss.huart1         usart.o
    0x20000710        -       0x00000044   Zero   RW          312    .bss.huart6         usart.o
    0x20000754        -       0x00000004   Zero   RW          682    .bss.pxCurrentTCB   tasks.o
    0x20000758        -       0x00000004   Zero   RW          692    .bss.pxDelayedTaskList  tasks.o
    0x2000075c        -       0x00000004   Zero   RW          852    .bss.pxEnd          heap_4.o
    0x20000760        -       0x00000004   Zero   RW          693    .bss.pxOverflowDelayedTaskList  tasks.o
    0x20000764        -       0x0000008c   Zero   RW          683    .bss.pxReadyTasksLists  tasks.o
    0x200007f0        -       0x00003c00   Zero   RW          859    .bss.ucHeap         heap_4.o
    0x200043f0        -       0x00000001   Zero   RW          893    .bss.ucMaxSysCallPriority  port.o
    0x200043f1   COMPRESSED   0x00000003   PAD
    0x200043f4        -       0x00000004   Zero   RW          894    .bss.ulMaxPRIGROUPValue  port.o
    0x200043f8        -       0x00000004   Zero   RW         1381    .bss.uwTick         stm32f4xx_hal.o
    0x200043fc        -       0x00000004   Zero   RW          688    .bss.uxCurrentNumberOfTasks  tasks.o
    0x20004400        -       0x00000004   Zero   RW          687    .bss.uxDeletedTasksWaitingCleanUp  tasks.o
    0x20004404        -       0x00000004   Zero   RW          690    .bss.uxSchedulerSuspended  tasks.o
    0x20004408        -       0x00000004   Zero   RW          685    .bss.uxTaskNumber   tasks.o
    0x2000440c        -       0x00000004   Zero   RW          684    .bss.uxTopReadyPriority  tasks.o
    0x20004410        -       0x00000004   Zero   RW          853    .bss.xBlockAllocatedBit  heap_4.o
    0x20004414        -       0x00000014   Zero   RW          702    .bss.xDelayedTaskList1  tasks.o
    0x20004428        -       0x00000014   Zero   RW          703    .bss.xDelayedTaskList2  tasks.o
    0x2000443c        -       0x00000004   Zero   RW          854    .bss.xFreeBytesRemaining  heap_4.o
    0x20004440        -       0x00001000   Zero   RW          234    .bss.xIdleStack     freertos.o
    0x20005440        -       0x00000004   Zero   RW          697    .bss.xIdleTaskHandle  tasks.o
    0x20005444        -       0x00000054   Zero   RW          233    .bss.xIdleTaskTCBBuffer  freertos.o
    0x20005498        -       0x00000004   Zero   RW          856    .bss.xMinimumEverFreeBytesRemaining  heap_4.o
    0x2000549c        -       0x00000004   Zero   RW          698    .bss.xNextTaskUnblockTime  tasks.o
    0x200054a0        -       0x00000004   Zero   RW          701    .bss.xNumOfOverflows  tasks.o
    0x200054a4        -       0x00000004   Zero   RW          857    .bss.xNumberOfSuccessfulAllocations  heap_4.o
    0x200054a8        -       0x00000004   Zero   RW          858    .bss.xNumberOfSuccessfulFrees  heap_4.o
    0x200054ac        -       0x00000004   Zero   RW          700    .bss.xPendedTicks   tasks.o
    0x200054b0        -       0x00000014   Zero   RW          695    .bss.xPendingReadyList  tasks.o
    0x200054c4        -       0x00000004   Zero   RW          689    .bss.xSchedulerRunning  tasks.o
    0x200054c8        -       0x00000008   Zero   RW          855    .bss.xStart         heap_4.o
    0x200054d0        -       0x00000014   Zero   RW          694    .bss.xSuspendedTaskList  tasks.o
    0x200054e4        -       0x00000014   Zero   RW          686    .bss.xTasksWaitingTermination  tasks.o
    0x200054f8        -       0x00000004   Zero   RW          691    .bss.xTickCount     tasks.o
    0x200054fc        -       0x00000004   Zero   RW          699    .bss.xYieldPending  tasks.o
    0x20005500        -       0x00000400   Zero   RW          391    HEAP                startup_stm32f407xx.o
    0x20005900        -       0x00000200   Zero   RW          390    STACK               startup_stm32f407xx.o


    Execution Region RW_IRAM2 (Exec base: 0x2001c000, Load base: 0x0800a250, Size: 0x00000000, Max: 0x00004000, ABSOLUTE)

    **** No section assigned to this execution region ****


==============================================================================

Image component sizes


      Code (inc. data)   RO Data    RW Data    ZI Data      Debug   Object Name

      1934          4          0         44          0       5123   bmi088.o
       136          0          0          0         36       4271   bsp_can.o
       140         14          0          0          0       4004   bsp_tim.o
       120          0          0          0          0       1468   bsp_timebase.o
       544          0          0          0         84       6453   can.o
       364          0          0          0          0      16996   cmsis_os.o
        82          0          0          0          0       3274   dma.o
       194          0         75          0       4188       2943   freertos.o
       370          0          0          0          0       2242   gpio.o
      1084          0          0          0      15392       4399   heap_4.o
       780         36          0        324        700       6046   imu_task.o
      2500          0          0          0          0       6221   kalman.o
       296          0          0          0          0       2202   list.o
       132          0          0          0          0       1512   lpf.o
       302          0          0          0          0       5595   main.o
      1016          0          0          0          0       3050   pid.o
      1128         16          0          4          5       3809   port.o
      4332         40          0          0          0       7427   quaternion.o
       308          0          0          0         88       4900   spi.o
        64         26        392          0       1536        832   startup_stm32f407xx.o
        92          0          0          5          4       7091   stm32f4xx_hal.o
      2080          0          0          0          0      11356   stm32f4xx_hal_can.o
       384          0          0          0          0       9440   stm32f4xx_hal_cortex.o
      1794          8          8          0          0       8483   stm32f4xx_hal_dma.o
       996          0          0          0          0       5079   stm32f4xx_hal_gpio.o
        88          0          0          0          0       3340   stm32f4xx_hal_msp.o
      2784          0          0          0          0       7564   stm32f4xx_hal_rcc.o
      1588          0          0          0          0      19743   stm32f4xx_hal_spi.o
      3360         14          0          0          0      35923   stm32f4xx_hal_tim.o
        16          0          0          0          0      15316   stm32f4xx_hal_tim_ex.o
       236          0          0          0         72       7083   stm32f4xx_hal_timebase_tim.o
      2280          0          0          0          0      20211   stm32f4xx_hal_uart.o
       140          0          0          0          0       1448   stm32f4xx_it.o
        18          0         24          4          0       2507   system_stm32f4xx.o
      3286          0          5          0        300      22029   tasks.o
       314          0          0          0         72       5639   tim.o
       688          0          0          0        328       7198   usart.o

    ----------------------------------------------------------------------
     36156        158        536        388      22812     282217   Object Totals
         0          0         32          0          0          0   (incl. Generated)
       186          0          0          7          7          0   (incl. Padding)

    ----------------------------------------------------------------------

      Code (inc. data)   RO Data    RW Data    ZI Data      Debug   Library Member Name

       264          0          0          0          0      19694   arm_mat_add_f32.o
         8          0          0          0          0        999   arm_mat_init_f32.o
      1328          4          0          0          0       4782   arm_mat_inverse_f32.o
       316          4          0          0          0       2375   arm_mat_mult_f32.o
       264          0          0          0          0       1826   arm_mat_sub_f32.o
       276          0          0          0          0       2240   arm_mat_trans_f32.o
        90          0          0          0          0          0   __dczerorl2.o
         8          0          0          0          0         68   __main.o
         0          0          0          0          0          0   __rtentry.o
        12          0          0          0          0          0   __rtentry2.o
         6          0          0          0          0          0   __rtentry4.o
        94          8          0          0          0          0   __scatter.o
        28          0          0          0          0          0   __scatter_zi.o
        22          0          0          0          0        100   _rserrno.o
        16          0          0          0          0         68   aeabi_memset4.o
        18          0          0          0          0         80   exit.o
         6          0          0          0          0        152   heapauxi.o
         0          0          0          0          0          0   indicate_semi.o
         2          0          0          0          0          0   libinit.o
         6          0          0          0          0          0   libinit2.o
         2          0          0          0          0          0   libshutdown.o
         2          0          0          0          0          0   libshutdown2.o
         8          4          0          0         96         68   libspace.o
       240          0          0          0          0        100   lludivv7m.o
         8          4          0          0          0         68   rt_errno_addr_intlibspace.o
        78          0          0          0          0         80   rt_memclr_w.o
       100          0          0          0          0         80   rt_memcpy_w.o
         2          0          0          0          0          0   rtexit.o
        10          0          0          0          0          0   rtexit2.o
        12          4          0          0          0         68   sys_exit.o
        74          0          0          0          0         80   sys_stackheap_outer.o
         2          0          0          0          0         68   use_no_semi.o
        22          0          0          0          0        116   fpinit.o
         0          0          0          0          0          0   usenofp.o
       280         46          0          0          0        176   acosf.o
       300         42          0          0          0        176   asinf.o
       684         90          0          0          0        208   atan2f.o
        38          0          0          0          0        116   fpclassifyf.o
        44         12          0          0          0        464   funder.o
        62          0          0          0          0        136   sqrtf.o

    ----------------------------------------------------------------------
      4744        218          0          0         96      34388   Library Totals
        12          0          0          0          0          0   (incl. Padding)

    ----------------------------------------------------------------------

      Code (inc. data)   RO Data    RW Data    ZI Data      Debug   Library Name

      2456          8          0          0          0      31916   arm_cortexM4lf_math.lib
       846         20          0          0         96       1080   c_w.l
        22          0          0          0          0        116   g_wm.l
      1408        190          0          0          0       1276   m_wm.l

    ----------------------------------------------------------------------
      4744        218          0          0         96      34388   Library Totals

    ----------------------------------------------------------------------

==============================================================================


      Code (inc. data)   RO Data    RW Data    ZI Data      Debug   

     40900        376        536        388      22908     314505   Grand Totals
     40900        376        536        112      22908     314505   ELF Image Totals (compressed)
     40900        376        536        112          0          0   ROM Totals

==============================================================================

    Total RO  Size (Code + RO Data)                41436 (  40.46kB)
    Total RW  Size (RW Data + ZI Data)             23296 (  22.75kB)
    Total ROM Size (Code + RO Data + RW Data)      41548 (  40.57kB)

==============================================================================

