Component: ARM Compiler 5.06 update 7 (build 960) Tool: armlink [4d3601]

==============================================================================

Section Cross References

    api_quaternion.o(i.QuaternionEKF_A_Update) refers to rt_memclr_w.o(.text) for __aeabi_memclr4
    api_quaternion.o(i.QuaternionEKF_A_Update) refers to api_quaternion.o(i.Fast_InverseSqrt) for Fast_InverseSqrt
    api_quaternion.o(i.QuaternionEKF_ChiSqrtTest) refers to arm_mat_mult_f32.o(.text) for arm_mat_mult_f32
    api_quaternion.o(i.QuaternionEKF_ChiSqrtTest) refers to arm_mat_trans_f32.o(.text) for arm_mat_trans_f32
    api_quaternion.o(i.QuaternionEKF_ChiSqrtTest) refers to rt_memcpy_w.o(.text) for __aeabi_memcpy4
    api_quaternion.o(i.QuaternionEKF_H_Update) refers to rt_memclr_w.o(.text) for __aeabi_memclr4
    api_quaternion.o(i.QuaternionEKF_Init) refers to kalman.o(i.Kalman_Filter_Init) for Kalman_Filter_Init
    api_quaternion.o(i.QuaternionEKF_Init) refers to rt_memcpy_w.o(.text) for __aeabi_memcpy4
    api_quaternion.o(i.QuaternionEKF_Init) refers to api_quaternion.o(i.QuaternionEKF_A_Update) for QuaternionEKF_A_Update
    api_quaternion.o(i.QuaternionEKF_Init) refers to api_quaternion.o(i.QuaternionEKF_H_Update) for QuaternionEKF_H_Update
    api_quaternion.o(i.QuaternionEKF_Init) refers to api_quaternion.o(i.QuaternionEKF_xhat_Update) for QuaternionEKF_xhat_Update
    api_quaternion.o(i.QuaternionEKF_Update) refers to api_quaternion.o(i.Fast_InverseSqrt) for Fast_InverseSqrt
    api_quaternion.o(i.QuaternionEKF_Update) refers to rt_memcpy_w.o(.text) for __aeabi_memcpy4
    api_quaternion.o(i.QuaternionEKF_Update) refers to kalman.o(i.Kalman_Filter_Update) for Kalman_Filter_Update
    api_quaternion.o(i.QuaternionEKF_Update) refers to atan2f.o(i.__hardfp_atan2f) for __hardfp_atan2f
    api_quaternion.o(i.QuaternionEKF_Update) refers to asinf.o(i.__hardfp_asinf) for __hardfp_asinf
    api_quaternion.o(i.QuaternionEKF_xhat_Update) refers to arm_mat_trans_f32.o(.text) for arm_mat_trans_f32
    api_quaternion.o(i.QuaternionEKF_xhat_Update) refers to arm_mat_mult_f32.o(.text) for arm_mat_mult_f32
    api_quaternion.o(i.QuaternionEKF_xhat_Update) refers to arm_mat_add_f32.o(.text) for arm_mat_add_f32
    api_quaternion.o(i.QuaternionEKF_xhat_Update) refers to arm_mat_inverse_f32.o(.text) for arm_mat_inverse_f32
    api_quaternion.o(i.QuaternionEKF_xhat_Update) refers to arm_mat_sub_f32.o(.text) for arm_mat_sub_f32
    api_quaternion.o(i.QuaternionEKF_xhat_Update) refers to api_quaternion.o(i.QuaternionEKF_ChiSqrtTest) for QuaternionEKF_ChiSqrtTest
    api_trajectory.o(i.SolveTrajectory_Transform) refers to f2d.o(x$fpl$f2d) for __aeabi_f2d
    api_trajectory.o(i.SolveTrajectory_Transform) refers to cos.o(i.__hardfp_cos) for __hardfp_cos
    api_trajectory.o(i.SolveTrajectory_Transform) refers to dmul_clz.o(x$fpl$dmul) for __aeabi_dmul
    api_trajectory.o(i.SolveTrajectory_Transform) refers to daddsub_clz.o(x$fpl$dsub) for __aeabi_dsub
    api_trajectory.o(i.SolveTrajectory_Transform) refers to d2f_clz.o(x$fpl$d2f) for __aeabi_d2f
    api_trajectory.o(i.SolveTrajectory_Transform) refers to sin.o(i.__hardfp_sin) for __hardfp_sin
    api_trajectory.o(i.SolveTrajectory_Transform) refers to api_trajectory.o(i.Trajectory_Picth_Update) for Trajectory_Picth_Update
    api_trajectory.o(i.SolveTrajectory_Transform) refers to atan2.o(i.__hardfp_atan2) for __hardfp_atan2
    api_trajectory.o(i.Trajectory_BulletModel) refers to f2d.o(x$fpl$f2d) for __aeabi_f2d
    api_trajectory.o(i.Trajectory_BulletModel) refers to cos.o(i.__hardfp_cos) for __hardfp_cos
    api_trajectory.o(i.Trajectory_BulletModel) refers to dmul_clz.o(x$fpl$dmul) for __aeabi_dmul
    api_trajectory.o(i.Trajectory_BulletModel) refers to exp.o(i.__hardfp_exp) for __hardfp_exp
    api_trajectory.o(i.Trajectory_BulletModel) refers to daddsub_clz.o(x$fpl$dsub) for __aeabi_dsub
    api_trajectory.o(i.Trajectory_BulletModel) refers to ddiv_clz.o(x$fpl$ddiv) for __aeabi_ddiv
    api_trajectory.o(i.Trajectory_BulletModel) refers to d2f_clz.o(x$fpl$d2f) for __aeabi_d2f
    api_trajectory.o(i.Trajectory_BulletModel) refers to arm_sin_f32.o(.text) for arm_sin_f32
    api_trajectory.o(i.Trajectory_Picth_Update) refers to f2d.o(x$fpl$f2d) for __aeabi_f2d
    api_trajectory.o(i.Trajectory_Picth_Update) refers to atan2.o(i.__hardfp_atan2) for __hardfp_atan2
    api_trajectory.o(i.Trajectory_Picth_Update) refers to d2f_clz.o(x$fpl$d2f) for __aeabi_d2f
    api_trajectory.o(i.Trajectory_Picth_Update) refers to api_trajectory.o(i.Trajectory_BulletModel) for Trajectory_BulletModel
    api_trajectory.o(i.Trajectory_Picth_Update) refers to fabs.o(i.__hardfp_fabs) for __hardfp_fabs
    api_trajectory.o(i.Trajectory_Picth_Update) refers to dleqf.o(x$fpl$dleqf) for __aeabi_cdcmple
    ins_task.o(i.BMI088_Temp_Control) refers to pid.o(i.f_PID_Calculate) for f_PID_Calculate
[...]
    __mathlib_dbl_underflow                  0x0800a979   Thumb Code    24  dunder.o(i.__mathlib_dbl_underflow)
    __mathlib_flt_infnan                     0x0800a999   Thumb Code     6  funder.o(i.__mathlib_flt_infnan)
    __mathlib_flt_infnan2                    0x0800a99f   Thumb Code     6  funder.o(i.__mathlib_flt_infnan2)
    __mathlib_flt_invalid                    0x0800a9a5   Thumb Code    10  funder.o(i.__mathlib_flt_invalid)
    __mathlib_flt_underflow                  0x0800a9b5   Thumb Code    10  funder.o(i.__mathlib_flt_underflow)
    atan                                     0x0800a9c5   Thumb Code    16  atan.o(i.atan)
    f_PID_Calculate                          0x0800a9d5   Thumb Code   392  pid.o(i.f_PID_Calculate)
    fabs                                     0x0800ab61   Thumb Code    24  fabs.o(i.fabs)
    get_CRC16_check_sum                      0x0800ab79   Thumb Code    44  crc.o(i.get_CRC16_check_sum)
    main                                     0x0800abb9   Thumb Code    54  main.o(i.main)
    osDelayUntil                             0x0800abfb   Thumb Code    16  cmsis_os.o(i.osDelayUntil)
    osKernelStart                            0x0800ac0b   Thumb Code    10  cmsis_os.o(i.osKernelStart)
    osKernelSysTick                          0x0800ac15   Thumb Code    24  cmsis_os.o(i.osKernelSysTick)
    osThreadCreate                           0x0800ac2d   Thumb Code    88  cmsis_os.o(i.osThreadCreate)
    pvPortMalloc                             0x0800b01d   Thumb Code   214  heap_4.o(i.pvPortMalloc)
    pxPortInitialiseStack                    0x0800b0f9   Thumb Code    30  port.o(i.pxPortInitialiseStack)
    sqrtf                                    0x0800b11d   Thumb Code    62  sqrtf_full.o(i.sqrtf)
    uxListRemove                             0x0800b15b   Thumb Code    38  list.o(i.uxListRemove)
    vApplicationGetIdleTaskMemory            0x0800b181   Thumb Code    18  freertos.o(i.vApplicationGetIdleTaskMemory)
    vListInitialise                          0x0800b199   Thumb Code    22  list.o(i.vListInitialise)
    vListInitialiseItem                      0x0800b1af   Thumb Code     6  list.o(i.vListInitialiseItem)
    vListInsert                              0x0800b1b5   Thumb Code    48  list.o(i.vListInsert)
    vListInsertEnd                           0x0800b1e5   Thumb Code    24  list.o(i.vListInsertEnd)
    vPortEnterCritical                       0x0800b1fd   Thumb Code    54  port.o(i.vPortEnterCritical)
    vPortExitCritical                        0x0800b23d   Thumb Code    38  port.o(i.vPortExitCritical)
    vPortFree                                0x0800b269   Thumb Code    94  heap_4.o(i.vPortFree)
    vPortSetupTimerInterrupt                 0x0800b2cd   Thumb Code    32  port.o(i.vPortSetupTimerInterrupt)
    vPortValidateInterruptPriority           0x0800b2f1   Thumb Code    74  port.o(i.vPortValidateInterruptPriority)
    vTaskDelayUntil                          0x0800b345   Thumb Code   142  tasks.o(i.vTaskDelayUntil)
    vTaskStartScheduler                      0x0800b3dd   Thumb Code   118  tasks.o(i.vTaskStartScheduler)
    vTaskSuspendAll                          0x0800b465   Thumb Code    10  tasks.o(i.vTaskSuspendAll)
    vTaskSwitchContext                       0x0800b475   Thumb Code    86  tasks.o(i.vTaskSwitchContext)
    verify_CRC16_check_sum                   0x0800b4d5   Thumb Code    60  crc.o(i.verify_CRC16_check_sum)
    xPortStartScheduler                      0x0800b515   Thumb Code   222  port.o(i.xPortStartScheduler)
    xTaskCreate                              0x0800b609   Thumb Code   100  tasks.o(i.xTaskCreate)
    xTaskCreateStatic                        0x0800b66d   Thumb Code    92  tasks.o(i.xTaskCreateStatic)
    xTaskGetTickCount                        0x0800b6c9   Thumb Code     6  tasks.o(i.xTaskGetTickCount)
    xTaskGetTickCountFromISR                 0x0800b6d5   Thumb Code    12  tasks.o(i.xTaskGetTickCountFromISR)
    xTaskIncrementTick                       0x0800b6e5   Thumb Code   198  tasks.o(i.xTaskIncrementTick)
    xTaskResumeAll                           0x0800b7b5   Thumb Code   192  tasks.o(i.xTaskResumeAll)
    __aeabi_dneg                             0x0800b881   Thumb Code     0  basic.o(x$fpl$basic)
    _dneg                                    0x0800b881   Thumb Code     6  basic.o(x$fpl$basic)
    __aeabi_fneg                             0x0800b887   Thumb Code     0  basic.o(x$fpl$basic)
    _fneg                                    0x0800b887   Thumb Code     6  basic.o(x$fpl$basic)
    _dabs                                    0x0800b88d   Thumb Code     6  basic.o(x$fpl$basic)
    _fabs                                    0x0800b893   Thumb Code     6  basic.o(x$fpl$basic)
    __aeabi_d2f                              0x0800b899   Thumb Code     0  d2f_clz.o(x$fpl$d2f)
    _d2f                                     0x0800b899   Thumb Code   700  d2f_clz.o(x$fpl$d2f)
    __aeabi_dadd                             0x0800bb5d   Thumb Code     0  daddsub_clz.o(x$fpl$dadd)
    _dadd                                    0x0800bb5d   Thumb Code   580  daddsub_clz.o(x$fpl$dadd)
    __fpl_dcmp_Inf                           0x0800bda9   Thumb Code    24  dcmpi.o(x$fpl$dcmpinf)
    __aeabi_ddiv                             0x0800bdc1   Thumb Code     0  ddiv_clz.o(x$fpl$ddiv)
    _ddiv                                    0x0800bdc1   Thumb Code   748  ddiv_clz.o(x$fpl$ddiv)
    __aeabi_cdcmpeq                          0x0800c13d   Thumb Code     0  deqf.o(x$fpl$deqf)
    _dcmpeq                                  0x0800c13d   Thumb Code   116  deqf.o(x$fpl$deqf)
    __aeabi_d2iz                             0x0800c1b1   Thumb Code     0  dfix.o(x$fpl$dfix)
    _dfix                                    0x0800c1b1   Thumb Code   192  dfix.o(x$fpl$dfix)
    __aeabi_i2d                              0x0800c279   Thumb Code     0  dflt_clz.o(x$fpl$dflt)
    _dflt                                    0x0800c279   Thumb Code    46  dflt_clz.o(x$fpl$dflt)
    __dflt_normalise                         0x0800c2a7   Thumb Code    26  dflt_clz.o(x$fpl$dfltn)
    __aeabi_ui2d                             0x0800c2c1   Thumb Code     0  dflt_clz.o(x$fpl$dfltu)
    _dfltu                                   0x0800c2c1   Thumb Code    38  dflt_clz.o(x$fpl$dfltu)
    __aeabi_cdcmple                          0x0800c2e9   Thumb Code     0  dleqf.o(x$fpl$dleqf)
    _dcmple                                  0x0800c2e9   Thumb Code   120  dleqf.o(x$fpl$dleqf)
    __fpl_dcmple_InfNaN                      0x0800c341   Thumb Code     0  dleqf.o(x$fpl$dleqf)
    __aeabi_dmul                             0x0800c361   Thumb Code     0  dmul_clz.o(x$fpl$dmul)
    _dmul                                    0x0800c361   Thumb Code   440  dmul_clz.o(x$fpl$dmul)
    __fpl_dnaninf                            0x0800c521   Thumb Code   258  dnaninf.o(x$fpl$dnaninf)
    __fpl_drenorm2                           0x0800c623   Thumb Code   106  drenorm_clz.o(x$fpl$drenorm)
    __fpl_drenorm1                           0x0800c68d   Thumb Code     6  drenorm_clz.o(x$fpl$drenorm)
    __fpl_dretinf                            0x0800c693   Thumb Code    12  dretinf.o(x$fpl$dretinf)
    __aeabi_cdrcmple                         0x0800c69f   Thumb Code     0  drleqf.o(x$fpl$drleqf)
    _drcmple                                 0x0800c69f   Thumb Code    98  drleqf.o(x$fpl$drleqf)
    __aeabi_drsub                            0x0800c701   Thumb Code     0  daddsub_clz.o(x$fpl$drsb)
    _drsb                                    0x0800c701   Thumb Code    74  daddsub_clz.o(x$fpl$drsb)
    __aeabi_dsub                             0x0800c751   Thumb Code     0  daddsub_clz.o(x$fpl$dsub)
    _dsub                                    0x0800c751   Thumb Code   664  daddsub_clz.o(x$fpl$dsub)
    __dunder                                 0x0800c9ed   Thumb Code   314  dunder_clz.o(x$fpl$dunder)
    __dunder_d                               0x0800cb27   Thumb Code    64  dunder_clz.o(x$fpl$dunder)
    __fpl_exception                          0x0800cb69   Thumb Code   454  except.o(x$fpl$exception)
    __aeabi_f2d                              0x0800cd55   Thumb Code     0  f2d.o(x$fpl$f2d)
    _f2d                                     0x0800cd55   Thumb Code   122  f2d.o(x$fpl$f2d)
    __fpl_fnaninf                            0x0800cdcf   Thumb Code   242  fnaninf.o(x$fpl$fnaninf)
    _fp_init                                 0x0800cec1   Thumb Code    10  fpinit.o(x$fpl$fpinit)
    __fplib_config_fpu_vfp                   0x0800cec9   Thumb Code     0  fpinit.o(x$fpl$fpinit)
    __fplib_config_pureend_doubles           0x0800cec9   Thumb Code     0  fpinit.o(x$fpl$fpinit)
    __fpl_fretinf                            0x0800cecb   Thumb Code    10  fretinf.o(x$fpl$fretinf)
    __funder                                 0x0800ced5   Thumb Code   254  funder_clz.o(x$fpl$funder)
    __funder_d                               0x0800cfd3   Thumb Code    62  funder_clz.o(x$fpl$funder)
    __fpl_return_NaN                         0x0800d011   Thumb Code   178  retnan.o(x$fpl$retnan)
    _fp_trapveneer                           0x0800d0c3   Thumb Code    36  trapv.o(x$fpl$trapveneer)
    __fpl_cmpreturn                          0x0800d0e7   Thumb Code    90  trapv.o(x$fpl$trapveneer)
    CRC8_table                               0x0800d140   Data         256  crc.o(.constdata)
    __I$use$fp                               0x0800d140   Number         0  usenofp.o(x$fpl$usenofp)
    wCRC_table                               0x0800d240   Data         512  crc.o(.constdata)
    AHBPrescTable                            0x0800d478   Data          16  system_stm32f4xx.o(.constdata)
    APBPrescTable                            0x0800d488   Data           8  system_stm32f4xx.o(.constdata)
    sinTable_f32                             0x0800d498   Data        2052  arm_common_tables.o(.constdata)
    __mathlib_zero                           0x0800ddc0   Data           8  qnan.o(.constdata)
    Region$$Table$$Base                      0x0800ded8   Number         0  anon$$obj.o(Region$$Table)
    Region$$Table$$Limit                     0x0800def8   Number         0  anon$$obj.o(Region$$Table)
    Vision_Info                              0x20000144   Data          20  vision_task.o(.data)
    CRC16_INIT                               0x2000017c   Data           2  crc.o(.data)
    MiniPC_ReceivePacket                     0x200001ac   Data          48  minipc.o(.data)
    MiniPC_SendPacket                        0x200001dc   Data          28  minipc.o(.data)
    StartINSTaskHandle                       0x200001f8   Data           4  freertos.o(.data)
    StartVisionTaskHandle                    0x200001fc   Data           4  freertos.o(.data)
    SystemCoreClock                          0x20000204   Data           4  system_stm32f4xx.o(.data)
    pxCurrentTCB                             0x20000208   Data           4  tasks.o(.data)
    uwTickFreq                               0x20000270   Data           1  stm32f4xx_hal.o(.data)
    uwTickPrio                               0x20000274   Data           4  stm32f4xx_hal.o(.data)
    uwTick                                   0x20000278   Data           4  stm32f4xx_hal.o(.data)
    FS_Desc                                  0x2000027c   Data          28  usbd_desc.o(.data)
    USBD_LangIDDesc                          0x20000298   Data           4  usbd_desc.o(.data)
    USBD_FS_DeviceDesc                       0x2000029c   Data          18  usbd_desc.o(.data)
    USBD_StringSerial                        0x200002b0   Data          26  usbd_desc.o(.data)
    USBD_Interface_fops_FS                   0x200002cc   Data          20  usbd_cdc_if.o(.data)
    USBD_CDC                                 0x20000338   Data          56  usbd_cdc.o(.data)
    INS_Info                                 0x20000370   Data          72  ins_task.o(.bss)
    INS_AcceLPF2p                            0x200003b8   Data          96  ins_task.o(.bss)
    TempCtrl_PID                             0x20000418   Data          80  ins_task.o(.bss)
    Quaternion_Info                          0x20000468   Data         420  ins_task.o(.bss)
    SolveTrajectory                          0x2000060c   Data         120  vision_task.o(.bss)
    BMI088_Info                              0x200006a0   Data          60  bmi088.o(.bss)
    MiniPC_SendBuf                           0x200006dc   Data          28  minipc.o(.bss)
    remote_ctrl                              0x200006f8   Data          24  remote_control.o(.bss)
    SBUS_MultiRx_Buf                         0x20000710   Data          72  remote_control.o(.bss)
    hcan1                                    0x20000bac   Data          40  can.o(.bss)
    hcan2                                    0x20000bd4   Data          40  can.o(.bss)
    hspi1                                    0x20000bfc   Data          88  spi.o(.bss)
    htim4                                    0x20000c54   Data          72  tim.o(.bss)
    htim10                                   0x20000c9c   Data          72  tim.o(.bss)
    huart3                                   0x20000ce4   Data          68  usart.o(.bss)
    hdma_usart3_rx                           0x20000d28   Data          96  usart.o(.bss)
    htim2                                    0x20000d88   Data          72  stm32f4xx_hal_timebase_tim.o(.bss)
    hUsbDeviceFS                             0x20006ec0   Data         732  usb_device.o(.bss)
    USBD_StrDesc                             0x2000719c   Data         512  usbd_desc.o(.bss)
    UserRxBufferFS                           0x2000739c   Data        2048  usbd_cdc_if.o(.bss)
    UserTxBufferFS                           0x20007b9c   Data        2048  usbd_cdc_if.o(.bss)
    hpcd_USB_OTG_FS                          0x200085bc   Data        1292  usbd_conf.o(.bss)
    __libspace_start                         0x20008ac8   Data          96  libspace.o(.bss)
    __temporary_stack_top$libspace           0x20008b28   Data           0  libspace.o(.bss)



==============================================================================

Memory Map of the image

  Image Entry point : 0x08000189

  Load Region LR_IROM1 (Base: 0x08000000, Size: 0x0000e268, Max: 0x00100000, ABSOLUTE, COMPRESSED[0x0000e024])

    Execution Region ER_IROM1 (Exec base: 0x08000000, Load base: 0x08000000, Size: 0x0000def8, Max: 0x00100000, ABSOLUTE)

    Exec Addr    Load Addr    Size         Type   Attr      Idx    E Section Name        Object

    0x08000000   0x08000000   0x00000188   Data   RO         1692    RESET               startup_stm32f407xx.o
    0x08000188   0x08000188   0x00000008   Code   RO         7950  * !!!main             c_w.l(__main.o)
    0x08000190   0x08000190   0x00000034   Code   RO         8424    !!!scatter          c_w.l(__scatter.o)
    0x080001c4   0x080001c4   0x0000005a   Code   RO         8422    !!dczerorl2         c_w.l(__dczerorl2.o)
    0x0800021e   0x0800021e   0x00000002   PAD
    0x08000220   0x08000220   0x0000001c   Code   RO         8426    !!handler_zi        c_w.l(__scatter_zi.o)
    0x0800023c   0x0800023c   0x00000002   Code   RO         8359    .ARM.Collect$$libinit$$00000000  c_w.l(libinit.o)
    0x0800023e   0x0800023e   0x00000004   Code   RO         8112    .ARM.Collect$$libinit$$00000001  c_w.l(libinit2.o)
    0x08000242   0x08000242   0x00000000   Code   RO         8115    .ARM.Collect$$libinit$$00000004  c_w.l(libinit2.o)
    0x08000242   0x08000242   0x00000008   Code   RO         8116    .ARM.Collect$$libinit$$00000005  c_w.l(libinit2.o)
    0x0800024a   0x0800024a   0x00000000   Code   RO         8118    .ARM.Collect$$libinit$$0000000A  c_w.l(libinit2.o)
    0x0800024a   0x0800024a   0x00000000   Code   RO         8120    .ARM.Collect$$libinit$$0000000C  c_w.l(libinit2.o)
    0x0800024a   0x0800024a   0x00000000   Code   RO         8122    .ARM.Collect$$libinit$$0000000E  c_w.l(libinit2.o)
    0x0800024a   0x0800024a   0x00000000   Code   RO         8125    .ARM.Collect$$libinit$$00000011  c_w.l(libinit2.o)
    0x0800024a   0x0800024a   0x00000000   Code   RO         8127    .ARM.Collect$$libinit$$00000013  c_w.l(libinit2.o)
    0x0800024a   0x0800024a   0x00000000   Code   RO         8129    .ARM.Collect$$libinit$$00000015  c_w.l(libinit2.o)
    0x0800024a   0x0800024a   0x00000000   Code   RO         8131    .ARM.Collect$$libinit$$00000017  c_w.l(libinit2.o)
    0x0800024a   0x0800024a   0x00000000   Code   RO         8133    .ARM.Collect$$libinit$$00000019  c_w.l(libinit2.o)
    0x0800024a   0x0800024a   0x00000000   Code   RO         8135    .ARM.Collect$$libinit$$0000001B  c_w.l(libinit2.o)
    0x0800024a   0x0800024a   0x00000000   Code   RO         8137    .ARM.Collect$$libinit$$0000001D  c_w.l(libinit2.o)
    0x0800024a   0x0800024a   0x00000000   Code   RO         8139    .ARM.Collect$$libinit$$0000001F  c_w.l(libinit2.o)
    0x0800024a   0x0800024a   0x00000000   Code   RO         8141    .ARM.Collect$$libinit$$00000021  c_w.l(libinit2.o)
    0x0800024a   0x0800024a   0x00000000   Code   RO         8143    .ARM.Collect$$libinit$$00000023  c_w.l(libinit2.o)
    0x0800024a   0x0800024a   0x00000000   Code   RO         8145    .ARM.Collect$$libinit$$00000025  c_w.l(libinit2.o)
    0x0800024a   0x0800024a   0x00000000   Code   RO         8149    .ARM.Collect$$libinit$$0000002C  c_w.l(libinit2.o)
    0x0800024a   0x0800024a   0x00000000   Code   RO         8151    .ARM.Collect$$libinit$$0000002E  c_w.l(libinit2.o)
    0x0800024a   0x0800024a   0x00000000   Code   RO         8153    .ARM.Collect$$libinit$$00000030  c_w.l(libinit2.o)
    0x0800024a   0x0800024a   0x00000000   Code   RO         8155    .ARM.Collect$$libinit$$00000032  c_w.l(libinit2.o)
    0x0800024a   0x0800024a   0x00000002   Code   RO         8156    .ARM.Collect$$libinit$$00000033  c_w.l(libinit2.o)
    0x0800024c   0x0800024c   0x00000002   Code   RO         8419    .ARM.Collect$$libshutdown$$00000000  c_w.l(libshutdown.o)
    0x0800024e   0x0800024e   0x00000000   Code   RO         8375    .ARM.Collect$$libshutdown$$00000002  c_w.l(libshutdown2.o)
    0x0800024e   0x0800024e   0x00000000   Code   RO         8377    .ARM.Collect$$libshutdown$$00000004  c_w.l(libshutdown2.o)
    0x0800024e   0x0800024e   0x00000000   Code   RO         8379    .ARM.Collect$$libshutdown$$00000006  c_w.l(libshutdown2.o)
    0x0800024e   0x0800024e   0x00000000   Code   RO         8382    .ARM.Collect$$libshutdown$$00000009  c_w.l(libshutdown2.o)
    0x0800024e   0x0800024e   0x00000000   Code   RO         8385    .ARM.Collect$$libshutdown$$0000000C  c_w.l(libshutdown2.o)
    0x0800024e   0x0800024e   0x00000000   Code   RO         8387    .ARM.Collect$$libshutdown$$0000000E  c_w.l(libshutdown2.o)
    0x0800024e   0x0800024e   0x00000000   Code   RO         8390    .ARM.Collect$$libshutdown$$00000011  c_w.l(libshutdown2.o)
    0x0800024e   0x0800024e   0x00000002   Code   RO         8391    .ARM.Collect$$libshutdown$$00000012  c_w.l(libshutdown2.o)
    0x08000250   0x08000250   0x00000000   Code   RO         8072    .ARM.Collect$$rtentry$$00000000  c_w.l(__rtentry.o)
    0x08000250   0x08000250   0x00000000   Code   RO         8283    .ARM.Collect$$rtentry$$00000002  c_w.l(__rtentry2.o)
    0x08000250   0x08000250   0x00000006   Code   RO         8295    .ARM.Collect$$rtentry$$00000004  c_w.l(__rtentry4.o)
    0x08000256   0x08000256   0x00000000   Code   RO         8285    .ARM.Collect$$rtentry$$00000009  c_w.l(__rtentry2.o)
    0x08000256   0x08000256   0x00000004   Code   RO         8286    .ARM.Collect$$rtentry$$0000000A  c_w.l(__rtentry2.o)
    0x0800025a   0x0800025a   0x00000000   Code   RO         8288    .ARM.Collect$$rtentry$$0000000C  c_w.l(__rtentry2.o)
    0x0800025a   0x0800025a   0x00000008   Code   RO         8289    .ARM.Collect$$rtentry$$0000000D  c_w.l(__rtentry2.o)
    0x08000262   0x08000262   0x00000002   Code   RO         8362    .ARM.Collect$$rtexit$$00000000  c_w.l(rtexit.o)
    0x08000264   0x08000264   0x00000000   Code   RO         8395    .ARM.Collect$$rtexit$$00000002  c_w.l(rtexit2.o)
    0x08000264   0x08000264   0x00000004   Code   RO         8396    .ARM.Collect$$rtexit$$00000003  c_w.l(rtexit2.o)
    0x08000268   0x08000268   0x00000006   Code   RO         8397    .ARM.Collect$$rtexit$$00000004  c_w.l(rtexit2.o)
    0x0800026e   0x0800026e   0x00000002   PAD
    0x08000270   0x08000270   0x000000be   Code   RO         3037    .emb_text           port.o
    0x0800032e   0x0800032e   0x00000002   PAD
    0x08000330   0x08000330   0x00000000   Code   RO         8306    .emb_text           c_w.l(maybetermalloc1.o)
    0x08000330   0x08000330   0x00000040   Code   RO         1693    .text               startup_stm32f407xx.o
    0x08000370   0x08000370   0x00000094   Code   RO         7601    .text               arm_cortexM4lf_math.lib(arm_sin_f32.o)
    0x08000404   0x08000404   0x00000108   Code   RO         7651    .text               arm_cortexM4lf_math.lib(arm_mat_add_f32.o)
    0x0800050c   0x0800050c   0x00000008   Code   RO         7675    .text               arm_cortexM4lf_math.lib(arm_mat_init_f32.o)
    0x08000514   0x08000514   0x00000530   Code   RO         7699    .text               arm_cortexM4lf_math.lib(arm_mat_inverse_f32.o)
    0x08000a44   0x08000a44   0x0000013c   Code   RO         7723    .text               arm_cortexM4lf_math.lib(arm_mat_mult_f32.o)
    0x08000b80   0x08000b80   0x00000108   Code   RO         7747    .text               arm_cortexM4lf_math.lib(arm_mat_sub_f32.o)
    0x08000c88   0x08000c88   0x00000114   Code   RO         7771    .text               arm_cortexM4lf_math.lib(arm_mat_trans_f32.o)
    0x08000d9c   0x08000d9c   0x0000005e   Code   RO         7878    .text               c_w.l(h1_alloc.o)
    0x08000dfa   0x08000dfa   0x000000ee   Code   RO         7932    .text               c_w.l(lludivv7m.o)
    0x08000ee8   0x08000ee8   0x0000008a   Code   RO         7936    .text               c_w.l(rt_memcpy_v6.o)
    0x08000f72   0x08000f72   0x00000064   Code   RO         7938    .text               c_w.l(rt_memcpy_w.o)
    0x08000fd6   0x08000fd6   0x00000010   Code   RO         7942    .text               c_w.l(aeabi_memset.o)
    0x08000fe6   0x08000fe6   0x00000044   Code   RO         7944    .text               c_w.l(rt_memclr.o)
    0x0800102a   0x0800102a   0x0000004e   Code   RO         7946    .text               c_w.l(rt_memclr_w.o)
    0x08001078   0x08001078   0x00000006   Code   RO         7948    .text               c_w.l(heapauxi.o)
    0x0800107e   0x0800107e   0x00000002   PAD
    0x08001080   0x08001080   0x00000008   Code   RO         8080    .text               c_w.l(rt_heap_descriptor_intlibspace.o)
    0x08001088   0x08001088   0x00000004   Code   RO         8082    .text               c_w.l(hguard.o)
    0x0800108c   0x0800108c   0x0000008a   Code   RO         8084    .text               c_w.l(init_alloc.o)
    0x08001116   0x08001116   0x0000000e   Code   RO         8090    .text               c_w.l(h1_init.o)
    0x08001124   0x08001124   0x0000004e   Code   RO         8092    .text               c_w.l(h1_free.o)
    0x08001172   0x08001172   0x00000016   Code   RO         8108    .text               c_w.l(_rserrno.o)
    0x08001188   0x08001188   0x00000008   Code   RO         8279    .text               c_w.l(libspace.o)
    0x08001190   0x08001190   0x00000008   Code   RO         8302    .text               c_w.l(rt_errno_addr_intlibspace.o)
    0x08001198   0x08001198   0x00000034   Code   RO         8308    .text               c_w.l(h1_extend.o)
    0x080011cc   0x080011cc   0x00000030   Code   RO         8312    .text               c_w.l(_fptrap.o)
    0x080011fc   0x080011fc   0x0000000e   Code   RO         8314    .text               c_w.l(defsig_rtmem_outer.o)
    0x0800120a   0x0800120a   0x00000002   Code   RO         8331    .text               c_w.l(use_no_semi.o)
    0x0800120c   0x0800120c   0x00000000   Code   RO         8333    .text               c_w.l(indicate_semi.o)
    0x0800120c   0x0800120c   0x0000004a   Code   RO         8334    .text               c_w.l(sys_stackheap_outer.o)
    0x08001256   0x08001256   0x00000012   Code   RO         8340    .text               c_w.l(exit.o)
    0x08001268   0x08001268   0x0000000a   Code   RO         8342    .text               c_w.l(defsig_exit.o)
    0x08001272   0x08001272   0x0000000e   Code   RO         8344    .text               c_w.l(defsig_fpe_outer.o)
    0x08001280   0x08001280   0x00000050   Code   RO         8348    .text               c_w.l(defsig_rtmem_inner.o)
    0x080012d0   0x080012d0   0x0000000c   Code   RO         8360    .text               c_w.l(sys_exit.o)
    0x080012dc   0x080012dc   0x00000032   Code   RO         8370    .text               c_w.l(defsig_general.o)
    0x0800130e   0x0800130e   0x00000002   PAD
    0x08001310   0x08001310   0x000000ac   Code   RO         8372    .text               c_w.l(defsig_fpe_inner.o)
    0x080013bc   0x080013bc   0x0000000e   Code   RO         8392    .text               c_w.l(sys_wrch.o)
    0x080013ca   0x080013ca   0x00000002   PAD
    0x080013cc   0x080013cc   0x00000010   Code   RO          521    i.BMI088_ACCEL_NS_H  bsp_gpio.o
    0x080013dc   0x080013dc   0x00000010   Code   RO          522    i.BMI088_ACCEL_NS_L  bsp_gpio.o
    0x080013ec   0x080013ec   0x0000010c   Code   RO          978    i.BMI088_Accel_Init  bmi088.o
    0x080014f8   0x080014f8   0x00000010   Code   RO          523    i.BMI088_GYRO_NS_H  bsp_gpio.o
    0x08001508   0x08001508   0x00000010   Code   RO          524    i.BMI088_GYRO_NS_L  bsp_gpio.o
    0x08001518   0x08001518   0x000000dc   Code   RO          979    i.BMI088_Gyro_Init  bmi088.o
    0x080015f4   0x080015f4   0x00000170   Code   RO          980    i.BMI088_Info_Update  bmi088.o
    0x08001764   0x08001764   0x0000002c   Code   RO          981    i.BMI088_Init       bmi088.o
    0x08001790   0x08001790   0x00000124   Code   RO          982    i.BMI088_Offset_Update  bmi088.o
    0x080018b4   0x080018b4   0x00000024   Code   RO          983    i.BMI088_Read_Multi_Reg  bmi088.o
    0x080018d8   0x080018d8   0x00000016   Code   RO          984    i.BMI088_Read_Single_Reg  bmi088.o
    0x080018ee   0x080018ee   0x00000002   PAD
    0x080018f0   0x080018f0   0x00000024   Code   RO          609    i.BMI088_Read_Write_Byte  bsp_spi.o
    0x08001914   0x08001914   0x00000068   Code   RO          162    i.BMI088_Temp_Control  ins_task.o
    0x0800197c   0x0800197c   0x00000012   Code   RO          985    i.BMI088_Write_Single_Reg  bmi088.o
    0x0800198e   0x0800198e   0x00000002   PAD
    0x08001990   0x08001990   0x00000070   Code   RO          297    i.BSP_CAN_Init      bsp_can.o
    0x08001a00   0x08001a00   0x00000020   Code   RO          717    i.BSP_USART_Init    bsp_uart.o
    0x08001a20   0x08001a20   0x0000000c   Code   RO          678    i.Bsp_Tim_Init      bsp_tim.o
    0x08001a2c   0x08001a2c   0x00000002   Code   RO         1530    i.BusFault_Handler  stm32f4xx_it.o
    0x08001a2e   0x08001a2e   0x00000002   PAD
    0x08001a30   0x08001a30   0x0000000c   Code   RO         1531    i.CAN1_RX0_IRQHandler  stm32f4xx_it.o
    0x08001a3c   0x08001a3c   0x0000000c   Code   RO         1532    i.CAN2_RX0_IRQHandler  stm32f4xx_it.o
    0x08001a48   0x08001a48   0x00000008   Code   RO         6906    i.CDC_Control_FS    usbd_cdc_if.o
    0x08001a50   0x08001a50   0x00000004   Code   RO         6907    i.CDC_DeInit_FS     usbd_cdc_if.o
    0x08001a54   0x08001a54   0x00000024   Code   RO         6908    i.CDC_Init_FS       usbd_cdc_if.o
    0x08001a78   0x08001a78   0x00000020   Code   RO         6909    i.CDC_Receive_FS    usbd_cdc_if.o
    0x08001a98   0x08001a98   0x00000004   Code   RO         6910    i.CDC_TransmitCplt_FS  usbd_cdc_if.o
    0x08001a9c   0x08001a9c   0x0000002c   Code   RO         6911    i.CDC_Transmit_FS   usbd_cdc_if.o
    0x08001ac8   0x08001ac8   0x0000000c   Code   RO         1533    i.DMA1_Stream1_IRQHandler  stm32f4xx_it.o
    0x08001ad4   0x08001ad4   0x0000002c   Code   RO         4217    i.DMA_CalcBaseAndBitshift  stm32f4xx_hal_dma.o
    0x08001b00   0x08001b00   0x00000078   Code   RO         4218    i.DMA_CheckFifoParam  stm32f4xx_hal_dma.o
    0x08001b78   0x08001b78   0x00000002   Code   RO         1534    i.DebugMon_Handler  stm32f4xx_it.o
    0x08001b7a   0x08001b7a   0x00000016   Code   RO          640    i.Delay_ms          bsp_tick.o
    0x08001b90   0x08001b90   0x00000016   Code   RO          641    i.Delay_us          bsp_tick.o
    0x08001ba6   0x08001ba6   0x00000006   Code   RO         1535    i.EXTI9_5_IRQHandler  stm32f4xx_it.o
    0x08001bac   0x08001bac   0x00000004   Code   RO         1192    i.Error_Handler     main.o
    0x08001bb0   0x08001bb0   0x0000002c   Code   RO            4    i.Fast_InverseSqrt  api_quaternion.o
    0x08001bdc   0x08001bdc   0x00000038   Code   RO         6828    i.Get_SerialNum     usbd_desc.o
    0x08001c14   0x08001c14   0x00000024   Code   RO         4891    i.HAL_CAN_ActivateNotification  stm32f4xx_hal_can.o
    0x08001c38   0x08001c38   0x00000110   Code   RO         4893    i.HAL_CAN_ConfigFilter  stm32f4xx_hal_can.o
    0x08001d48   0x08001d48   0x00000002   Code   RO         4896    i.HAL_CAN_ErrorCallback  stm32f4xx_hal_can.o
    0x08001d4a   0x08001d4a   0x00000106   Code   RO         4899    i.HAL_CAN_GetRxMessage  stm32f4xx_hal_can.o
    0x08001e50   0x08001e50   0x000001fc   Code   RO         4903    i.HAL_CAN_IRQHandler  stm32f4xx_hal_can.o
    0x0800204c   0x0800204c   0x00000152   Code   RO         4904    i.HAL_CAN_Init      stm32f4xx_hal_can.o
    0x0800219e   0x0800219e   0x00000002   PAD
    0x080021a0   0x080021a0   0x00000100   Code   RO         1320    i.HAL_CAN_MspInit   can.o
    0x080022a0   0x080022a0   0x00000002   Code   RO         4911    i.HAL_CAN_RxFifo0FullCallback  stm32f4xx_hal_can.o
    0x080022a2   0x080022a2   0x00000002   PAD
    0x080022a4   0x080022a4   0x00000028   Code   RO          298    i.HAL_CAN_RxFifo0MsgPendingCallback  bsp_can.o
    0x080022cc   0x080022cc   0x00000002   Code   RO         4913    i.HAL_CAN_RxFifo1FullCallback  stm32f4xx_hal_can.o
    0x080022ce   0x080022ce   0x00000002   Code   RO         4914    i.HAL_CAN_RxFifo1MsgPendingCallback  stm32f4xx_hal_can.o
    0x080022d0   0x080022d0   0x00000002   Code   RO         4915    i.HAL_CAN_SleepCallback  stm32f4xx_hal_can.o
    0x080022d2   0x080022d2   0x00000058   Code   RO         4916    i.HAL_CAN_Start     stm32f4xx_hal_can.o
    0x0800232a   0x0800232a   0x00000002   Code   RO         4918    i.HAL_CAN_TxMailbox0AbortCallback  stm32f4xx_hal_can.o
    0x0800232c   0x0800232c   0x00000002   Code   RO         4919    i.HAL_CAN_TxMailbox0CompleteCallback  stm32f4xx_hal_can.o
    0x0800232e   0x0800232e   0x00000002   Code   RO         4920    i.HAL_CAN_TxMailbox1AbortCallback  stm32f4xx_hal_can.o
    0x08002330   0x08002330   0x00000002   Code   RO         4921    i.HAL_CAN_TxMailbox1CompleteCallback  stm32f4xx_hal_can.o
    0x08002332   0x08002332   0x00000002   Code   RO         4922    i.HAL_CAN_TxMailbox2AbortCallback  stm32f4xx_hal_can.o
    0x08002334   0x08002334   0x00000002   Code   RO         4923    i.HAL_CAN_TxMailbox2CompleteCallback  stm32f4xx_hal_can.o
    0x08002336   0x08002336   0x00000002   Code   RO         4925    i.HAL_CAN_WakeUpFromRxMsgCallback  stm32f4xx_hal_can.o
    0x08002338   0x08002338   0x0000008e   Code   RO         4220    i.HAL_DMA_Abort     stm32f4xx_hal_dma.o
    0x080023c6   0x080023c6   0x00000024   Code   RO         4221    i.HAL_DMA_Abort_IT  stm32f4xx_hal_dma.o
    0x080023ea   0x080023ea   0x00000002   PAD
    0x080023ec   0x080023ec   0x000001d0   Code   RO         4225    i.HAL_DMA_IRQHandler  stm32f4xx_hal_dma.o
    0x080025bc   0x080025bc   0x000000d4   Code   RO         4226    i.HAL_DMA_Init      stm32f4xx_hal_dma.o
    0x08002690   0x08002690   0x00000024   Code   RO         4639    i.HAL_Delay         stm32f4xx_hal.o
    0x080026b4   0x080026b4   0x00000002   Code   RO         4111    i.HAL_GPIO_EXTI_Callback  stm32f4xx_hal_gpio.o
    0x080026b6   0x080026b6   0x00000002   PAD
    0x080026b8   0x080026b8   0x00000018   Code   RO         4112    i.HAL_GPIO_EXTI_IRQHandler  stm32f4xx_hal_gpio.o
    0x080026d0   0x080026d0   0x000001d0   Code   RO         4113    i.HAL_GPIO_Init     stm32f4xx_hal_gpio.o
    0x080028a0   0x080028a0   0x0000000e   Code   RO         4117    i.HAL_GPIO_WritePin  stm32f4xx_hal_gpio.o
    0x080028ae   0x080028ae   0x00000002   PAD
    0x080028b0   0x080028b0   0x0000000c   Code   RO         4645    i.HAL_GetTick       stm32f4xx_hal.o
    0x080028bc   0x080028bc   0x00000010   Code   RO         4651    i.HAL_IncTick       stm32f4xx_hal.o
    0x080028cc   0x080028cc   0x00000034   Code   RO         4652    i.HAL_Init          stm32f4xx_hal.o
    0x08002900   0x08002900   0x00000098   Code   RO         1654    i.HAL_InitTick      stm32f4xx_hal_timebase_tim.o
    0x08002998   0x08002998   0x00000038   Code   RO         1630    i.HAL_MspInit       stm32f4xx_hal_msp.o
    0x080029d0   0x080029d0   0x0000001a   Code   RO         4502    i.HAL_NVIC_EnableIRQ  stm32f4xx_hal_cortex.o
    0x080029ea   0x080029ea   0x00000002   PAD
    0x080029ec   0x080029ec   0x00000040   Code   RO         4508    i.HAL_NVIC_SetPriority  stm32f4xx_hal_cortex.o
    0x08002a2c   0x08002a2c   0x00000024   Code   RO         4509    i.HAL_NVIC_SetPriorityGrouping  stm32f4xx_hal_cortex.o
    0x08002a50   0x08002a50   0x00000002   Code   RO         3361    i.HAL_PCDEx_LPM_Callback  stm32f4xx_hal_pcd_ex.o
    0x08002a52   0x08002a52   0x00000008   Code   RO         3362    i.HAL_PCDEx_SetRxFiFo  stm32f4xx_hal_pcd_ex.o
    0x08002a5a   0x08002a5a   0x00000042   Code   RO         3363    i.HAL_PCDEx_SetTxFiFo  stm32f4xx_hal_pcd_ex.o
    0x08002a9c   0x08002a9c   0x00000008   Code   RO         6963    i.HAL_PCD_ConnectCallback  usbd_conf.o
    0x08002aa4   0x08002aa4   0x00000012   Code   RO         6964    i.HAL_PCD_DataInStageCallback  usbd_conf.o
    0x08002ab6   0x08002ab6   0x00000014   Code   RO         6965    i.HAL_PCD_DataOutStageCallback  usbd_conf.o
    0x08002aca   0x08002aca   0x00000008   Code   RO         6966    i.HAL_PCD_DisconnectCallback  usbd_conf.o
    0x08002ad2   0x08002ad2   0x0000001e   Code   RO         3126    i.HAL_PCD_EP_Abort  stm32f4xx_hal_pcd.o
    0x08002af0   0x08002af0   0x00000048   Code   RO         3127    i.HAL_PCD_EP_Close  stm32f4xx_hal_pcd.o
    0x08002b38   0x08002b38   0x00000058   Code   RO         3128    i.HAL_PCD_EP_ClrStall  stm32f4xx_hal_pcd.o
    0x08002b90   0x08002b90   0x00000012   Code   RO         3130    i.HAL_PCD_EP_GetRxCount  stm32f4xx_hal_pcd.o
    0x08002ba2   0x08002ba2   0x0000005c   Code   RO         3131    i.HAL_PCD_EP_Open   stm32f4xx_hal_pcd.o
    0x08002bfe   0x08002bfe   0x00000042   Code   RO         3132    i.HAL_PCD_EP_Receive  stm32f4xx_hal_pcd.o
    0x08002c40   0x08002c40   0x00000070   Code   RO         3133    i.HAL_PCD_EP_SetStall  stm32f4xx_hal_pcd.o
    0x08002cb0   0x08002cb0   0x00000042   Code   RO         3134    i.HAL_PCD_EP_Transmit  stm32f4xx_hal_pcd.o
    0x08002cf2   0x08002cf2   0x0000050a   Code   RO         3136    i.HAL_PCD_IRQHandler  stm32f4xx_hal_pcd.o
    0x080031fc   0x080031fc   0x00000008   Code   RO         6967    i.HAL_PCD_ISOINIncompleteCallback  usbd_conf.o
    0x08003204   0x08003204   0x00000008   Code   RO         6968    i.HAL_PCD_ISOOUTIncompleteCallback  usbd_conf.o
    0x0800320c   0x0800320c   0x000000e4   Code   RO         3139    i.HAL_PCD_Init      stm32f4xx_hal_pcd.o
    0x080032f0   0x080032f0   0x00000084   Code   RO         6970    i.HAL_PCD_MspInit   usbd_conf.o
    0x08003374   0x08003374   0x0000002e   Code   RO         6971    i.HAL_PCD_ResetCallback  usbd_conf.o
    0x080033a2   0x080033a2   0x00000008   Code   RO         6972    i.HAL_PCD_ResumeCallback  usbd_conf.o
    0x080033aa   0x080033aa   0x00000008   Code   RO         6973    i.HAL_PCD_SOFCallback  usbd_conf.o
    0x080033b2   0x080033b2   0x00000028   Code   RO         3145    i.HAL_PCD_SetAddress  stm32f4xx_hal_pcd.o
    0x080033da   0x080033da   0x0000000e   Code   RO         6974    i.HAL_PCD_SetupStageCallback  usbd_conf.o
    0x080033e8   0x080033e8   0x00000042   Code   RO         3148    i.HAL_PCD_Start     stm32f4xx_hal_pcd.o
    0x0800342a   0x0800342a   0x00000002   PAD
    0x0800342c   0x0800342c   0x00000030   Code   RO         6975    i.HAL_PCD_SuspendCallback  usbd_conf.o
    0x0800345c   0x0800345c   0x00000002   Code   RO         3713    i.HAL_RCC_CSSCallback  stm32f4xx_hal_rcc.o
    0x0800345e   0x0800345e   0x00000002   PAD
    0x08003460   0x08003460   0x0000014c   Code   RO         3714    i.HAL_RCC_ClockConfig  stm32f4xx_hal_rcc.o
    0x080035ac   0x080035ac   0x0000000c   Code   RO         3717    i.HAL_RCC_EnableCSS  stm32f4xx_hal_rcc.o
    0x080035b8   0x080035b8   0x0000003c   Code   RO         3718    i.HAL_RCC_GetClockConfig  stm32f4xx_hal_rcc.o
    0x080035f4   0x080035f4   0x0000000c   Code   RO         3719    i.HAL_RCC_GetHCLKFreq  stm32f4xx_hal_rcc.o
    0x08003600   0x08003600   0x00000020   Code   RO         3721    i.HAL_RCC_GetPCLK1Freq  stm32f4xx_hal_rcc.o
    0x08003620   0x08003620   0x00000020   Code   RO         3722    i.HAL_RCC_GetPCLK2Freq  stm32f4xx_hal_rcc.o
    0x08003640   0x08003640   0x0000006c   Code   RO         3723    i.HAL_RCC_GetSysClockFreq  stm32f4xx_hal_rcc.o
    0x080036ac   0x080036ac   0x0000001c   Code   RO         3725    i.HAL_RCC_NMI_IRQHandler  stm32f4xx_hal_rcc.o
    0x080036c8   0x080036c8   0x000003c0   Code   RO         3726    i.HAL_RCC_OscConfig  stm32f4xx_hal_rcc.o
    0x08003a88   0x08003a88   0x000000be   Code   RO         5135    i.HAL_SPI_Init      stm32f4xx_hal_spi.o
    0x08003b46   0x08003b46   0x00000002   PAD
    0x08003b48   0x08003b48   0x00000090   Code   RO         1393    i.HAL_SPI_MspInit   spi.o
    0x08003bd8   0x08003bd8   0x000001e4   Code   RO         5144    i.HAL_SPI_TransmitReceive  stm32f4xx_hal_spi.o
    0x08003dbc   0x08003dbc   0x00000002   Code   RO         6163    i.HAL_TIMEx_BreakCallback  stm32f4xx_hal_tim_ex.o
    0x08003dbe   0x08003dbe   0x00000002   Code   RO         6164    i.HAL_TIMEx_CommutCallback  stm32f4xx_hal_tim_ex.o
    0x08003dc0   0x08003dc0   0x00000090   Code   RO         6182    i.HAL_TIMEx_MasterConfigSynchronization  stm32f4xx_hal_tim_ex.o
    0x08003e50   0x08003e50   0x0000004a   Code   RO         5448    i.HAL_TIM_Base_Init  stm32f4xx_hal_tim.o
    0x08003e9a   0x08003e9a   0x00000002   PAD
    0x08003e9c   0x08003e9c   0x00000048   Code   RO         1435    i.HAL_TIM_Base_MspInit  tim.o
    0x08003ee4   0x08003ee4   0x0000008c   Code   RO         5453    i.HAL_TIM_Base_Start_IT  stm32f4xx_hal_tim.o
    0x08003f70   0x08003f70   0x000000e8   Code   RO         5457    i.HAL_TIM_ConfigClockSource  stm32f4xx_hal_tim.o
    0x08004058   0x08004058   0x00000002   Code   RO         5482    i.HAL_TIM_IC_CaptureCallback  stm32f4xx_hal_tim.o
    0x0800405a   0x0800405a   0x0000016e   Code   RO         5496    i.HAL_TIM_IRQHandler  stm32f4xx_hal_tim.o
    0x080041c8   0x080041c8   0x00000088   Code   RO         1436    i.HAL_TIM_MspPostInit  tim.o
    0x08004250   0x08004250   0x00000002   Code   RO         5499    i.HAL_TIM_OC_DelayElapsedCallback  stm32f4xx_hal_tim.o
    0x08004252   0x08004252   0x000000d8   Code   RO         5520    i.HAL_TIM_PWM_ConfigChannel  stm32f4xx_hal_tim.o
    0x0800432a   0x0800432a   0x0000004a   Code   RO         5523    i.HAL_TIM_PWM_Init  stm32f4xx_hal_tim.o
    0x08004374   0x08004374   0x00000002   Code   RO         5525    i.HAL_TIM_PWM_MspInit  stm32f4xx_hal_tim.o
    0x08004376   0x08004376   0x00000002   Code   RO         5526    i.HAL_TIM_PWM_PulseFinishedCallback  stm32f4xx_hal_tim.o
    0x08004378   0x08004378   0x000000dc   Code   RO         5528    i.HAL_TIM_PWM_Start  stm32f4xx_hal_tim.o
    0x08004454   0x08004454   0x0000000e   Code   RO         1193    i.HAL_TIM_PeriodElapsedCallback  main.o
    0x08004462   0x08004462   0x00000002   Code   RO         5539    i.HAL_TIM_TriggerCallback  stm32f4xx_hal_tim.o
    0x08004464   0x08004464   0x0000003c   Code   RO          718    i.HAL_UARTEx_RxEventCallback  bsp_uart.o
    0x080044a0   0x080044a0   0x00000002   Code   RO         6455    i.HAL_UART_ErrorCallback  stm32f4xx_hal_uart.o
    0x080044a2   0x080044a2   0x00000002   PAD
    0x080044a4   0x080044a4   0x00000228   Code   RO         6458    i.HAL_UART_IRQHandler  stm32f4xx_hal_uart.o
    0x080046cc   0x080046cc   0x00000064   Code   RO         6459    i.HAL_UART_Init     stm32f4xx_hal_uart.o
    0x08004730   0x08004730   0x000000b4   Code   RO         1489    i.HAL_UART_MspInit  usart.o
    0x080047e4   0x080047e4   0x00000002   Code   RO         6465    i.HAL_UART_RxCpltCallback  stm32f4xx_hal_uart.o
    0x080047e6   0x080047e6   0x00000002   Code   RO         6470    i.HAL_UART_TxCpltCallback  stm32f4xx_hal_uart.o
    0x080047e8   0x080047e8   0x0000001a   Code   RO          642    i.Haltick           bsp_tick.o
    0x08004802   0x08004802   0x00000002   Code   RO         1536    i.HardFault_Handler  stm32f4xx_it.o
    0x08004804   0x08004804   0x00000010   Code   RO          679    i.Heat_Power_Control  bsp_tim.o
    0x08004814   0x08004814   0x00000060   Code   RO          163    i.INSTask_Init      ins_task.o
    0x08004874   0x08004874   0x00000160   Code   RO          164    i.INS_Task          ins_task.o
    0x080049d4   0x080049d4   0x0000003a   Code   RO         6829    i.IntToUnicode      usbd_desc.o
    0x08004a0e   0x08004a0e   0x0000036a   Code   RO          815    i.Kalman_Filter_Init  kalman.o
    0x08004d78   0x08004d78   0x000000c0   Code   RO          816    i.Kalman_Filter_K_Update  kalman.o
    0x08004e38   0x08004e38   0x0000003a   Code   RO          817    i.Kalman_Filter_Measurement_Update  kalman.o
    0x08004e72   0x08004e72   0x00000068   Code   RO          818    i.Kalman_Filter_P_Update  kalman.o
    0x08004eda   0x08004eda   0x0000006a   Code   RO          819    i.Kalman_Filter_Pminus_Update  kalman.o
    0x08004f44   0x08004f44   0x00000086   Code   RO          820    i.Kalman_Filter_Update  kalman.o
    0x08004fca   0x08004fca   0x00000080   Code   RO          821    i.Kalman_Filter_xhat_Update  kalman.o
    0x0800504a   0x0800504a   0x00000074   Code   RO          822    i.Kalman_Filter_xhatminus_Update  kalman.o
    0x080050be   0x080050be   0x00000002   PAD
    0x080050c0   0x080050c0   0x00000024   Code   RO          874    i.LowPassFilter2p_Init  lpf.o
    0x080050e4   0x080050e4   0x0000004c   Code   RO          875    i.LowPassFilter2p_Update  lpf.o
    0x08005130   0x08005130   0x0000001a   Code   RO          566    i.MCU_Init          bsp_mcu.o
    0x0800514a   0x0800514a   0x00000002   PAD
    0x0800514c   0x0800514c   0x00000048   Code   RO         1321    i.MX_CAN1_Init      can.o
    0x08005194   0x08005194   0x00000048   Code   RO         1322    i.MX_CAN2_Init      can.o
    0x080051dc   0x080051dc   0x0000002c   Code   RO         1368    i.MX_DMA_Init       dma.o
    0x08005208   0x08005208   0x0000003c   Code   RO         1268    i.MX_FREERTOS_Init  freertos.o
    0x08005244   0x08005244   0x000000e4   Code   RO         1243    i.MX_GPIO_Init      gpio.o
    0x08005328   0x08005328   0x00000048   Code   RO         1394    i.MX_SPI1_Init      spi.o
    0x08005370   0x08005370   0x00000068   Code   RO         1437    i.MX_TIM10_Init     tim.o
    0x080053d8   0x080053d8   0x00000098   Code   RO         1438    i.MX_TIM4_Init      tim.o
    0x08005470   0x08005470   0x0000003c   Code   RO         1490    i.MX_USART3_UART_Init  usart.o
    0x080054ac   0x080054ac   0x00000080   Code   RO         6797    i.MX_USB_DEVICE_Init  usb_device.o
    0x0800552c   0x0800552c   0x00000002   Code   RO         1537    i.MemManage_Handler  stm32f4xx_it.o
    0x0800552e   0x0800552e   0x00000002   PAD
    0x08005530   0x08005530   0x00000030   Code   RO         1036    i.MiniPC_RecvFrameInfo  minipc.o
    0x08005560   0x08005560   0x0000002c   Code   RO         1037    i.MiniPC_SendFrameInfo  minipc.o
    0x0800558c   0x0800558c   0x00000006   Code   RO         1538    i.NMI_Handler       stm32f4xx_it.o
    0x08005592   0x08005592   0x00000002   PAD
    0x08005594   0x08005594   0x0000000c   Code   RO         1539    i.OTG_FS_IRQHandler  stm32f4xx_it.o
    0x080055a0   0x080055a0   0x00000048   Code   RO         3152    i.PCD_EP_OutSetupPacket_int  stm32f4xx_hal_pcd.o
    0x080055e8   0x080055e8   0x000000e4   Code   RO         3153    i.PCD_EP_OutXfrComplete_int  stm32f4xx_hal_pcd.o
    0x080056cc   0x080056cc   0x0000009c   Code   RO         3154    i.PCD_WriteEmptyTxFifo  stm32f4xx_hal_pcd.o
    0x08005768   0x08005768   0x00000028   Code   RO          941    i.PID_Calc_Clear    pid.o
    0x08005790   0x08005790   0x0000002c   Code   RO          942    i.PID_ErrorHandle   pid.o
    0x080057bc   0x080057bc   0x0000002c   Code   RO          943    i.PID_Init          pid.o
    0x080057e8   0x080057e8   0x00000046   Code   RO          944    i.PID_Param_Init    pid.o
    0x0800582e   0x0800582e   0x00000002   PAD
    0x08005830   0x08005830   0x000001a4   Code   RO            5    i.QuaternionEKF_A_Update  api_quaternion.o
    0x080059d4   0x080059d4   0x00000138   Code   RO            6    i.QuaternionEKF_ChiSqrtTest  api_quaternion.o
    0x08005b0c   0x08005b0c   0x000000e6   Code   RO            7    i.QuaternionEKF_H_Update  api_quaternion.o
    0x08005bf2   0x08005bf2   0x00000002   PAD
    0x08005bf4   0x08005bf4   0x000000bc   Code   RO            8    i.QuaternionEKF_Init  api_quaternion.o
    0x08005cb0   0x08005cb0   0x0000033c   Code   RO            9    i.QuaternionEKF_Update  api_quaternion.o
    0x08005fec   0x08005fec   0x0000024c   Code   RO           10    i.QuaternionEKF_xhat_Update  api_quaternion.o
    0x08006238   0x08006238   0x000000c4   Code   RO         1165    i.SBUS_TO_RC        remote_control.o
    0x080062fc   0x080062fc   0x0000005c   Code   RO         5173    i.SPI_EndRxTxTransaction  stm32f4xx_hal_spi.o
    0x08006358   0x08006358   0x000000bc   Code   RO         5178    i.SPI_WaitFlagStateUntilTimeout  stm32f4xx_hal_spi.o
    0x08006414   0x08006414   0x0000000a   Code   RO         7332    i.SWAPBYTE          usbd_ctlreq.o
    0x0800641e   0x0800641e   0x00000002   PAD
    0x08006420   0x08006420   0x000004fc   Code   RO          105    i.SolveTrajectory_Transform  api_trajectory.o
    0x0800691c   0x0800691c   0x0000002e   Code   RO          106    i.SolveTrajectory_Update  api_trajectory.o
    0x0800694a   0x0800694a   0x00000002   PAD
    0x0800694c   0x0800694c   0x0000002c   Code   RO         3038    i.SysTick_Handler   port.o
    0x08006978   0x08006978   0x00000098   Code   RO         1194    i.SystemClock_Config  main.o
    0x08006a10   0x08006a10   0x00000010   Code   RO         1701    i.SystemInit        system_stm32f4xx.o
    0x08006a20   0x08006a20   0x0000000c   Code   RO         1540    i.TIM2_IRQHandler   stm32f4xx_it.o
    0x08006a2c   0x08006a2c   0x000000cc   Code   RO         5541    i.TIM_Base_SetConfig  stm32f4xx_hal_tim.o
    0x08006af8   0x08006af8   0x0000001a   Code   RO         5542    i.TIM_CCxChannelCmd  stm32f4xx_hal_tim.o
    0x08006b12   0x08006b12   0x00000014   Code   RO         5552    i.TIM_ETR_SetConfig  stm32f4xx_hal_tim.o
    0x08006b26   0x08006b26   0x00000010   Code   RO         5553    i.TIM_ITRx_SetConfig  stm32f4xx_hal_tim.o
    0x08006b36   0x08006b36   0x00000002   PAD
    0x08006b38   0x08006b38   0x00000068   Code   RO         5554    i.TIM_OC1_SetConfig  stm32f4xx_hal_tim.o
    0x08006ba0   0x08006ba0   0x00000074   Code   RO         5555    i.TIM_OC2_SetConfig  stm32f4xx_hal_tim.o
    0x08006c14   0x08006c14   0x00000070   Code   RO         5556    i.TIM_OC3_SetConfig  stm32f4xx_hal_tim.o
    0x08006c84   0x08006c84   0x00000054   Code   RO         5557    i.TIM_OC4_SetConfig  stm32f4xx_hal_tim.o
    0x08006cd8   0x08006cd8   0x00000022   Code   RO         5559    i.TIM_TI1_ConfigInputStage  stm32f4xx_hal_tim.o
    0x08006cfa   0x08006cfa   0x00000024   Code   RO         5561    i.TIM_TI2_ConfigInputStage  stm32f4xx_hal_tim.o
    0x08006d1e   0x08006d1e   0x00000002   PAD
    0x08006d20   0x08006d20   0x000000b4   Code   RO          107    i.Trajectory_BulletModel  api_trajectory.o
    0x08006dd4   0x08006dd4   0x000000b4   Code   RO          108    i.Trajectory_Picth_Update  api_trajectory.o
    0x08006e88   0x08006e88   0x00000010   Code   RO         6472    i.UART_DMAAbortOnError  stm32f4xx_hal_uart.o
    0x08006e98   0x08006e98   0x0000004e   Code   RO         6482    i.UART_EndRxTransfer  stm32f4xx_hal_uart.o
    0x08006ee6   0x08006ee6   0x0000001a   Code   RO         6483    i.UART_EndTransmit_IT  stm32f4xx_hal_uart.o
    0x08006f00   0x08006f00   0x000000c6   Code   RO         6485    i.UART_Receive_IT   stm32f4xx_hal_uart.o
    0x08006fc6   0x08006fc6   0x00000002   PAD
    0x08006fc8   0x08006fc8   0x00000114   Code   RO         6486    i.UART_SetConfig    stm32f4xx_hal_uart.o
    0x080070dc   0x080070dc   0x0000005e   Code   RO         6489    i.UART_Transmit_IT  stm32f4xx_hal_uart.o
    0x0800713a   0x0800713a   0x00000002   PAD
    0x0800713c   0x0800713c   0x0000000c   Code   RO         1541    i.USART3_IRQHandler  stm32f4xx_it.o
    0x08007148   0x08007148   0x00000068   Code   RO          719    i.USART_RxDMA_MultiBufferStart  bsp_uart.o
    0x080071b0   0x080071b0   0x00000078   Code   RO         7495    i.USBD_CDC_DataIn   usbd_cdc.o
    0x08007228   0x08007228   0x0000003e   Code   RO         7496    i.USBD_CDC_DataOut  usbd_cdc.o
    0x08007266   0x08007266   0x00000002   PAD
    0x08007268   0x08007268   0x00000094   Code   RO         7497    i.USBD_CDC_DeInit   usbd_cdc.o
    0x080072fc   0x080072fc   0x00000038   Code   RO         7498    i.USBD_CDC_EP0_RxReady  usbd_cdc.o
    0x08007334   0x08007334   0x0000000c   Code   RO         7499    i.USBD_CDC_GetDeviceQualifierDescriptor  usbd_cdc.o
    0x08007340   0x08007340   0x0000003c   Code   RO         7500    i.USBD_CDC_GetFSCfgDesc  usbd_cdc.o
    0x0800737c   0x0800737c   0x00000040   Code   RO         7501    i.USBD_CDC_GetHSCfgDesc  usbd_cdc.o
    0x080073bc   0x080073bc   0x0000003c   Code   RO         7502    i.USBD_CDC_GetOtherSpeedCfgDesc  usbd_cdc.o
    0x080073f8   0x080073f8   0x0000015c   Code   RO         7503    i.USBD_CDC_Init     usbd_cdc.o
    0x08007554   0x08007554   0x00000040   Code   RO         7504    i.USBD_CDC_ReceivePacket  usbd_cdc.o
    0x08007594   0x08007594   0x00000018   Code   RO         7505    i.USBD_CDC_RegisterInterface  usbd_cdc.o
    0x080075ac   0x080075ac   0x0000001c   Code   RO         7506    i.USBD_CDC_SetRxBuffer  usbd_cdc.o
    0x080075c8   0x080075c8   0x00000020   Code   RO         7507    i.USBD_CDC_SetTxBuffer  usbd_cdc.o
    0x080075e8   0x080075e8   0x0000010a   Code   RO         7508    i.USBD_CDC_Setup    usbd_cdc.o
    0x080076f2   0x080076f2   0x00000002   PAD
    0x080076f4   0x080076f4   0x00000050   Code   RO         7509    i.USBD_CDC_TransmitPacket  usbd_cdc.o
    0x08007744   0x08007744   0x00000014   Code   RO         7170    i.USBD_ClrClassConfig  usbd_core.o
    0x08007758   0x08007758   0x00000026   Code   RO         7333    i.USBD_ClrFeature   usbd_ctlreq.o
    0x0800777e   0x0800777e   0x00000004   Code   RO         7171    i.USBD_CoreFindEP   usbd_core.o
    0x08007782   0x08007782   0x00000004   Code   RO         7172    i.USBD_CoreFindIF   usbd_core.o
    0x08007786   0x08007786   0x00000010   Code   RO         7435    i.USBD_CtlContinueRx  usbd_ioreq.o
    0x08007796   0x08007796   0x00000010   Code   RO         7436    i.USBD_CtlContinueSendData  usbd_ioreq.o
    0x080077a6   0x080077a6   0x00000018   Code   RO         7334    i.USBD_CtlError     usbd_ctlreq.o
    0x080077be   0x080077be   0x0000001e   Code   RO         7437    i.USBD_CtlPrepareRx  usbd_ioreq.o
    0x080077dc   0x080077dc   0x00000016   Code   RO         7438    i.USBD_CtlReceiveStatus  usbd_ioreq.o
    0x080077f2   0x080077f2   0x0000001a   Code   RO         7439    i.USBD_CtlSendData  usbd_ioreq.o
    0x0800780c   0x0800780c   0x00000016   Code   RO         7440    i.USBD_CtlSendStatus  usbd_ioreq.o
    0x08007822   0x08007822   0x00000002   PAD
    0x08007824   0x08007824   0x00000030   Code   RO         6830    i.USBD_FS_ConfigStrDescriptor  usbd_desc.o
    0x08007854   0x08007854   0x0000000c   Code   RO         6831    i.USBD_FS_DeviceDescriptor  usbd_desc.o
    0x08007860   0x08007860   0x00000034   Code   RO         6832    i.USBD_FS_InterfaceStrDescriptor  usbd_desc.o
    0x08007894   0x08007894   0x0000000c   Code   RO         6833    i.USBD_FS_LangIDStrDescriptor  usbd_desc.o
    0x080078a0   0x080078a0   0x00000028   Code   RO         6834    i.USBD_FS_ManufacturerStrDescriptor  usbd_desc.o
    0x080078c8   0x080078c8   0x0000003c   Code   RO         6835    i.USBD_FS_ProductStrDescriptor  usbd_desc.o
    0x08007904   0x08007904   0x00000014   Code   RO         6836    i.USBD_FS_SerialStrDescriptor  usbd_desc.o
    0x08007918   0x08007918   0x0000003a   Code   RO         7335    i.USBD_GetConfig    usbd_ctlreq.o
    0x08007952   0x08007952   0x000001b0   Code   RO         7336    i.USBD_GetDescriptor  usbd_ctlreq.o
    0x08007b02   0x08007b02   0x0000003a   Code   RO         7174    i.USBD_GetEpDesc    usbd_core.o
    0x08007b3c   0x08007b3c   0x00000014   Code   RO         7337    i.USBD_GetLen       usbd_ctlreq.o
    0x08007b50   0x08007b50   0x0000000e   Code   RO         7175    i.USBD_GetNextDesc  usbd_core.o
    0x08007b5e   0x08007b5e   0x0000003c   Code   RO         7338    i.USBD_GetStatus    usbd_ctlreq.o
    0x08007b9a   0x08007b9a   0x0000003e   Code   RO         7339    i.USBD_GetString    usbd_ctlreq.o
    0x08007bd8   0x08007bd8   0x00000024   Code   RO         6976    i.USBD_Get_USB_Status  usbd_conf.o
    0x08007bfc   0x08007bfc   0x00000028   Code   RO         7176    i.USBD_Init         usbd_core.o
    0x08007c24   0x08007c24   0x00000012   Code   RO         6977    i.USBD_LL_ClearStallEP  usbd_conf.o
    0x08007c36   0x08007c36   0x00000012   Code   RO         6978    i.USBD_LL_CloseEP   usbd_conf.o
    0x08007c48   0x08007c48   0x000000dc   Code   RO         7177    i.USBD_LL_DataInStage  usbd_core.o
    0x08007d24   0x08007d24   0x000000ca   Code   RO         7178    i.USBD_LL_DataOutStage  usbd_core.o
    0x08007dee   0x08007dee   0x00000004   Code   RO         7179    i.USBD_LL_DevConnected  usbd_core.o
    0x08007df2   0x08007df2   0x00000020   Code   RO         7180    i.USBD_LL_DevDisconnected  usbd_core.o
    0x08007e12   0x08007e12   0x00000008   Code   RO         6982    i.USBD_LL_GetRxDataSize  usbd_conf.o
    0x08007e1a   0x08007e1a   0x00000002   PAD
    0x08007e1c   0x08007e1c   0x00000060   Code   RO         6983    i.USBD_LL_Init      usbd_conf.o
    0x08007e7c   0x08007e7c   0x00000020   Code   RO         6984    i.USBD_LL_IsStallEP  usbd_conf.o
    0x08007e9c   0x08007e9c   0x0000002a   Code   RO         7181    i.USBD_LL_IsoINIncomplete  usbd_core.o
    0x08007ec6   0x08007ec6   0x0000002a   Code   RO         7182    i.USBD_LL_IsoOUTIncomplete  usbd_core.o
    0x08007ef0   0x08007ef0   0x00000018   Code   RO         6985    i.USBD_LL_OpenEP    usbd_conf.o
    0x08007f08   0x08007f08   0x00000012   Code   RO         6986    i.USBD_LL_PrepareReceive  usbd_conf.o
    0x08007f1a   0x08007f1a   0x00000060   Code   RO         7183    i.USBD_LL_Reset     usbd_core.o
    0x08007f7a   0x08007f7a   0x00000014   Code   RO         7184    i.USBD_LL_Resume    usbd_core.o
    0x08007f8e   0x08007f8e   0x0000001a   Code   RO         7185    i.USBD_LL_SOF       usbd_core.o
    0x08007fa8   0x08007fa8   0x00000006   Code   RO         7186    i.USBD_LL_SetSpeed  usbd_core.o
    0x08007fae   0x08007fae   0x00000012   Code   RO         6987    i.USBD_LL_SetUSBAddress  usbd_conf.o
    0x08007fc0   0x08007fc0   0x00000060   Code   RO         7187    i.USBD_LL_SetupStage  usbd_core.o
    0x08008020   0x08008020   0x00000012   Code   RO         6988    i.USBD_LL_StallEP   usbd_conf.o
    0x08008032   0x08008032   0x00000012   Code   RO         6989    i.USBD_LL_Start     usbd_conf.o
    0x08008044   0x08008044   0x00000010   Code   RO         7188    i.USBD_LL_Suspend   usbd_core.o
    0x08008054   0x08008054   0x00000012   Code   RO         6991    i.USBD_LL_Transmit  usbd_conf.o
    0x08008066   0x08008066   0x00000032   Code   RO         7340    i.USBD_ParseSetupRequest  usbd_ctlreq.o
    0x08008098   0x08008098   0x0000003a   Code   RO         7189    i.USBD_RegisterClass  usbd_core.o
    0x080080d2   0x080080d2   0x00000004   Code   RO         7190    i.USBD_RunTestMode  usbd_core.o
    0x080080d6   0x080080d6   0x00000058   Code   RO         7341    i.USBD_SetAddress   usbd_ctlreq.o
    0x0800812e   0x0800812e   0x00000014   Code   RO         7191    i.USBD_SetClassConfig  usbd_core.o
    0x08008142   0x08008142   0x00000002   PAD
    0x08008144   0x08008144   0x000000dc   Code   RO         7342    i.USBD_SetConfig    usbd_ctlreq.o
    0x08008220   0x08008220   0x00000024   Code   RO         7343    i.USBD_SetFeature   usbd_ctlreq.o
    0x08008244   0x08008244   0x00000004   Code   RO         7192    i.USBD_Start        usbd_core.o
    0x08008248   0x08008248   0x00000076   Code   RO         7344    i.USBD_StdDevReq    usbd_ctlreq.o
    0x080082be   0x080082be   0x00000220   Code   RO         7345    i.USBD_StdEPReq     usbd_ctlreq.o
    0x080084de   0x080084de   0x0000008e   Code   RO         7346    i.USBD_StdItfReq    usbd_ctlreq.o
    0x0800856c   0x0800856c   0x00000002   Code   RO         6992    i.USBD_static_free  usbd_conf.o
    0x0800856e   0x0800856e   0x00000002   PAD
    0x08008570   0x08008570   0x00000008   Code   RO         6993    i.USBD_static_malloc  usbd_conf.o
    0x08008578   0x08008578   0x00000084   Code   RO         3403    i.USB_ActivateEndpoint  stm32f4xx_ll_usb.o
    0x080085fc   0x080085fc   0x0000001c   Code   RO         3405    i.USB_ActivateSetup  stm32f4xx_ll_usb.o
    0x08008618   0x08008618   0x00000080   Code   RO         3407    i.USB_CoreInit      stm32f4xx_ll_usb.o
    0x08008698   0x08008698   0x00000048   Code   RO         3408    i.USB_CoreReset     stm32f4xx_ll_usb.o
    0x080086e0   0x080086e0   0x000000c8   Code   RO         3411    i.USB_DeactivateEndpoint  stm32f4xx_ll_usb.o
    0x080087a8   0x080087a8   0x0000001c   Code   RO         3412    i.USB_DevConnect    stm32f4xx_ll_usb.o
    0x080087c4   0x080087c4   0x0000001c   Code   RO         3413    i.USB_DevDisconnect  stm32f4xx_ll_usb.o
    0x080087e0   0x080087e0   0x00000170   Code   RO         3414    i.USB_DevInit       stm32f4xx_ll_usb.o
    0x08008950   0x08008950   0x0000000c   Code   RO         3415    i.USB_DisableGlobalInt  stm32f4xx_ll_usb.o
    0x0800895c   0x0800895c   0x00000118   Code   RO         3418    i.USB_EP0StartXfer  stm32f4xx_ll_usb.o
    0x08008a74   0x08008a74   0x00000054   Code   RO         3419    i.USB_EP0_OutStart  stm32f4xx_ll_usb.o
    0x08008ac8   0x08008ac8   0x00000058   Code   RO         3420    i.USB_EPClearStall  stm32f4xx_ll_usb.o
    0x08008b20   0x08008b20   0x00000058   Code   RO         3421    i.USB_EPSetStall    stm32f4xx_ll_usb.o
    0x08008b78   0x08008b78   0x000001f8   Code   RO         3422    i.USB_EPStartXfer   stm32f4xx_ll_usb.o
    0x08008d70   0x08008d70   0x000000a4   Code   RO         3423    i.USB_EPStopXfer    stm32f4xx_ll_usb.o
    0x08008e14   0x08008e14   0x0000000c   Code   RO         3424    i.USB_EnableGlobalInt  stm32f4xx_ll_usb.o
    0x08008e20   0x08008e20   0x00000044   Code   RO         3425    i.USB_FlushRxFifo   stm32f4xx_ll_usb.o
    0x08008e64   0x08008e64   0x00000048   Code   RO         3426    i.USB_FlushTxFifo   stm32f4xx_ll_usb.o
    0x08008eac   0x08008eac   0x00000020   Code   RO         3428    i.USB_GetDevSpeed   stm32f4xx_ll_usb.o
    0x08008ecc   0x08008ecc   0x00000008   Code   RO         3430    i.USB_GetMode       stm32f4xx_ll_usb.o
    0x08008ed4   0x08008ed4   0x0000000e   Code   RO         3437    i.USB_ReadDevAllInEpInterrupt  stm32f4xx_ll_usb.o
    0x08008ee2   0x08008ee2   0x0000000e   Code   RO         3438    i.USB_ReadDevAllOutEpInterrupt  stm32f4xx_ll_usb.o
    0x08008ef0   0x08008ef0   0x00000024   Code   RO         3439    i.USB_ReadDevInEPInterrupt  stm32f4xx_ll_usb.o
    0x08008f14   0x08008f14   0x00000010   Code   RO         3440    i.USB_ReadDevOutEPInterrupt  stm32f4xx_ll_usb.o
    0x08008f24   0x08008f24   0x00000008   Code   RO         3441    i.USB_ReadInterrupts  stm32f4xx_ll_usb.o
    0x08008f2c   0x08008f2c   0x0000003e   Code   RO         3442    i.USB_ReadPacket    stm32f4xx_ll_usb.o
    0x08008f6a   0x08008f6a   0x00000060   Code   RO         3444    i.USB_SetCurrentMode  stm32f4xx_ll_usb.o
    0x08008fca   0x08008fca   0x0000001e   Code   RO         3445    i.USB_SetDevAddress  stm32f4xx_ll_usb.o
    0x08008fe8   0x08008fe8   0x0000000e   Code   RO         3446    i.USB_SetDevSpeed   stm32f4xx_ll_usb.o
    0x08008ff6   0x08008ff6   0x00000002   PAD
    0x08008ff8   0x08008ff8   0x000000f4   Code   RO         3447    i.USB_SetTurnaroundTime  stm32f4xx_ll_usb.o
    0x080090ec   0x080090ec   0x00000028   Code   RO         3450    i.USB_WritePacket   stm32f4xx_ll_usb.o
    0x08009114   0x08009114   0x00000008   Code   RO          299    i.USER_CAN_RxMessageHandler  bsp_can.o
    0x0800911c   0x0800911c   0x00000070   Code   RO          720    i.USER_USART3_RxHandler  bsp_uart.o
    0x0800918c   0x0800918c   0x00000002   Code   RO         1542    i.UsageFault_Handler  stm32f4xx_it.o
    0x0800918e   0x0800918e   0x00000028   Code   RO          680    i.User_Tim_SetCompare  bsp_tim.o
    0x080091b6   0x080091b6   0x00000002   PAD
    0x080091b8   0x080091b8   0x00000158   Code   RO          271    i.Vision_Task       vision_task.o
    0x08009310   0x08009310   0x00000030   Code   RO         8221    i.__ARM_fpclassify  m_wm.l(fpclassify.o)
    0x08009340   0x08009340   0x00000026   Code   RO         8223    i.__ARM_fpclassifyf  m_wm.l(fpclassifyf.o)
    0x08009366   0x08009366   0x00000020   Code   RO         4515    i.__NVIC_SetPriority  stm32f4xx_hal_cortex.o
    0x08009386   0x08009386   0x00000002   PAD
    0x08009388   0x08009388   0x0000012c   Code   RO         7976    i.__hardfp_asinf    m_wm.l(asinf.o)
    0x080094b4   0x080094b4   0x00000004   PAD
    0x080094b8   0x080094b8   0x000002d8   Code   RO         8190    i.__hardfp_atan     m_wm.l(atan.o)
    0x08009790   0x08009790   0x00000200   Code   RO         7988    i.__hardfp_atan2    m_wm.l(atan2.o)
    0x08009990   0x08009990   0x000002ac   Code   RO         8000    i.__hardfp_atan2f   m_wm.l(atan2f.o)
    0x08009c3c   0x08009c3c   0x00000004   PAD
    0x08009c40   0x08009c40   0x000000c8   Code   RO         8012    i.__hardfp_cos      m_wm.l(cos.o)
    0x08009d08   0x08009d08   0x00000358   Code   RO         8024    i.__hardfp_exp      m_wm.l(exp.o)
    0x0800a060   0x0800a060   0x00000014   Code   RO         8038    i.__hardfp_fabs     m_wm.l(fabs.o)
    0x0800a074   0x0800a074   0x00000004   PAD
    0x0800a078   0x0800a078   0x000000c8   Code   RO         8058    i.__hardfp_sin      m_wm.l(sin.o)
    0x0800a140   0x0800a140   0x00000438   Code   RO         8242    i.__ieee754_rem_pio2  m_wm.l(rred.o)
    0x0800a578   0x0800a578   0x00000170   Code   RO         8204    i.__kernel_cos      m_wm.l(cos_i.o)
    0x0800a6e8   0x0800a6e8   0x000000f8   Code   RO         8239    i.__kernel_poly     m_wm.l(poly.o)
    0x0800a7e0   0x0800a7e0   0x00000130   Code   RO         8247    i.__kernel_sin      m_wm.l(sin_i.o)
    0x0800a910   0x0800a910   0x00000014   Code   RO         8208    i.__mathlib_dbl_infnan  m_wm.l(dunder.o)
    0x0800a924   0x0800a924   0x00000014   Code   RO         8209    i.__mathlib_dbl_infnan2  m_wm.l(dunder.o)
    0x0800a938   0x0800a938   0x00000020   Code   RO         8210    i.__mathlib_dbl_invalid  m_wm.l(dunder.o)
    0x0800a958   0x0800a958   0x00000020   Code   RO         8211    i.__mathlib_dbl_overflow  m_wm.l(dunder.o)
    0x0800a978   0x0800a978   0x00000020   Code   RO         8213    i.__mathlib_dbl_underflow  m_wm.l(dunder.o)
    0x0800a998   0x0800a998   0x00000006   Code   RO         8226    i.__mathlib_flt_infnan  m_wm.l(funder.o)
    0x0800a99e   0x0800a99e   0x00000006   Code   RO         8227    i.__mathlib_flt_infnan2  m_wm.l(funder.o)
    0x0800a9a4   0x0800a9a4   0x00000010   Code   RO         8228    i.__mathlib_flt_invalid  m_wm.l(funder.o)
    0x0800a9b4   0x0800a9b4   0x00000010   Code   RO         8231    i.__mathlib_flt_underflow  m_wm.l(funder.o)
    0x0800a9c4   0x0800a9c4   0x00000010   Code   RO         8192    i.atan              m_wm.l(atan.o)
    0x0800a9d4   0x0800a9d4   0x0000018c   Code   RO          945    i.f_PID_Calculate   pid.o
    0x0800ab60   0x0800ab60   0x00000018   Code   RO         8040    i.fabs              m_wm.l(fabs.o)
    0x0800ab78   0x0800ab78   0x00000030   Code   RO          764    i.get_CRC16_check_sum  crc.o
    0x0800aba8   0x0800aba8   0x00000010   Code   RO         2589    i.inHandlerMode     cmsis_os.o
    0x0800abb8   0x0800abb8   0x00000036   Code   RO         1195    i.main              main.o
    0x0800abee   0x0800abee   0x0000000c   Code   RO         2591    i.makeFreeRtosPriority  cmsis_os.o
    0x0800abfa   0x0800abfa   0x00000010   Code   RO         2594    i.osDelayUntil      cmsis_os.o
    0x0800ac0a   0x0800ac0a   0x0000000a   Code   RO         2596    i.osKernelStart     cmsis_os.o
    0x0800ac14   0x0800ac14   0x00000018   Code   RO         2597    i.osKernelSysTick   cmsis_os.o
    0x0800ac2c   0x0800ac2c   0x00000058   Code   RO         2630    i.osThreadCreate    cmsis_os.o
    0x0800ac84   0x0800ac84   0x00000078   Code   RO         2217    i.prvAddCurrentTaskToDelayedList  tasks.o
    0x0800acfc   0x0800acfc   0x00000088   Code   RO         2218    i.prvAddNewTaskToReadyList  tasks.o
    0x0800ad84   0x0800ad84   0x0000003c   Code   RO         2219    i.prvCheckTasksWaitingTermination  tasks.o
    0x0800adc0   0x0800adc0   0x00000040   Code   RO         2220    i.prvDeleteTCB      tasks.o
    0x0800ae00   0x0800ae00   0x0000004c   Code   RO         2970    i.prvHeapInit       heap_4.o
    0x0800ae4c   0x0800ae4c   0x00000028   Code   RO         2221    i.prvIdleTask       tasks.o
    0x0800ae74   0x0800ae74   0x000000ac   Code   RO         2222    i.prvInitialiseNewTask  tasks.o
    0x0800af20   0x0800af20   0x00000058   Code   RO         2223    i.prvInitialiseTaskLists  tasks.o
    0x0800af78   0x0800af78   0x00000054   Code   RO         2971    i.prvInsertBlockIntoFreeList  heap_4.o
    0x0800afcc   0x0800afcc   0x00000024   Code   RO         2224    i.prvResetNextTaskUnblockTime  tasks.o
    0x0800aff0   0x0800aff0   0x0000002c   Code   RO         3039    i.prvTaskExitError  port.o
    0x0800b01c   0x0800b01c   0x000000dc   Code   RO         2972    i.pvPortMalloc      heap_4.o
    0x0800b0f8   0x0800b0f8   0x00000024   Code   RO         3040    i.pxPortInitialiseStack  port.o
    0x0800b11c   0x0800b11c   0x0000003e   Code   RO         8261    i.sqrtf             m_wm.l(sqrtf_full.o)
    0x0800b15a   0x0800b15a   0x00000026   Code   RO         1836    i.uxListRemove      list.o
    0x0800b180   0x0800b180   0x00000018   Code   RO         1270    i.vApplicationGetIdleTaskMemory  freertos.o
    0x0800b198   0x0800b198   0x00000016   Code   RO         1837    i.vListInitialise   list.o
    0x0800b1ae   0x0800b1ae   0x00000006   Code   RO         1838    i.vListInitialiseItem  list.o
    0x0800b1b4   0x0800b1b4   0x00000030   Code   RO         1839    i.vListInsert       list.o
    0x0800b1e4   0x0800b1e4   0x00000018   Code   RO         1840    i.vListInsertEnd    list.o
    0x0800b1fc   0x0800b1fc   0x00000040   Code   RO         3042    i.vPortEnterCritical  port.o
    0x0800b23c   0x0800b23c   0x0000002c   Code   RO         3043    i.vPortExitCritical  port.o
    0x0800b268   0x0800b268   0x00000064   Code   RO         2973    i.vPortFree         heap_4.o
    0x0800b2cc   0x0800b2cc   0x00000024   Code   RO         3044    i.vPortSetupTimerInterrupt  port.o
    0x0800b2f0   0x0800b2f0   0x00000054   Code   RO         3045    i.vPortValidateInterruptPriority  port.o
    0x0800b344   0x0800b344   0x00000098   Code   RO         2238    i.vTaskDelayUntil   tasks.o
    0x0800b3dc   0x0800b3dc   0x00000088   Code   RO         2251    i.vTaskStartScheduler  tasks.o
    0x0800b464   0x0800b464   0x00000010   Code   RO         2253    i.vTaskSuspendAll   tasks.o
    0x0800b474   0x0800b474   0x00000060   Code   RO         2254    i.vTaskSwitchContext  tasks.o
    0x0800b4d4   0x0800b4d4   0x00000040   Code   RO          766    i.verify_CRC16_check_sum  crc.o
    0x0800b514   0x0800b514   0x000000f4   Code   RO         3046    i.xPortStartScheduler  port.o
    0x0800b608   0x0800b608   0x00000064   Code   RO         2258    i.xTaskCreate       tasks.o
    0x0800b66c   0x0800b66c   0x0000005c   Code   RO         2259    i.xTaskCreateStatic  tasks.o
    0x0800b6c8   0x0800b6c8   0x0000000c   Code   RO         2265    i.xTaskGetTickCount  tasks.o
    0x0800b6d4   0x0800b6d4   0x00000010   Code   RO         2266    i.xTaskGetTickCountFromISR  tasks.o
    0x0800b6e4   0x0800b6e4   0x000000d0   Code   RO         2267    i.xTaskIncrementTick  tasks.o
    0x0800b7b4   0x0800b7b4   0x000000cc   Code   RO         2273    i.xTaskResumeAll    tasks.o
    0x0800b880   0x0800b880   0x00000018   Code   RO         8157    x$fpl$basic         g_wm.l(basic.o)
    0x0800b898   0x0800b898   0x000002c4   Code   RO         7952    x$fpl$d2f           g_wm.l(d2f_clz.o)
    0x0800bb5c   0x0800bb5c   0x0000024c   Code   RO         7954    x$fpl$dadd          g_wm.l(daddsub_clz.o)
    0x0800bda8   0x0800bda8   0x00000018   Code   RO         8159    x$fpl$dcmpinf       g_wm.l(dcmpi.o)
    0x0800bdc0   0x0800bdc0   0x0000037c   Code   RO         7961    x$fpl$ddiv          g_wm.l(ddiv_clz.o)
    0x0800c13c   0x0800c13c   0x00000074   Code   RO         8161    x$fpl$deqf          g_wm.l(deqf.o)
    0x0800c1b0   0x0800c1b0   0x000000c8   Code   RO         8163    x$fpl$dfix          g_wm.l(dfix.o)
    0x0800c278   0x0800c278   0x0000002e   Code   RO         7965    x$fpl$dflt          g_wm.l(dflt_clz.o)
    0x0800c2a6   0x0800c2a6   0x0000001a   Code   RO         7966    x$fpl$dfltn         g_wm.l(dflt_clz.o)
    0x0800c2c0   0x0800c2c0   0x00000026   Code   RO         7964    x$fpl$dfltu         g_wm.l(dflt_clz.o)
    0x0800c2e6   0x0800c2e6   0x00000002   PAD
    0x0800c2e8   0x0800c2e8   0x00000078   Code   RO         7970    x$fpl$dleqf         g_wm.l(dleqf.o)
    0x0800c360   0x0800c360   0x000001c0   Code   RO         7972    x$fpl$dmul          g_wm.l(dmul_clz.o)
    0x0800c520   0x0800c520   0x00000102   Code   RO         8167    x$fpl$dnaninf       g_wm.l(dnaninf.o)
    0x0800c622   0x0800c622   0x00000070   Code   RO         8169    x$fpl$drenorm       g_wm.l(drenorm_clz.o)
    0x0800c692   0x0800c692   0x0000000c   Code   RO         8171    x$fpl$dretinf       g_wm.l(dretinf.o)
    0x0800c69e   0x0800c69e   0x00000062   Code   RO         8173    x$fpl$drleqf        g_wm.l(drleqf.o)
    0x0800c700   0x0800c700   0x00000050   Code   RO         7955    x$fpl$drsb          g_wm.l(daddsub_clz.o)
    0x0800c750   0x0800c750   0x0000029c   Code   RO         7956    x$fpl$dsub          g_wm.l(daddsub_clz.o)
    0x0800c9ec   0x0800c9ec   0x0000017a   Code   RO         8175    x$fpl$dunder        g_wm.l(dunder_clz.o)
    0x0800cb66   0x0800cb66   0x00000002   PAD
    0x0800cb68   0x0800cb68   0x000001ec   Code   RO         8177    x$fpl$exception     g_wm.l(except.o)
    0x0800cd54   0x0800cd54   0x0000007a   Code   RO         7974    x$fpl$f2d           g_wm.l(f2d.o)
    0x0800cdce   0x0800cdce   0x000000f2   Code   RO         8179    x$fpl$fnaninf       g_wm.l(fnaninf.o)
    0x0800cec0   0x0800cec0   0x0000000a   Code   RO         8327    x$fpl$fpinit        g_wm.l(fpinit.o)
    0x0800ceca   0x0800ceca   0x0000000a   Code   RO         8181    x$fpl$fretinf       g_wm.l(fretinf.o)
    0x0800ced4   0x0800ced4   0x0000013c   Code   RO         8183    x$fpl$funder        g_wm.l(funder_clz.o)
    0x0800d010   0x0800d010   0x000000b2   Code   RO         8329    x$fpl$retnan        g_wm.l(retnan.o)
    0x0800d0c2   0x0800d0c2   0x0000007e   Code   RO         8187    x$fpl$trapveneer    g_wm.l(trapv.o)
    0x0800d140   0x0800d140   0x00000000   Code   RO         8189    x$fpl$usenofp       g_wm.l(usenofp.o)
    0x0800d140   0x0800d140   0x00000300   Data   RO          769    .constdata          crc.o
    0x0800d440   0x0800d440   0x00000038   Data   RO         1272    .constdata          freertos.o
    0x0800d478   0x0800d478   0x00000010   Data   RO         1702    .constdata          system_stm32f4xx.o
    0x0800d488   0x0800d488   0x00000008   Data   RO         1703    .constdata          system_stm32f4xx.o
    0x0800d490   0x0800d490   0x00000008   Data   RO         4232    .constdata          stm32f4xx_hal_dma.o
    0x0800d498   0x0800d498   0x00000804   Data   RO         7851    .constdata          arm_cortexM4lf_math.lib(arm_common_tables.o)
    0x0800dc9c   0x0800dc9c   0x00000004   PAD
    0x0800dca0   0x0800dca0   0x00000058   Data   RO         8027    .constdata          m_wm.l(exp.o)
    0x0800dcf8   0x0800dcf8   0x00000098   Data   RO         8193    .constdata          m_wm.l(atan.o)
    0x0800dd90   0x0800dd90   0x00000030   Data   RO         8205    .constdata          m_wm.l(cos_i.o)
    0x0800ddc0   0x0800ddc0   0x00000008   Data   RO         8241    .constdata          m_wm.l(qnan.o)
    0x0800ddc8   0x0800ddc8   0x000000c8   Data   RO         8244    .constdata          m_wm.l(rred.o)
    0x0800de90   0x0800de90   0x00000028   Data   RO         8248    .constdata          m_wm.l(sin_i.o)
    0x0800deb8   0x0800deb8   0x00000020   Data   RO         1273    .conststring        freertos.o
    0x0800ded8   0x0800ded8   0x00000020   Data   RO         8420    Region$$Table       anon$$obj.o


    Execution Region RW_IRAM1 (Exec base: 0x20000000, Load base: 0x0800def8, Size: 0x0000cb28, Max: 0x0001c000, ABSOLUTE, COMPRESSED[0x0000012c])

    Exec Addr    Load Addr    Size         Type   Attr      Idx    E Section Name        Object

    0x20000000   COMPRESSED   0x00000144   Data   RW          166    .data               ins_task.o
    0x20000144   COMPRESSED   0x00000014   Data   RW          273    .data               vision_task.o
    0x20000158   COMPRESSED   0x00000024   Data   RW          302    .data               bsp_can.o
    0x2000017c   COMPRESSED   0x00000002   Data   RW          770    .data               crc.o
    0x2000017e   COMPRESSED   0x00000002   PAD
    0x20000180   COMPRESSED   0x0000002c   Data   RW          987    .data               bmi088.o
    0x200001ac   COMPRESSED   0x00000030   Data   RW         1039    .data               minipc.o
    0x200001dc   COMPRESSED   0x0000001c   Data   RW         1040    .data               minipc.o
    0x200001f8   COMPRESSED   0x00000008   Data   RW         1274    .data               freertos.o
    0x20000200   COMPRESSED   0x00000004   Data   RW         1324    .data               can.o
    0x20000204   COMPRESSED   0x00000004   Data   RW         1704    .data               system_stm32f4xx.o
    0x20000208   COMPRESSED   0x0000003c   Data   RW         2276    .data               tasks.o
    0x20000244   COMPRESSED   0x00000020   Data   RW         2979    .data               heap_4.o
    0x20000264   COMPRESSED   0x0000000c   Data   RW         3047    .data               port.o
    0x20000270   COMPRESSED   0x0000000c   Data   RW         4659    .data               stm32f4xx_hal.o
    0x2000027c   COMPRESSED   0x0000001c   Data   RW         6838    .data               usbd_desc.o
    0x20000298   COMPRESSED   0x00000032   Data   RW         6839    .data               usbd_desc.o
    0x200002ca   COMPRESSED   0x00000002   PAD
    0x200002cc   COMPRESSED   0x00000014   Data   RW         6913    .data               usbd_cdc_if.o
    0x200002e0   COMPRESSED   0x00000001   Data   RW         7347    .data               usbd_ctlreq.o
    0x200002e1   COMPRESSED   0x00000003   PAD
    0x200002e4   COMPRESSED   0x00000053   Data   RW         7510    .data               usbd_cdc.o
    0x20000337   COMPRESSED   0x00000001   PAD
    0x20000338   COMPRESSED   0x00000038   Data   RW         7511    .data               usbd_cdc.o
    0x20000370        -       0x0000029c   Zero   RW          165    .bss                ins_task.o
    0x2000060c        -       0x00000078   Zero   RW          272    .bss                vision_task.o
    0x20000684        -       0x0000001c   Zero   RW          301    .bss                bsp_can.o
    0x200006a0        -       0x0000003c   Zero   RW          986    .bss                bmi088.o
    0x200006dc        -       0x0000001c   Zero   RW         1038    .bss                minipc.o
    0x200006f8        -       0x00000018   Zero   RW         1166    .bss                remote_control.o
    0x20000710        -       0x00000048   Zero   RW         1167    .bss                remote_control.o
    0x20000758        -       0x00000454   Zero   RW         1271    .bss                freertos.o
    0x20000bac        -       0x00000050   Zero   RW         1323    .bss                can.o
    0x20000bfc        -       0x00000058   Zero   RW         1395    .bss                spi.o
    0x20000c54        -       0x00000090   Zero   RW         1439    .bss                tim.o
    0x20000ce4        -       0x000000a4   Zero   RW         1491    .bss                usart.o
    0x20000d88        -       0x00000048   Zero   RW         1657    .bss                stm32f4xx_hal_timebase_tim.o
    0x20000dd0        -       0x000000f0   Zero   RW         2275    .bss                tasks.o
    0x20000ec0        -       0x00006000   Zero   RW         2978    .bss                heap_4.o
    0x20006ec0        -       0x000002dc   Zero   RW         6798    .bss                usb_device.o
    0x2000719c        -       0x00000200   Zero   RW         6837    .bss                usbd_desc.o
    0x2000739c        -       0x00001000   Zero   RW         6912    .bss                usbd_cdc_if.o
    0x2000839c        -       0x0000072c   Zero   RW         6994    .bss                usbd_conf.o
    0x20008ac8        -       0x00000060   Zero   RW         8280    .bss                c_w.l(libspace.o)
    0x20008b28        -       0x00002000   Zero   RW         1691    HEAP                startup_stm32f407xx.o
    0x2000ab28        -       0x00002000   Zero   RW         1690    STACK               startup_stm32f407xx.o


    Execution Region RW_IRAM2 (Exec base: 0x2001c000, Load base: 0x0800e024, Size: 0x00000000, Max: 0x00004000, ABSOLUTE)

    **** No section assigned to this execution region ****


==============================================================================

Image component sizes


      Code (inc. data)   RO Data    RW Data    ZI Data      Debug   Object Name

      2610         82          0          0          0      27956   api_quaternion.o
      1682         50          0          0          0      20358   api_trajectory.o
      1268         30          0         44         60       9181   bmi088.o
       160         24          0         36         28     713488   bsp_can.o
        64         24          0          0          0       1790   bsp_gpio.o
        26          0          0          0          0       6271   bsp_mcu.o
        36          4          0          0          0        565   bsp_spi.o
        70          0          0          0          0       1582   bsp_tick.o
        68         10          0          0          0       1784   bsp_tim.o
       308         22          0          0          0       2818   bsp_uart.o
       400         46          0          4         80       2474   can.o
       166          0          0          0          0      29198   cmsis_os.o
       112          8        768          2          0       2284   crc.o
        44          4          0          0          0        754   dma.o
         0          0          0          0          0      15100   event_groups.o
        84         14         88          8       1108       2054   freertos.o
       228         16          0          0          0       1055   gpio.o
       480         26          0         32      24576       7483   heap_4.o
       552         72          0        324        668      38861   ins_task.o
      1712          0          0          0          0       5612   kalman.o
       138          0          0          0          0       3514   list.o
       112          6          0          0          0       1580   lpf.o
       224         10          0          0          0       2672   main.o
        92          8          0         76         28       4653   minipc.o
       594         18          0          0          0       8330   pid.o
       786         84          0         12          0      11845   port.o
         0          0          0          0          0       1472   ramp.o
       196          0          0          0         96       2280   remote_control.o
       216         26          0          0         88       1717   spi.o
        64         26        392          0      16384        804   startup_stm32f407xx.o
       116         18          0         12          0       8658   stm32f4xx_hal.o
      1528          6          0          0          0      13332   stm32f4xx_hal_can.o
       158         14          0          0          0      33194   stm32f4xx_hal_cortex.o
      1018         14          8          0          0       5763   stm32f4xx_hal_dma.o
       504         50          0          0          0       3460   stm32f4xx_hal_gpio.o
        56          4          0          0          0        838   stm32f4xx_hal_msp.o
      2624         14          0          0          0      14192   stm32f4xx_hal_pcd.o
        76          0          0          0          0       2469   stm32f4xx_hal_pcd_ex.o
      1578         96          0          0          0       8536   stm32f4xx_hal_rcc.o
       954         14          0          0          0       4697   stm32f4xx_hal_spi.o
      2084        140          0          0          0      16740   stm32f4xx_hal_tim.o
       148         30          0          0          0       2493   stm32f4xx_hal_tim_ex.o
       152         18          0          0         72       1527   stm32f4xx_hal_timebase_tim.o
      1346         16          0          0          0       8931   stm32f4xx_hal_uart.o
        94         36          0          0          0       5978   stm32f4xx_it.o
      2970        138          0          0          0      24247   stm32f4xx_ll_usb.o
        16          4         24          4          0       1103   system_stm32f4xx.o
      1748        130          0         60        240      22237   tasks.o
       464         54          0          0        144       3099   tim.o
       240         36          0          0        164       1769   usart.o
       128         22          0          0        732        852   usb_device.o
      1424         40          0        139          0      14485   usbd_cdc.o
       128         20          0         20       4096       4116   usbd_cdc_if.o
       658         22          0          0       1836      16672   usbd_conf.o
      1028          0          0          0          0      16181   usbd_core.o
      1902         30          0          1          0      17960   usbd_ctlreq.o
       358        112          0         78        512       6821   usbd_desc.o
       132          0          0          0          0       4464   usbd_ioreq.o
       344         32          0         20        120       1516   vision_task.o

    ----------------------------------------------------------------------
     36540       1720       1312        880      51032    1195865   Object Totals
         0          0         32          0          0          0   (incl. Generated)
        72          0          0          8          0          0   (incl. Padding)

    ----------------------------------------------------------------------

      Code (inc. data)   RO Data    RW Data    ZI Data      Debug   Library Member Name

         0          0       2052          0          0       4704   arm_common_tables.o
       264          0          0          0          0       1826   arm_mat_add_f32.o
         8          0          0          0          0        999   arm_mat_init_f32.o
      1328          4          0          0          0       4782   arm_mat_inverse_f32.o
       316          4          0          0          0       2375   arm_mat_mult_f32.o
       264          0          0          0          0       1826   arm_mat_sub_f32.o
       276          0          0          0          0       2240   arm_mat_trans_f32.o
       148         18          0          0          0      17238   arm_sin_f32.o
        90          0          0          0          0          0   __dczerorl2.o
         8          0          0          0          0         68   __main.o
         0          0          0          0          0          0   __rtentry.o
        12          0          0          0          0          0   __rtentry2.o
         6          0          0          0          0          0   __rtentry4.o
        52          8          0          0          0          0   __scatter.o
        28          0          0          0          0          0   __scatter_zi.o
        48          4          0          0          0         84   _fptrap.o
        22          0          0          0          0        100   _rserrno.o
        16          0          0          0          0         68   aeabi_memset.o
        10          0          0          0          0         68   defsig_exit.o
       172        110          0          0          0         76   defsig_fpe_inner.o
        14          0          0          0          0         80   defsig_fpe_outer.o
        50          0          0          0          0         88   defsig_general.o
        80         58          0          0          0         76   defsig_rtmem_inner.o
        14          0          0          0          0         80   defsig_rtmem_outer.o
        18          0          0          0          0         80   exit.o
        94          0          0          0          0         80   h1_alloc.o
        52          0          0          0          0         68   h1_extend.o
        78          0          0          0          0         80   h1_free.o
        14          0          0          0          0         84   h1_init.o
         6          0          0          0          0        152   heapauxi.o
         4          0          0          0          0        136   hguard.o
         0          0          0          0          0          0   indicate_semi.o
       138          0          0          0          0        168   init_alloc.o
         2          0          0          0          0          0   libinit.o
        14          0          0          0          0          0   libinit2.o
         2          0          0          0          0          0   libshutdown.o
         2          0          0          0          0          0   libshutdown2.o
         8          4          0          0         96         68   libspace.o
       238          0          0          0          0        100   lludivv7m.o
         0          0          0          0          0          0   maybetermalloc1.o
         8          4          0          0          0         68   rt_errno_addr_intlibspace.o
         8          4          0          0          0         68   rt_heap_descriptor_intlibspace.o
        68          0          0          0          0         68   rt_memclr.o
        78          0          0          0          0         80   rt_memclr_w.o
       138          0          0          0          0         68   rt_memcpy_v6.o
       100          0          0          0          0         80   rt_memcpy_w.o
         2          0          0          0          0          0   rtexit.o
        10          0          0          0          0          0   rtexit2.o
        12          4          0          0          0         68   sys_exit.o
        74          0          0          0          0         80   sys_stackheap_outer.o
        14          0          0          0          0         76   sys_wrch.o
         2          0          0          0          0         68   use_no_semi.o
        24          0          0          0          0        164   basic.o
       708         16          0          0          0        140   d2f_clz.o
      1336         32          0          0          0        532   daddsub_clz.o
        24          0          0          0          0        116   dcmpi.o
       892        152          0          0          0        292   ddiv_clz.o
       116          8          0          0          0        140   deqf.o
       200         16          0          0          0        184   dfix.o
       110          0          0          0          0        348   dflt_clz.o
       120          8          0          0          0        140   dleqf.o
       448         16          0          0          0        164   dmul_clz.o
       258          4          0          0          0        156   dnaninf.o
       112          0          0          0          0        160   drenorm_clz.o
        12          0          0          0          0        116   dretinf.o
        98          0          0          0          0        128   drleqf.o
       378          0          0          0          0        168   dunder_clz.o
       492         36          0          0          0        148   except.o
       122          8          0          0          0        132   f2d.o
       242          4          0          0          0        144   fnaninf.o
        10          0          0          0          0        116   fpinit.o
        10          0          0          0          0        116   fretinf.o
       316          0          0          0          0        132   funder_clz.o
       178          0          0          0          0        116   retnan.o
       126          0          0          0          0        148   trapv.o
         0          0          0          0          0          0   usenofp.o
       300         42          0          0          0        176   asinf.o
       744        106        152          0          0        352   atan.o
       512         64          0          0          0        208   atan2.o
       684         90          0          0          0        208   atan2f.o
       200         20          0          0          0        164   cos.o
       368         46         48          0          0        200   cos_i.o
       136         24          0          0          0        620   dunder.o
       856        142         88          0          0        288   exp.o
        44          0          0          0          0        248   fabs.o
        48          0          0          0          0        124   fpclassify.o
        38          0          0          0          0        116   fpclassifyf.o
        44         12          0          0          0        464   funder.o
       248          0          0          0          0        152   poly.o
         0          0          8          0          0          0   qnan.o
      1080        142        200          0          0        188   rred.o
       200         20          0          0          0        164   sin.o
       304         24         40          0          0        208   sin_i.o
        62          0          0          0          0        136   sqrtf_full.o

    ----------------------------------------------------------------------
     16636       1262       2592          0         96      46534   Library Totals
        26          8          4          0          0          0   (incl. Padding)

    ----------------------------------------------------------------------

      Code (inc. data)   RO Data    RW Data    ZI Data      Debug   Library Name

      2604         26       2052          0          0      35990   arm_cortexM4lf_math.lib
      1806        196          0          0         96       2528   c_w.l
      6332        300          0          0          0       4000   g_wm.l
      5868        732        536          0          0       4016   m_wm.l

    ----------------------------------------------------------------------
     16636       1262       2592          0         96      46534   Library Totals

    ----------------------------------------------------------------------

==============================================================================


      Code (inc. data)   RO Data    RW Data    ZI Data      Debug   

     53176       2982       3904        880      51128    1199095   Grand Totals
     53176       2982       3904        300      51128    1199095   ELF Image Totals (compressed)
     53176       2982       3904        300          0          0   ROM Totals

==============================================================================

    Total RO  Size (Code + RO Data)                57080 (  55.74kB)
    Total RW  Size (RW Data + ZI Data)             52008 (  50.79kB)
    Total ROM Size (Code + RO Data + RW Data)      57380 (  56.04kB)

==============================================================================

