Component: Arm Compiler for Embedded 6.19 Tool: armlink [5e73cb00]

==============================================================================

Section Cross References

    bsp_gpio.o(.text.BMI088_ACCEL_NS_L) refers to stm32f4xx_hal_gpio.o(.text.HAL_GPIO_WritePin) for HAL_GPIO_WritePin
    bsp_gpio.o(.ARM.exidx.text.BMI088_ACCEL_NS_L) refers to bsp_gpio.o(.text.BMI088_ACCEL_NS_L) for [Anonymous Symbol]
    bsp_gpio.o(.text.BMI088_ACCEL_NS_H) refers to stm32f4xx_hal_gpio.o(.text.HAL_GPIO_WritePin) for HAL_GPIO_WritePin
    bsp_gpio.o(.ARM.exidx.text.BMI088_ACCEL_NS_H) refers to bsp_gpio.o(.text.BMI088_ACCEL_NS_H) for [Anonymous Symbol]
    bsp_gpio.o(.text.BMI088_GYRO_NS_L) refers to stm32f4xx_hal_gpio.o(.text.HAL_GPIO_WritePin) for HAL_GPIO_WritePin
    bsp_gpio.o(.ARM.exidx.text.BMI088_GYRO_NS_L) refers to bsp_gpio.o(.text.BMI088_GYRO_NS_L) for [Anonymous Symbol]
    bsp_gpio.o(.text.BMI088_GYRO_NS_H) refers to stm32f4xx_hal_gpio.o(.text.HAL_GPIO_WritePin) for HAL_GPIO_WritePin
    bsp_gpio.o(.ARM.exidx.text.BMI088_GYRO_NS_H) refers to bsp_gpio.o(.text.BMI088_GYRO_NS_H) for [Anonymous Symbol]
    bsp_tick.o(.text.Delay_us) refers to stm32f4xx_hal.o(.text.HAL_GetTick) for HAL_GetTick
    bsp_tick.o(.ARM.exidx.text.Delay_us) refers to bsp_tick.o(.text.Delay_us) for [Anonymous Symbol]
    bsp_tick.o(.text.Delay_ms) refers to stm32f4xx_hal.o(.text.HAL_GetTick) for HAL_GetTick
    bsp_tick.o(.ARM.exidx.text.Delay_ms) refers to bsp_tick.o(.text.Delay_ms) for [Anonymous Symbol]
    kalman.o(.text.Kalman_Filter_Init) refers to kalman.o(.bss.sizeof_float) for sizeof_float
    kalman.o(.text.Kalman_Filter_Init) refers to kalman.o(.bss.sizeof_double) for sizeof_double
    kalman.o(.text.Kalman_Filter_Init) refers to h1_alloc.o(.text) for malloc
    kalman.o(.text.Kalman_Filter_Init) refers to rt_memclr_w.o(.text) for __aeabi_memclr4
    kalman.o(.text.Kalman_Filter_Init) refers to arm_mat_init_f32.o(.text.arm_mat_init_f32) for arm_mat_init_f32
    kalman.o(.ARM.exidx.text.Kalman_Filter_Init) refers to kalman.o(.text.Kalman_Filter_Init) for [Anonymous Symbol]
    kalman.o(.text.Kalman_Filter_Update) refers to kalman.o(.bss.sizeof_float) for sizeof_float
    kalman.o(.text.Kalman_Filter_Update) refers to rt_memcpy_w.o(.text) for __aeabi_memcpy4
    kalman.o(.text.Kalman_Filter_Update) refers to rt_memclr_w.o(.text) for __aeabi_memclr4
    kalman.o(.text.Kalman_Filter_Update) refers to arm_mat_mult_f32.o(.text.arm_mat_mult_f32) for arm_mat_mult_f32
    kalman.o(.text.Kalman_Filter_Update) refers to arm_mat_add_f32.o(.text.arm_mat_add_f32) for arm_mat_add_f32
    kalman.o(.text.Kalman_Filter_Update) refers to arm_mat_trans_f32.o(.text.arm_mat_trans_f32) for arm_mat_trans_f32
    kalman.o(.text.Kalman_Filter_Update) refers to arm_mat_inverse_f32.o(.text.arm_mat_inverse_f32) for arm_mat_inverse_f32
    kalman.o(.text.Kalman_Filter_Update) refers to arm_mat_sub_f32.o(.text.arm_mat_sub_f32) for arm_mat_sub_f32
    kalman.o(.ARM.exidx.text.Kalman_Filter_Update) refers to kalman.o(.text.Kalman_Filter_Update) for [Anonymous Symbol]
    lpf.o(.ARM.exidx.text.LPF_First_Order_Init) refers to lpf.o(.text.LPF_First_Order_Init) for [Anonymous Symbol]
    lpf.o(.ARM.exidx.text.LPF_First_Order_Update) refers to lpf.o(.text.LPF_First_Order_Update) for [Anonymous Symbol]
    lpf.o(.ARM.exidx.text.LPF_Second_Order_Init) refers to lpf.o(.text.LPF_Second_Order_Init) for [Anonymous Symbol]
    lpf.o(.ARM.exidx.text.LPF_Second_Order_Update) refers to lpf.o(.text.LPF_Second_Order_Update) for [Anonymous Symbol]
    ramp.o(.ARM.exidx.text.f_Ramp_Calc) refers to ramp.o(.text.f_Ramp_Calc) for [Anonymous Symbol]
    ramp.o(.text.f_LogisticCurves_Calc) refers to f2d.o(x$fpl$f2d) for __aeabi_f2d
    ramp.o(.text.f_LogisticCurves_Calc) refers to pow.o(i.__hardfp_pow) for __hardfp_pow
    ramp.o(.text.f_LogisticCurves_Calc) refers to daddsub_clz.o(x$fpl$dadd) for __aeabi_dadd
    ramp.o(.text.f_LogisticCurves_Calc) refers to ddiv.o(x$fpl$ddiv) for __aeabi_ddiv
    ramp.o(.text.f_LogisticCurves_Calc) refers to d2f.o(x$fpl$d2f) for __aeabi_d2f
    ramp.o(.ARM.exidx.text.f_LogisticCurves_Calc) refers to ramp.o(.text.f_LogisticCurves_Calc) for [Anonymous Symbol]
    pid.o(.text.PID_Init) refers to pid.o(.text.PID_Calc_Clear) for PID_Calc_Clear
    pid.o(.text.PID_Init) refers to pid.o(.text.PID_Param_Init) for PID_Param_Init
    pid.o(.ARM.exidx.text.PID_Init) refers to pid.o(.text.PID_Init) for [Anonymous Symbol]
    pid.o(.ARM.exidx.text.PID_Calc_Clear) refers to pid.o(.text.PID_Calc_Clear) for [Anonymous Symbol]
    pid.o(.ARM.exidx.text.PID_Param_Init) refers to pid.o(.text.PID_Param_Init) for [Anonymous Symbol]
    pid.o(.ARM.exidx.text.f_PID_POSITION_Calc) refers to pid.o(.text.f_PID_POSITION_Calc) for [Anonymous Symbol]
    pid.o(.ARM.exidx.text.f_PID_VELOCITY_Calc) refers to pid.o(.text.f_PID_VELOCITY_Calc) for [Anonymous Symbol]
[...]
    TIM8_CC_IRQHandler                       0x08000243   Thumb Code     0  startup_stm32f407xx.o(.text)
    TIM8_TRG_COM_TIM14_IRQHandler            0x08000243   Thumb Code     0  startup_stm32f407xx.o(.text)
    TIM8_UP_TIM13_IRQHandler                 0x08000243   Thumb Code     0  startup_stm32f407xx.o(.text)
    UART4_IRQHandler                         0x08000243   Thumb Code     0  startup_stm32f407xx.o(.text)
    UART5_IRQHandler                         0x08000243   Thumb Code     0  startup_stm32f407xx.o(.text)
    USART1_IRQHandler                        0x08000243   Thumb Code     0  startup_stm32f407xx.o(.text)
    USART2_IRQHandler                        0x08000243   Thumb Code     0  startup_stm32f407xx.o(.text)
    USART6_IRQHandler                        0x08000243   Thumb Code     0  startup_stm32f407xx.o(.text)
    WWDG_IRQHandler                          0x08000243   Thumb Code     0  startup_stm32f407xx.o(.text)
    __user_initial_stackheap                 0x08000245   Thumb Code     0  startup_stm32f407xx.o(.text)
    __aeabi_uldivmod                         0x08000269   Thumb Code     0  lludivv7m.o(.text)
    _ll_udiv                                 0x08000269   Thumb Code   240  lludivv7m.o(.text)
    __aeabi_memset4                          0x08000359   Thumb Code    16  aeabi_memset4.o(.text)
    __aeabi_memset8                          0x08000359   Thumb Code     0  aeabi_memset4.o(.text)
    __aeabi_memclr4                          0x08000369   Thumb Code     0  rt_memclr_w.o(.text)
    __aeabi_memclr8                          0x08000369   Thumb Code     0  rt_memclr_w.o(.text)
    __rt_memclr_w                            0x08000369   Thumb Code     0  rt_memclr_w.o(.text)
    _memset_w                                0x0800036d   Thumb Code    74  rt_memclr_w.o(.text)
    __use_two_region_memory                  0x080003b7   Thumb Code     2  heapauxi.o(.text)
    __rt_heap_escrow                         0x080003b9   Thumb Code     2  heapauxi.o(.text)
    __rt_heap_expand                         0x080003bb   Thumb Code     2  heapauxi.o(.text)
    __user_libspace                          0x080003bd   Thumb Code     8  libspace.o(.text)
    __user_perproc_libspace                  0x080003bd   Thumb Code     0  libspace.o(.text)
    __user_perthread_libspace                0x080003bd   Thumb Code     0  libspace.o(.text)
    __I$use$semihosting                      0x080003c5   Thumb Code     0  use_no_semi.o(.text)
    __use_no_semihosting_swi                 0x080003c5   Thumb Code     2  use_no_semi.o(.text)
    __semihosting_library_function           0x080003c7   Thumb Code     0  indicate_semi.o(.text)
    __user_setup_stackheap                   0x080003c7   Thumb Code    74  sys_stackheap_outer.o(.text)
    exit                                     0x08000411   Thumb Code    18  exit.o(.text)
    _sys_exit                                0x08000425   Thumb Code     8  sys_exit.o(.text)
    BusFault_Handler                         0x08000431   Thumb Code     2  stm32f4xx_it.o(.text.BusFault_Handler)
    CAN1_RX0_IRQHandler                      0x08000435   Thumb Code    12  stm32f4xx_it.o(.text.CAN1_RX0_IRQHandler)
    CAN2_RX0_IRQHandler                      0x08000441   Thumb Code    12  stm32f4xx_it.o(.text.CAN2_RX0_IRQHandler)
    DMA1_Stream1_IRQHandler                  0x080004a1   Thumb Code    12  stm32f4xx_it.o(.text.DMA1_Stream1_IRQHandler)
    DebugMon_Handler                         0x080004ad   Thumb Code     2  stm32f4xx_it.o(.text.DebugMon_Handler)
    EXTI9_5_IRQHandler                       0x080004b1   Thumb Code     6  stm32f4xx_it.o(.text.EXTI9_5_IRQHandler)
    Error_Handler                            0x080004b9   Thumb Code    10  main.o(.text.Error_Handler)
    HAL_CAN_ErrorCallback                    0x080004c5   Thumb Code     2  stm32f4xx_hal_can.o(.text.HAL_CAN_ErrorCallback)
    HAL_CAN_IRQHandler                       0x080004c9   Thumb Code   578  stm32f4xx_hal_can.o(.text.HAL_CAN_IRQHandler)
    HAL_CAN_Init                             0x0800070d   Thumb Code   244  stm32f4xx_hal_can.o(.text.HAL_CAN_Init)
    HAL_CAN_MspInit                          0x08000801   Thumb Code   284  can.o(.text.HAL_CAN_MspInit)
    HAL_CAN_RxFifo0FullCallback              0x0800091d   Thumb Code     2  stm32f4xx_hal_can.o(.text.HAL_CAN_RxFifo0FullCallback)
    HAL_CAN_RxFifo0MsgPendingCallback        0x08000921   Thumb Code     2  stm32f4xx_hal_can.o(.text.HAL_CAN_RxFifo0MsgPendingCallback)
    HAL_CAN_RxFifo1FullCallback              0x08000925   Thumb Code     2  stm32f4xx_hal_can.o(.text.HAL_CAN_RxFifo1FullCallback)
    HAL_CAN_RxFifo1MsgPendingCallback        0x08000929   Thumb Code     2  stm32f4xx_hal_can.o(.text.HAL_CAN_RxFifo1MsgPendingCallback)
    HAL_CAN_SleepCallback                    0x0800092d   Thumb Code     2  stm32f4xx_hal_can.o(.text.HAL_CAN_SleepCallback)
    HAL_CAN_TxMailbox0AbortCallback          0x08000931   Thumb Code     2  stm32f4xx_hal_can.o(.text.HAL_CAN_TxMailbox0AbortCallback)
    HAL_CAN_TxMailbox0CompleteCallback       0x08000935   Thumb Code     2  stm32f4xx_hal_can.o(.text.HAL_CAN_TxMailbox0CompleteCallback)
    HAL_CAN_TxMailbox1AbortCallback          0x08000939   Thumb Code     2  stm32f4xx_hal_can.o(.text.HAL_CAN_TxMailbox1AbortCallback)
    HAL_CAN_TxMailbox1CompleteCallback       0x0800093d   Thumb Code     2  stm32f4xx_hal_can.o(.text.HAL_CAN_TxMailbox1CompleteCallback)
    HAL_CAN_TxMailbox2AbortCallback          0x08000941   Thumb Code     2  stm32f4xx_hal_can.o(.text.HAL_CAN_TxMailbox2AbortCallback)
    HAL_CAN_TxMailbox2CompleteCallback       0x08000945   Thumb Code     2  stm32f4xx_hal_can.o(.text.HAL_CAN_TxMailbox2CompleteCallback)
    HAL_CAN_WakeUpFromRxMsgCallback          0x08000949   Thumb Code     2  stm32f4xx_hal_can.o(.text.HAL_CAN_WakeUpFromRxMsgCallback)
    HAL_DMA_Abort                            0x0800094d   Thumb Code   128  stm32f4xx_hal_dma.o(.text.HAL_DMA_Abort)
    HAL_DMA_Abort_IT                         0x080009cd   Thumb Code    36  stm32f4xx_hal_dma.o(.text.HAL_DMA_Abort_IT)
    HAL_DMA_IRQHandler                       0x080009f1   Thumb Code   394  stm32f4xx_hal_dma.o(.text.HAL_DMA_IRQHandler)
    HAL_DMA_Init                             0x08000b7d   Thumb Code   318  stm32f4xx_hal_dma.o(.text.HAL_DMA_Init)
    HAL_Delay                                0x08000cbd   Thumb Code    40  stm32f4xx_hal.o(.text.HAL_Delay)
    HAL_GPIO_EXTI_Callback                   0x08000ce5   Thumb Code     2  stm32f4xx_hal_gpio.o(.text.HAL_GPIO_EXTI_Callback)
    HAL_GPIO_EXTI_IRQHandler                 0x08000ce9   Thumb Code    22  stm32f4xx_hal_gpio.o(.text.HAL_GPIO_EXTI_IRQHandler)
    HAL_GPIO_Init                            0x08000d01   Thumb Code   416  stm32f4xx_hal_gpio.o(.text.HAL_GPIO_Init)
    HAL_GPIO_WritePin                        0x08000ea1   Thumb Code    10  stm32f4xx_hal_gpio.o(.text.HAL_GPIO_WritePin)
    HAL_GetTick                              0x08000ead   Thumb Code    12  stm32f4xx_hal.o(.text.HAL_GetTick)
    HAL_IncTick                              0x08000eb9   Thumb Code    26  stm32f4xx_hal.o(.text.HAL_IncTick)
    HAL_Init                                 0x08000ed5   Thumb Code    54  stm32f4xx_hal.o(.text.HAL_Init)
    HAL_InitTick                             0x08000f0d   Thumb Code   170  stm32f4xx_hal_timebase_tim.o(.text.HAL_InitTick)
    HAL_MspInit                              0x08000fb9   Thumb Code    66  stm32f4xx_hal_msp.o(.text.HAL_MspInit)
    HAL_NVIC_EnableIRQ                       0x08000ffd   Thumb Code    32  stm32f4xx_hal_cortex.o(.text.HAL_NVIC_EnableIRQ)
    HAL_NVIC_SetPriority                     0x0800101d   Thumb Code    86  stm32f4xx_hal_cortex.o(.text.HAL_NVIC_SetPriority)
    HAL_NVIC_SetPriorityGrouping             0x08001075   Thumb Code    32  stm32f4xx_hal_cortex.o(.text.HAL_NVIC_SetPriorityGrouping)
    HAL_PCDEx_LPM_Callback                   0x08001095   Thumb Code     2  stm32f4xx_hal_pcd_ex.o(.text.HAL_PCDEx_LPM_Callback)
    HAL_PCDEx_SetRxFiFo                      0x08001099   Thumb Code     8  stm32f4xx_hal_pcd_ex.o(.text.HAL_PCDEx_SetRxFiFo)
    HAL_PCDEx_SetTxFiFo                      0x080010a1   Thumb Code    78  stm32f4xx_hal_pcd_ex.o(.text.HAL_PCDEx_SetTxFiFo)
    HAL_PCD_ConnectCallback                  0x080010f1   Thumb Code     8  usbd_conf.o(.text.HAL_PCD_ConnectCallback)
    HAL_PCD_DataInStageCallback              0x080010f9   Thumb Code    20  usbd_conf.o(.text.HAL_PCD_DataInStageCallback)
    HAL_PCD_DataOutStageCallback             0x0800110d   Thumb Code    22  usbd_conf.o(.text.HAL_PCD_DataOutStageCallback)
    HAL_PCD_DisconnectCallback               0x08001125   Thumb Code     8  usbd_conf.o(.text.HAL_PCD_DisconnectCallback)
    HAL_PCD_EP_Close                         0x0800112d   Thumb Code    80  stm32f4xx_hal_pcd.o(.text.HAL_PCD_EP_Close)
    HAL_PCD_EP_ClrStall                      0x0800117d   Thumb Code   102  stm32f4xx_hal_pcd.o(.text.HAL_PCD_EP_ClrStall)
    HAL_PCD_EP_GetRxCount                    0x080011e5   Thumb Code    18  stm32f4xx_hal_pcd.o(.text.HAL_PCD_EP_GetRxCount)
    HAL_PCD_EP_Open                          0x080011f9   Thumb Code   104  stm32f4xx_hal_pcd.o(.text.HAL_PCD_EP_Open)
    HAL_PCD_EP_Receive                       0x08001261   Thumb Code    76  stm32f4xx_hal_pcd.o(.text.HAL_PCD_EP_Receive)
    HAL_PCD_EP_SetStall                      0x080012ad   Thumb Code   114  stm32f4xx_hal_pcd.o(.text.HAL_PCD_EP_SetStall)
    HAL_PCD_EP_Transmit                      0x08001321   Thumb Code    68  stm32f4xx_hal_pcd.o(.text.HAL_PCD_EP_Transmit)
    HAL_PCD_IRQHandler                       0x08001365   Thumb Code  1924  stm32f4xx_hal_pcd.o(.text.HAL_PCD_IRQHandler)
    HAL_PCD_ISOINIncompleteCallback          0x08001ae9   Thumb Code     8  usbd_conf.o(.text.HAL_PCD_ISOINIncompleteCallback)
    HAL_PCD_ISOOUTIncompleteCallback         0x08001af1   Thumb Code     8  usbd_conf.o(.text.HAL_PCD_ISOOUTIncompleteCallback)
    HAL_PCD_Init                             0x08001af9   Thumb Code   318  stm32f4xx_hal_pcd.o(.text.HAL_PCD_Init)
    HAL_PCD_MspInit                          0x08001c39   Thumb Code   136  usbd_conf.o(.text.HAL_PCD_MspInit)
    HAL_PCD_ResetCallback                    0x08001cc1   Thumb Code    42  usbd_conf.o(.text.HAL_PCD_ResetCallback)
    HAL_PCD_ResumeCallback                   0x08001ced   Thumb Code     8  usbd_conf.o(.text.HAL_PCD_ResumeCallback)
    HAL_PCD_SOFCallback                      0x08001cf5   Thumb Code     8  usbd_conf.o(.text.HAL_PCD_SOFCallback)
    HAL_PCD_SetAddress                       0x08001cfd   Thumb Code    40  stm32f4xx_hal_pcd.o(.text.HAL_PCD_SetAddress)
    HAL_PCD_SetupStageCallback               0x08001d25   Thumb Code    14  usbd_conf.o(.text.HAL_PCD_SetupStageCallback)
    HAL_PCD_Start                            0x08001d35   Thumb Code    62  stm32f4xx_hal_pcd.o(.text.HAL_PCD_Start)
    HAL_PCD_SuspendCallback                  0x08001d75   Thumb Code    52  usbd_conf.o(.text.HAL_PCD_SuspendCallback)
    HAL_RCC_CSSCallback                      0x08001da9   Thumb Code     2  stm32f4xx_hal_rcc.o(.text.HAL_RCC_CSSCallback)
    HAL_RCC_ClockConfig                      0x08001dad   Thumb Code   352  stm32f4xx_hal_rcc.o(.text.HAL_RCC_ClockConfig)
    HAL_RCC_EnableCSS                        0x08001f0d   Thumb Code    12  stm32f4xx_hal_rcc.o(.text.HAL_RCC_EnableCSS)
    HAL_RCC_GetClockConfig                   0x08001f19   Thumb Code    62  stm32f4xx_hal_rcc.o(.text.HAL_RCC_GetClockConfig)
    HAL_RCC_GetHCLKFreq                      0x08001f59   Thumb Code    12  stm32f4xx_hal_rcc.o(.text.HAL_RCC_GetHCLKFreq)
    HAL_RCC_GetPCLK1Freq                     0x08001f65   Thumb Code    38  stm32f4xx_hal_rcc.o(.text.HAL_RCC_GetPCLK1Freq)
    HAL_RCC_GetPCLK2Freq                     0x08001f8d   Thumb Code    38  stm32f4xx_hal_rcc.o(.text.HAL_RCC_GetPCLK2Freq)
    HAL_RCC_GetSysClockFreq                  0x08001fb5   Thumb Code   104  stm32f4xx_hal_rcc.o(.text.HAL_RCC_GetSysClockFreq)
    HAL_RCC_NMI_IRQHandler                   0x0800201d   Thumb Code    28  stm32f4xx_hal_rcc.o(.text.HAL_RCC_NMI_IRQHandler)
    HAL_RCC_OscConfig                        0x08002039   Thumb Code   836  stm32f4xx_hal_rcc.o(.text.HAL_RCC_OscConfig)
    HAL_RNG_Init                             0x0800237d   Thumb Code    50  stm32f4xx_hal_rng.o(.text.HAL_RNG_Init)
    HAL_RNG_MspInit                          0x080023b1   Thumb Code    54  rng.o(.text.HAL_RNG_MspInit)
    HAL_SPI_Init                             0x080023e9   Thumb Code   180  stm32f4xx_hal_spi.o(.text.HAL_SPI_Init)
    HAL_SPI_MspInit                          0x0800249d   Thumb Code   170  spi.o(.text.HAL_SPI_MspInit)
    HAL_TIMEx_BreakCallback                  0x08002549   Thumb Code     2  stm32f4xx_hal_tim_ex.o(.text.HAL_TIMEx_BreakCallback)
    HAL_TIMEx_CommutCallback                 0x0800254d   Thumb Code     2  stm32f4xx_hal_tim_ex.o(.text.HAL_TIMEx_CommutCallback)
    HAL_TIMEx_MasterConfigSynchronization    0x08002551   Thumb Code   184  stm32f4xx_hal_tim_ex.o(.text.HAL_TIMEx_MasterConfigSynchronization)
    HAL_TIM_Base_Init                        0x08002609   Thumb Code    90  stm32f4xx_hal_tim.o(.text.HAL_TIM_Base_Init)
    HAL_TIM_Base_MspInit                     0x08002665   Thumb Code    96  tim.o(.text.HAL_TIM_Base_MspInit)
    HAL_TIM_Base_Start_IT                    0x080026c5   Thumb Code   168  stm32f4xx_hal_tim.o(.text.HAL_TIM_Base_Start_IT)
    HAL_TIM_ConfigClockSource                0x0800276d   Thumb Code   412  stm32f4xx_hal_tim.o(.text.HAL_TIM_ConfigClockSource)
    HAL_TIM_IC_CaptureCallback               0x08002909   Thumb Code     2  stm32f4xx_hal_tim.o(.text.HAL_TIM_IC_CaptureCallback)
    HAL_TIM_IRQHandler                       0x0800290d   Thumb Code   362  stm32f4xx_hal_tim.o(.text.HAL_TIM_IRQHandler)
    HAL_TIM_MspPostInit                      0x08002a79   Thumb Code   160  tim.o(.text.HAL_TIM_MspPostInit)
    HAL_TIM_OC_DelayElapsedCallback          0x08002b19   Thumb Code     2  stm32f4xx_hal_tim.o(.text.HAL_TIM_OC_DelayElapsedCallback)
    HAL_TIM_PWM_ConfigChannel                0x08002b1d   Thumb Code   536  stm32f4xx_hal_tim.o(.text.HAL_TIM_PWM_ConfigChannel)
    HAL_TIM_PWM_Init                         0x08002d35   Thumb Code    90  stm32f4xx_hal_tim.o(.text.HAL_TIM_PWM_Init)
    HAL_TIM_PWM_MspInit                      0x08002d91   Thumb Code     2  stm32f4xx_hal_tim.o(.text.HAL_TIM_PWM_MspInit)
    HAL_TIM_PWM_PulseFinishedCallback        0x08002d95   Thumb Code     2  stm32f4xx_hal_tim.o(.text.HAL_TIM_PWM_PulseFinishedCallback)
    HAL_TIM_PeriodElapsedCallback            0x08002d99   Thumb Code    14  main.o(.text.HAL_TIM_PeriodElapsedCallback)
    HAL_TIM_TriggerCallback                  0x08002da9   Thumb Code     2  stm32f4xx_hal_tim.o(.text.HAL_TIM_TriggerCallback)
    HAL_UARTEx_RxEventCallback               0x08002dad   Thumb Code     2  stm32f4xx_hal_uart.o(.text.HAL_UARTEx_RxEventCallback)
    HAL_UART_ErrorCallback                   0x08002db1   Thumb Code     2  stm32f4xx_hal_uart.o(.text.HAL_UART_ErrorCallback)
    HAL_UART_IRQHandler                      0x08002db5   Thumb Code   766  stm32f4xx_hal_uart.o(.text.HAL_UART_IRQHandler)
    HAL_UART_Init                            0x080030b5   Thumb Code    94  stm32f4xx_hal_uart.o(.text.HAL_UART_Init)
    HAL_UART_MspInit                         0x08003115   Thumb Code   194  usart.o(.text.HAL_UART_MspInit)
    HAL_UART_RxCpltCallback                  0x080031d9   Thumb Code     2  stm32f4xx_hal_uart.o(.text.HAL_UART_RxCpltCallback)
    HAL_UART_TxCpltCallback                  0x080031dd   Thumb Code     2  stm32f4xx_hal_uart.o(.text.HAL_UART_TxCpltCallback)
    HardFault_Handler                        0x080031e1   Thumb Code     2  stm32f4xx_it.o(.text.HardFault_Handler)
    INS_Task                                 0x080031e5   Thumb Code    16  freertos.o(.text.INS_Task)
    MX_CAN1_Init                             0x080031f5   Thumb Code    70  can.o(.text.MX_CAN1_Init)
    MX_CAN2_Init                             0x0800323d   Thumb Code    70  can.o(.text.MX_CAN2_Init)
    MX_DMA_Init                              0x08003285   Thumb Code    56  dma.o(.text.MX_DMA_Init)
    MX_FREERTOS_Init                         0x080032bd   Thumb Code    80  freertos.o(.text.MX_FREERTOS_Init)
    MX_GPIO_Init                             0x0800330d   Thumb Code   264  gpio.o(.text.MX_GPIO_Init)
    MX_RNG_Init                              0x08003415   Thumb Code    38  rng.o(.text.MX_RNG_Init)
    MX_SPI1_Init                             0x0800343d   Thumb Code    76  spi.o(.text.MX_SPI1_Init)
    MX_TIM10_Init                            0x08003489   Thumb Code   138  tim.o(.text.MX_TIM10_Init)
    MX_TIM4_Init                             0x08003515   Thumb Code   204  tim.o(.text.MX_TIM4_Init)
    MX_USART3_UART_Init                      0x080035e1   Thumb Code    64  usart.o(.text.MX_USART3_UART_Init)
    MX_USB_DEVICE_Init                       0x08003621   Thumb Code   114  usb_device.o(.text.MX_USB_DEVICE_Init)
    MemManage_Handler                        0x08003695   Thumb Code     2  stm32f4xx_it.o(.text.MemManage_Handler)
    NMI_Handler                              0x08003699   Thumb Code     6  stm32f4xx_it.o(.text.NMI_Handler)
    OTG_FS_IRQHandler                        0x080036a1   Thumb Code    12  stm32f4xx_it.o(.text.OTG_FS_IRQHandler)
    PendSV_Handler                           0x080036b1   Thumb Code   100  port.o(.text.PendSV_Handler)
    SVC_Handler                              0x08003721   Thumb Code    36  port.o(.text.SVC_Handler)
    SysTick_Handler                          0x08003745   Thumb Code    46  port.o(.text.SysTick_Handler)
    SystemClock_Config                       0x08003775   Thumb Code   182  main.o(.text.SystemClock_Config)
    SystemInit                               0x0800382d   Thumb Code    18  system_stm32f4xx.o(.text.SystemInit)
    TIM2_IRQHandler                          0x08003841   Thumb Code    12  stm32f4xx_it.o(.text.TIM2_IRQHandler)
    TIM_Base_SetConfig                       0x0800384d   Thumb Code   292  stm32f4xx_hal_tim.o(.text.TIM_Base_SetConfig)
    USART3_IRQHandler                        0x08003b29   Thumb Code    12  stm32f4xx_it.o(.text.USART3_IRQHandler)
    USBD_CDC_GetDeviceQualifierDescriptor    0x08003c7d   Thumb Code    16  usbd_cdc.o(.text.USBD_CDC_GetDeviceQualifierDescriptor)
    USBD_CDC_ReceivePacket                   0x08003e61   Thumb Code    50  usbd_cdc.o(.text.USBD_CDC_ReceivePacket)
    USBD_CDC_RegisterInterface               0x08003e95   Thumb Code    24  usbd_cdc.o(.text.USBD_CDC_RegisterInterface)
    USBD_CDC_SetRxBuffer                     0x08003ead   Thumb Code    26  usbd_cdc.o(.text.USBD_CDC_SetRxBuffer)
    USBD_CDC_SetTxBuffer                     0x08003ec9   Thumb Code    30  usbd_cdc.o(.text.USBD_CDC_SetTxBuffer)
    USBD_ClrClassConfig                      0x08004009   Thumb Code    18  usbd_core.o(.text.USBD_ClrClassConfig)
    USBD_CoreFindEP                          0x0800401d   Thumb Code     4  usbd_core.o(.text.USBD_CoreFindEP)
    USBD_CoreFindIF                          0x08004021   Thumb Code     4  usbd_core.o(.text.USBD_CoreFindIF)
    USBD_CtlContinueRx                       0x08004025   Thumb Code    16  usbd_ioreq.o(.text.USBD_CtlContinueRx)
    USBD_CtlContinueSendData                 0x08004035   Thumb Code    16  usbd_ioreq.o(.text.USBD_CtlContinueSendData)
    USBD_CtlError                            0x08004045   Thumb Code    22  usbd_ctlreq.o(.text.USBD_CtlError)
    USBD_CtlPrepareRx                        0x0800405d   Thumb Code    26  usbd_ioreq.o(.text.USBD_CtlPrepareRx)
    USBD_CtlReceiveStatus                    0x08004079   Thumb Code    22  usbd_ioreq.o(.text.USBD_CtlReceiveStatus)
    USBD_CtlSendData                         0x08004091   Thumb Code    26  usbd_ioreq.o(.text.USBD_CtlSendData)
    USBD_CtlSendStatus                       0x080040ad   Thumb Code    22  usbd_ioreq.o(.text.USBD_CtlSendStatus)
    USBD_FS_ConfigStrDescriptor              0x080040c5   Thumb Code    24  usbd_desc.o(.text.USBD_FS_ConfigStrDescriptor)
    USBD_FS_DeviceDescriptor                 0x080040e9   Thumb Code    14  usbd_desc.o(.text.USBD_FS_DeviceDescriptor)
    USBD_FS_InterfaceStrDescriptor           0x080040f9   Thumb Code    24  usbd_desc.o(.text.USBD_FS_InterfaceStrDescriptor)
    USBD_FS_LangIDStrDescriptor              0x08004121   Thumb Code    14  usbd_desc.o(.text.USBD_FS_LangIDStrDescriptor)
    USBD_FS_ManufacturerStrDescriptor        0x08004131   Thumb Code    24  usbd_desc.o(.text.USBD_FS_ManufacturerStrDescriptor)
    USBD_FS_ProductStrDescriptor             0x0800415d   Thumb Code    24  usbd_desc.o(.text.USBD_FS_ProductStrDescriptor)
    USBD_FS_SerialStrDescriptor              0x0800418d   Thumb Code   136  usbd_desc.o(.text.USBD_FS_SerialStrDescriptor)
    USBD_GetEpDesc                           0x08004215   Thumb Code    48  usbd_core.o(.text.USBD_GetEpDesc)
    USBD_GetString                           0x08004245   Thumb Code   112  usbd_ctlreq.o(.text.USBD_GetString)
    USBD_Init                                0x080042b5   Thumb Code    42  usbd_core.o(.text.USBD_Init)
    USBD_LL_ClearStallEP                     0x080042e1   Thumb Code    34  usbd_conf.o(.text.USBD_LL_ClearStallEP)
    USBD_LL_CloseEP                          0x08004305   Thumb Code    34  usbd_conf.o(.text.USBD_LL_CloseEP)
    USBD_LL_DataInStage                      0x08004329   Thumb Code   178  usbd_core.o(.text.USBD_LL_DataInStage)
    USBD_LL_DataOutStage                     0x080043dd   Thumb Code   120  usbd_core.o(.text.USBD_LL_DataOutStage)
    USBD_LL_DevConnected                     0x08004455   Thumb Code     4  usbd_core.o(.text.USBD_LL_DevConnected)
    USBD_LL_DevDisconnected                  0x08004459   Thumb Code    32  usbd_core.o(.text.USBD_LL_DevDisconnected)
    USBD_LL_GetRxDataSize                    0x08004479   Thumb Code     8  usbd_conf.o(.text.USBD_LL_GetRxDataSize)
    USBD_LL_Init                             0x08004481   Thumb Code   110  usbd_conf.o(.text.USBD_LL_Init)
    USBD_LL_IsStallEP                        0x080044f1   Thumb Code    34  usbd_conf.o(.text.USBD_LL_IsStallEP)
    USBD_LL_IsoINIncomplete                  0x08004515   Thumb Code    38  usbd_core.o(.text.USBD_LL_IsoINIncomplete)
    USBD_LL_IsoOUTIncomplete                 0x0800453d   Thumb Code    38  usbd_core.o(.text.USBD_LL_IsoOUTIncomplete)
    USBD_LL_OpenEP                           0x08004565   Thumb Code    40  usbd_conf.o(.text.USBD_LL_OpenEP)
    USBD_LL_PrepareReceive                   0x0800458d   Thumb Code    34  usbd_conf.o(.text.USBD_LL_PrepareReceive)
    USBD_LL_Reset                            0x080045b1   Thumb Code   100  usbd_core.o(.text.USBD_LL_Reset)
    USBD_LL_Resume                           0x08004615   Thumb Code    20  usbd_core.o(.text.USBD_LL_Resume)
    USBD_LL_SOF                              0x08004629   Thumb Code    28  usbd_core.o(.text.USBD_LL_SOF)
    USBD_LL_SetSpeed                         0x08004645   Thumb Code     8  usbd_core.o(.text.USBD_LL_SetSpeed)
    USBD_LL_SetUSBAddress                    0x0800464d   Thumb Code    34  usbd_conf.o(.text.USBD_LL_SetUSBAddress)
    USBD_LL_SetupStage                       0x08004671   Thumb Code    96  usbd_core.o(.text.USBD_LL_SetupStage)
    USBD_LL_StallEP                          0x080046d1   Thumb Code    34  usbd_conf.o(.text.USBD_LL_StallEP)
    USBD_LL_Start                            0x080046f5   Thumb Code    34  usbd_conf.o(.text.USBD_LL_Start)
    USBD_LL_Suspend                          0x08004719   Thumb Code    20  usbd_core.o(.text.USBD_LL_Suspend)
    USBD_LL_Transmit                         0x0800472d   Thumb Code    34  usbd_conf.o(.text.USBD_LL_Transmit)
    USBD_ParseSetupRequest                   0x08004751   Thumb Code    22  usbd_ctlreq.o(.text.USBD_ParseSetupRequest)
    USBD_RegisterClass                       0x08004769   Thumb Code    66  usbd_core.o(.text.USBD_RegisterClass)
    USBD_SetClassConfig                      0x080047ad   Thumb Code    16  usbd_core.o(.text.USBD_SetClassConfig)
    USBD_Start                               0x080047bd   Thumb Code     4  usbd_core.o(.text.USBD_Start)
    USBD_StdDevReq                           0x080047c1   Thumb Code  1072  usbd_ctlreq.o(.text.USBD_StdDevReq)
    USBD_StdEPReq                            0x08004bf1   Thumb Code   376  usbd_ctlreq.o(.text.USBD_StdEPReq)
    USBD_StdItfReq                           0x08004d69   Thumb Code   144  usbd_ctlreq.o(.text.USBD_StdItfReq)
    USBD_static_free                         0x08004df9   Thumb Code     2  usbd_conf.o(.text.USBD_static_free)
    USBD_static_malloc                       0x08004dfd   Thumb Code    10  usbd_conf.o(.text.USBD_static_malloc)
    USB_ActivateEndpoint                     0x08004e09   Thumb Code   128  stm32f4xx_ll_usb.o(.text.USB_ActivateEndpoint)
    USB_ActivateSetup                        0x08004e89   Thumb Code    32  stm32f4xx_ll_usb.o(.text.USB_ActivateSetup)
    USB_CoreInit                             0x08004ea9   Thumb Code   254  stm32f4xx_ll_usb.o(.text.USB_CoreInit)
    USB_DeactivateEndpoint                   0x08004fa9   Thumb Code   132  stm32f4xx_ll_usb.o(.text.USB_DeactivateEndpoint)
    USB_DevConnect                           0x0800502d   Thumb Code    30  stm32f4xx_ll_usb.o(.text.USB_DevConnect)
    USB_DevDisconnect                        0x0800504d   Thumb Code    30  stm32f4xx_ll_usb.o(.text.USB_DevDisconnect)
    USB_DevInit                              0x0800506d   Thumb Code   482  stm32f4xx_ll_usb.o(.text.USB_DevInit)
    USB_DisableGlobalInt                     0x08005251   Thumb Code    14  stm32f4xx_ll_usb.o(.text.USB_DisableGlobalInt)
    USB_EP0StartXfer                         0x08005261   Thumb Code   252  stm32f4xx_ll_usb.o(.text.USB_EP0StartXfer)
    USB_EP0_OutStart                         0x0800535d   Thumb Code    90  stm32f4xx_ll_usb.o(.text.USB_EP0_OutStart)
    USB_EPClearStall                         0x080053b9   Thumb Code    80  stm32f4xx_ll_usb.o(.text.USB_EPClearStall)
    USB_EPSetStall                           0x08005409   Thumb Code    60  stm32f4xx_ll_usb.o(.text.USB_EPSetStall)
    USB_EPStartXfer                          0x08005445   Thumb Code   448  stm32f4xx_ll_usb.o(.text.USB_EPStartXfer)
    USB_EPStopXfer                           0x08005605   Thumb Code   134  stm32f4xx_ll_usb.o(.text.USB_EPStopXfer)
    USB_EnableGlobalInt                      0x0800568d   Thumb Code    14  stm32f4xx_ll_usb.o(.text.USB_EnableGlobalInt)
    USB_FlushTxFifo                          0x0800569d   Thumb Code    78  stm32f4xx_ll_usb.o(.text.USB_FlushTxFifo)
    USB_GetDevSpeed                          0x080056ed   Thumb Code    26  stm32f4xx_ll_usb.o(.text.USB_GetDevSpeed)
    USB_GetMode                              0x08005709   Thumb Code     8  stm32f4xx_ll_usb.o(.text.USB_GetMode)
    USB_ReadDevAllInEpInterrupt              0x08005711   Thumb Code    14  stm32f4xx_ll_usb.o(.text.USB_ReadDevAllInEpInterrupt)
    USB_ReadDevAllOutEpInterrupt             0x08005721   Thumb Code    14  stm32f4xx_ll_usb.o(.text.USB_ReadDevAllOutEpInterrupt)
    USB_ReadDevInEPInterrupt                 0x08005731   Thumb Code    36  stm32f4xx_ll_usb.o(.text.USB_ReadDevInEPInterrupt)
    USB_ReadDevOutEPInterrupt                0x08005755   Thumb Code    16  stm32f4xx_ll_usb.o(.text.USB_ReadDevOutEPInterrupt)
    USB_ReadInterrupts                       0x08005765   Thumb Code     8  stm32f4xx_ll_usb.o(.text.USB_ReadInterrupts)
    USB_ReadPacket                           0x0800576d   Thumb Code    74  stm32f4xx_ll_usb.o(.text.USB_ReadPacket)
    USB_SetCurrentMode                       0x080057b9   Thumb Code   100  stm32f4xx_ll_usb.o(.text.USB_SetCurrentMode)
    USB_SetDevAddress                        0x0800581d   Thumb Code    34  stm32f4xx_ll_usb.o(.text.USB_SetDevAddress)
    USB_SetTurnaroundTime                    0x08005841   Thumb Code   278  stm32f4xx_ll_usb.o(.text.USB_SetTurnaroundTime)
    USB_WritePacket                          0x08005959   Thumb Code    58  stm32f4xx_ll_usb.o(.text.USB_WritePacket)
    UsageFault_Handler                       0x08005995   Thumb Code     2  stm32f4xx_it.o(.text.UsageFault_Handler)
    main                                     0x08005999   Thumb Code    54  main.o(.text.main)
    osDelay                                  0x080059d1   Thumb Code    16  cmsis_os.o(.text.osDelay)
    osKernelStart                            0x080059e1   Thumb Code    10  cmsis_os.o(.text.osKernelStart)
    osThreadCreate                           0x080059ed   Thumb Code    94  cmsis_os.o(.text.osThreadCreate)
    pvPortMalloc                             0x08005d0d   Thumb Code   454  heap_4.o(.text.pvPortMalloc)
    pxPortInitialiseStack                    0x08005ed5   Thumb Code    40  port.o(.text.pxPortInitialiseStack)
    uxListRemove                             0x08005efd   Thumb Code    36  list.o(.text.uxListRemove)
    vApplicationGetIdleTaskMemory            0x08005f21   Thumb Code    26  freertos.o(.text.vApplicationGetIdleTaskMemory)
    vListInitialise                          0x08005f3d   Thumb Code    22  list.o(.text.vListInitialise)
    vListInitialiseItem                      0x08005f55   Thumb Code     6  list.o(.text.vListInitialiseItem)
    vListInsert                              0x08005f5d   Thumb Code    58  list.o(.text.vListInsert)
    vListInsertEnd                           0x08005f99   Thumb Code    28  list.o(.text.vListInsertEnd)
    vPortEnterCritical                       0x08005fc9   Thumb Code    70  port.o(.text.vPortEnterCritical)
    vPortExitCritical                        0x08006011   Thumb Code    46  port.o(.text.vPortExitCritical)
    vPortFree                                0x08006041   Thumb Code   210  heap_4.o(.text.vPortFree)
    vPortSetupTimerInterrupt                 0x08006115   Thumb Code    52  port.o(.text.vPortSetupTimerInterrupt)
    vTaskDelay                               0x08006149   Thumb Code    80  tasks.o(.text.vTaskDelay)
    vTaskStartScheduler                      0x08006199   Thumb Code   120  tasks.o(.text.vTaskStartScheduler)
    vTaskSuspendAll                          0x08006219   Thumb Code    16  tasks.o(.text.vTaskSuspendAll)
    vTaskSwitchContext                       0x08006229   Thumb Code   134  tasks.o(.text.vTaskSwitchContext)
    xPortStartScheduler                      0x080062b1   Thumb Code   306  port.o(.text.xPortStartScheduler)
    xTaskCreate                              0x080063e5   Thumb Code   224  tasks.o(.text.xTaskCreate)
    xTaskCreateStatic                        0x080064c5   Thumb Code   236  tasks.o(.text.xTaskCreateStatic)
    xTaskIncrementTick                       0x080065b1   Thumb Code   384  tasks.o(.text.xTaskIncrementTick)
    xTaskResumeAll                           0x08006731   Thumb Code   316  tasks.o(.text.xTaskResumeAll)
    _fp_init                                 0x0800686d   Thumb Code    26  fpinit.o(x$fpl$fpinit)
    __fplib_config_fpu_vfp                   0x08006885   Thumb Code     0  fpinit.o(x$fpl$fpinit)
    __fplib_config_pureend_doubles           0x08006885   Thumb Code     0  fpinit.o(x$fpl$fpinit)
    AHBPrescTable                            0x08006886   Data          16  system_stm32f4xx.o(.rodata.AHBPrescTable)
    APBPrescTable                            0x08006896   Data           8  system_stm32f4xx.o(.rodata.APBPrescTable)
    Region$$Table$$Base                      0x080068b4   Number         0  anon$$obj.o(Region$$Table)
    Region$$Table$$Limit                     0x080068d4   Number         0  anon$$obj.o(Region$$Table)
    FS_Desc                                  0x20000000   Data          28  usbd_desc.o(.data.FS_Desc)
    SystemCoreClock                          0x2000001c   Data           4  system_stm32f4xx.o(.data.SystemCoreClock)
    USBD_CDC                                 0x20000020   Data          56  usbd_cdc.o(.data.USBD_CDC)
    USBD_FS_DeviceDesc                       0x200000a8   Data          18  usbd_desc.o(.data.USBD_FS_DeviceDesc)
    USBD_Interface_fops_FS                   0x200000bc   Data          20  usbd_cdc_if.o(.data.USBD_Interface_fops_FS)
    USBD_LangIDDesc                          0x200000d0   Data           4  usbd_desc.o(.data.USBD_LangIDDesc)
    USBD_StringSerial                        0x200000d4   Data          26  usbd_desc.o(.data.USBD_StringSerial)
    uwTickFreq                               0x200000ee   Data           1  stm32f4xx_hal.o(.data.uwTickFreq)
    uwTickPrio                               0x200000f0   Data           4  stm32f4xx_hal.o(.data.uwTickPrio)
    __libspace_start                         0x200000f8   Data          96  libspace.o(.bss)
    __temporary_stack_top$libspace           0x20000158   Data           0  libspace.o(.bss)
    StartINSTaskHandle                       0x2000015c   Data           4  freertos.o(.bss.StartINSTaskHandle)
    USBD_StrDesc                             0x20000164   Data         512  usbd_desc.o(.bss.USBD_StrDesc)
    UserRxBufferFS                           0x20000584   Data        2048  usbd_cdc_if.o(.bss.UserRxBufferFS)
    UserTxBufferFS                           0x20000d84   Data        2048  usbd_cdc_if.o(.bss.UserTxBufferFS)
    hUsbDeviceFS                             0x20001584   Data         732  usb_device.o(.bss.hUsbDeviceFS)
    hcan1                                    0x20001860   Data          40  can.o(.bss.hcan1)
    hcan2                                    0x20001888   Data          40  can.o(.bss.hcan2)
    hdma_usart3_rx                           0x200018b0   Data          96  usart.o(.bss.hdma_usart3_rx)
    hpcd_USB_OTG_FS                          0x20001910   Data        1292  usbd_conf.o(.bss.hpcd_USB_OTG_FS)
    hrng                                     0x20001e1c   Data          16  rng.o(.bss.hrng)
    hspi1                                    0x20001e2c   Data          88  spi.o(.bss.hspi1)
    htim10                                   0x20001e84   Data          72  tim.o(.bss.htim10)
    htim2                                    0x20001ecc   Data          72  stm32f4xx_hal_timebase_tim.o(.bss.htim2)
    htim4                                    0x20001f14   Data          72  tim.o(.bss.htim4)
    huart3                                   0x20001f5c   Data          68  usart.o(.bss.huart3)
    pxCurrentTCB                             0x20001fa0   Data           4  tasks.o(.bss.pxCurrentTCB)
    uwTick                                   0x20008044   Data           4  stm32f4xx_hal.o(.bss.uwTick)



==============================================================================

Memory Map of the image

  Image Entry point : 0x08000189

  Load Region LR_IROM1 (Base: 0x08000000, Size: 0x000069d0, Max: 0x00100000, ABSOLUTE)

    Execution Region ER_IROM1 (Exec base: 0x08000000, Load base: 0x08000000, Size: 0x000068d4, Max: 0x00100000, ABSOLUTE)

    Exec Addr    Load Addr    Size         Type   Attr      Idx    E Section Name        Object

    0x08000000   0x08000000   0x00000188   Data   RO          374    RESET               startup_stm32f407xx.o
    0x08000188   0x08000188   0x00000008   Code   RO         2616  * !!!main             c_w.l(__main.o)
    0x08000190   0x08000190   0x00000034   Code   RO         3018    !!!scatter          c_w.l(__scatter.o)
    0x080001c4   0x080001c4   0x0000001a   Code   RO         3020    !!handler_copy      c_w.l(__scatter_copy.o)
    0x080001de   0x080001de   0x00000002   PAD
    0x080001e0   0x080001e0   0x0000001c   Code   RO         3022    !!handler_zi        c_w.l(__scatter_zi.o)
    0x080001fc   0x080001fc   0x00000002   Code   RO         2947    .ARM.Collect$$libinit$$00000000  c_w.l(libinit.o)
    0x080001fe   0x080001fe   0x00000004   Code   RO         2737    .ARM.Collect$$libinit$$00000001  c_w.l(libinit2.o)
    0x08000202   0x08000202   0x00000000   Code   RO         2740    .ARM.Collect$$libinit$$00000004  c_w.l(libinit2.o)
    0x08000202   0x08000202   0x00000000   Code   RO         2742    .ARM.Collect$$libinit$$00000006  c_w.l(libinit2.o)
    0x08000202   0x08000202   0x00000000   Code   RO         2745    .ARM.Collect$$libinit$$0000000C  c_w.l(libinit2.o)
    0x08000202   0x08000202   0x00000000   Code   RO         2747    .ARM.Collect$$libinit$$0000000E  c_w.l(libinit2.o)
    0x08000202   0x08000202   0x00000000   Code   RO         2749    .ARM.Collect$$libinit$$00000010  c_w.l(libinit2.o)
    0x08000202   0x08000202   0x00000000   Code   RO         2752    .ARM.Collect$$libinit$$00000013  c_w.l(libinit2.o)
    0x08000202   0x08000202   0x00000000   Code   RO         2754    .ARM.Collect$$libinit$$00000015  c_w.l(libinit2.o)
    0x08000202   0x08000202   0x00000000   Code   RO         2756    .ARM.Collect$$libinit$$00000017  c_w.l(libinit2.o)
    0x08000202   0x08000202   0x00000000   Code   RO         2758    .ARM.Collect$$libinit$$00000019  c_w.l(libinit2.o)
    0x08000202   0x08000202   0x00000000   Code   RO         2760    .ARM.Collect$$libinit$$0000001B  c_w.l(libinit2.o)
    0x08000202   0x08000202   0x00000000   Code   RO         2762    .ARM.Collect$$libinit$$0000001D  c_w.l(libinit2.o)
    0x08000202   0x08000202   0x00000000   Code   RO         2764    .ARM.Collect$$libinit$$0000001F  c_w.l(libinit2.o)
    0x08000202   0x08000202   0x00000000   Code   RO         2766    .ARM.Collect$$libinit$$00000021  c_w.l(libinit2.o)
    0x08000202   0x08000202   0x00000000   Code   RO         2768    .ARM.Collect$$libinit$$00000023  c_w.l(libinit2.o)
    0x08000202   0x08000202   0x00000000   Code   RO         2770    .ARM.Collect$$libinit$$00000025  c_w.l(libinit2.o)
    0x08000202   0x08000202   0x00000000   Code   RO         2772    .ARM.Collect$$libinit$$00000027  c_w.l(libinit2.o)
    0x08000202   0x08000202   0x00000000   Code   RO         2776    .ARM.Collect$$libinit$$0000002E  c_w.l(libinit2.o)
    0x08000202   0x08000202   0x00000000   Code   RO         2778    .ARM.Collect$$libinit$$00000030  c_w.l(libinit2.o)
    0x08000202   0x08000202   0x00000000   Code   RO         2780    .ARM.Collect$$libinit$$00000032  c_w.l(libinit2.o)
    0x08000202   0x08000202   0x00000000   Code   RO         2782    .ARM.Collect$$libinit$$00000034  c_w.l(libinit2.o)
    0x08000202   0x08000202   0x00000002   Code   RO         2783    .ARM.Collect$$libinit$$00000035  c_w.l(libinit2.o)
    0x08000204   0x08000204   0x00000002   Code   RO         3015    .ARM.Collect$$libshutdown$$00000000  c_w.l(libshutdown.o)
    0x08000206   0x08000206   0x00000000   Code   RO         2969    .ARM.Collect$$libshutdown$$00000002  c_w.l(libshutdown2.o)
    0x08000206   0x08000206   0x00000000   Code   RO         2971    .ARM.Collect$$libshutdown$$00000004  c_w.l(libshutdown2.o)
    0x08000206   0x08000206   0x00000000   Code   RO         2974    .ARM.Collect$$libshutdown$$00000007  c_w.l(libshutdown2.o)
    0x08000206   0x08000206   0x00000000   Code   RO         2977    .ARM.Collect$$libshutdown$$0000000A  c_w.l(libshutdown2.o)
    0x08000206   0x08000206   0x00000000   Code   RO         2979    .ARM.Collect$$libshutdown$$0000000C  c_w.l(libshutdown2.o)
    0x08000206   0x08000206   0x00000000   Code   RO         2982    .ARM.Collect$$libshutdown$$0000000F  c_w.l(libshutdown2.o)
    0x08000206   0x08000206   0x00000002   Code   RO         2983    .ARM.Collect$$libshutdown$$00000010  c_w.l(libshutdown2.o)
    0x08000208   0x08000208   0x00000000   Code   RO         2697    .ARM.Collect$$rtentry$$00000000  c_w.l(__rtentry.o)
    0x08000208   0x08000208   0x00000000   Code   RO         2871    .ARM.Collect$$rtentry$$00000002  c_w.l(__rtentry2.o)
    0x08000208   0x08000208   0x00000006   Code   RO         2883    .ARM.Collect$$rtentry$$00000004  c_w.l(__rtentry4.o)
    0x0800020e   0x0800020e   0x00000000   Code   RO         2873    .ARM.Collect$$rtentry$$00000009  c_w.l(__rtentry2.o)
    0x0800020e   0x0800020e   0x00000004   Code   RO         2874    .ARM.Collect$$rtentry$$0000000A  c_w.l(__rtentry2.o)
    0x08000212   0x08000212   0x00000000   Code   RO         2876    .ARM.Collect$$rtentry$$0000000C  c_w.l(__rtentry2.o)
    0x08000212   0x08000212   0x00000008   Code   RO         2877    .ARM.Collect$$rtentry$$0000000D  c_w.l(__rtentry2.o)
    0x0800021a   0x0800021a   0x00000002   Code   RO         2956    .ARM.Collect$$rtexit$$00000000  c_w.l(rtexit.o)
    0x0800021c   0x0800021c   0x00000000   Code   RO         2991    .ARM.Collect$$rtexit$$00000002  c_w.l(rtexit2.o)
    0x0800021c   0x0800021c   0x00000004   Code   RO         2992    .ARM.Collect$$rtexit$$00000003  c_w.l(rtexit2.o)
    0x08000220   0x08000220   0x00000006   Code   RO         2993    .ARM.Collect$$rtexit$$00000004  c_w.l(rtexit2.o)
    0x08000226   0x08000226   0x00000002   PAD
    0x08000228   0x08000228   0x00000040   Code   RO          375    .text               startup_stm32f407xx.o
    0x08000268   0x08000268   0x000000f0   Code   RO         2600    .text               c_w.l(lludivv7m.o)
    0x08000358   0x08000358   0x00000010   Code   RO         2610    .text               c_w.l(aeabi_memset4.o)
    0x08000368   0x08000368   0x0000004e   Code   RO         2612    .text               c_w.l(rt_memclr_w.o)
    0x080003b6   0x080003b6   0x00000006   Code   RO         2614    .text               c_w.l(heapauxi.o)
    0x080003bc   0x080003bc   0x00000008   Code   RO         2867    .text               c_w.l(libspace.o)
    0x080003c4   0x080003c4   0x00000002   Code   RO         2919    .text               c_w.l(use_no_semi.o)
    0x080003c6   0x080003c6   0x00000000   Code   RO         2921    .text               c_w.l(indicate_semi.o)
    0x080003c6   0x080003c6   0x0000004a   Code   RO         2922    .text               c_w.l(sys_stackheap_outer.o)
    0x08000410   0x08000410   0x00000012   Code   RO         2928    .text               c_w.l(exit.o)
    0x08000422   0x08000422   0x00000002   PAD
    0x08000424   0x08000424   0x0000000c   Code   RO         2952    .text               c_w.l(sys_exit.o)
    0x08000430   0x08000430   0x00000002   Code   RO          307    .text.BusFault_Handler  stm32f4xx_it.o
    0x08000432   0x08000432   0x00000002   PAD
    0x08000434   0x08000434   0x0000000c   Code   RO          315    .text.CAN1_RX0_IRQHandler  stm32f4xx_it.o
    0x08000440   0x08000440   0x0000000c   Code   RO          323    .text.CAN2_RX0_IRQHandler  stm32f4xx_it.o
    0x0800044c   0x0800044c   0x00000004   Code   RO         2278    .text.CDC_Control_FS  usbd_cdc_if.o
    0x08000450   0x08000450   0x00000004   Code   RO         2276    .text.CDC_DeInit_FS  usbd_cdc_if.o
    0x08000454   0x08000454   0x0000002c   Code   RO         2274    .text.CDC_Init_FS   usbd_cdc_if.o
    0x08000480   0x08000480   0x0000001c   Code   RO         2280    .text.CDC_Receive_FS  usbd_cdc_if.o
    0x0800049c   0x0800049c   0x00000004   Code   RO         2282    .text.CDC_TransmitCplt_FS  usbd_cdc_if.o
    0x080004a0   0x080004a0   0x0000000c   Code   RO          313    .text.DMA1_Stream1_IRQHandler  stm32f4xx_it.o
    0x080004ac   0x080004ac   0x00000002   Code   RO          311    .text.DebugMon_Handler  stm32f4xx_it.o
    0x080004ae   0x080004ae   0x00000002   PAD
    0x080004b0   0x080004b0   0x00000006   Code   RO          317    .text.EXTI9_5_IRQHandler  stm32f4xx_it.o
    0x080004b6   0x080004b6   0x00000002   PAD
    0x080004b8   0x080004b8   0x0000000a   Code   RO          167    .text.Error_Handler  main.o
    0x080004c2   0x080004c2   0x00000002   PAD
    0x080004c4   0x080004c4   0x00000002   Code   RO         1491    .text.HAL_CAN_ErrorCallback  stm32f4xx_hal_can.o
    0x080004c6   0x080004c6   0x00000002   PAD
    0x080004c8   0x080004c8   0x00000242   Code   RO         1465    .text.HAL_CAN_IRQHandler  stm32f4xx_hal_can.o
    0x0800070a   0x0800070a   0x00000002   PAD
    0x0800070c   0x0800070c   0x000000f4   Code   RO         1427    .text.HAL_CAN_Init  stm32f4xx_hal_can.o
    0x08000800   0x08000800   0x0000011c   Code   RO          211    .text.HAL_CAN_MspInit  can.o
    0x0800091c   0x0800091c   0x00000002   Code   RO         1479    .text.HAL_CAN_RxFifo0FullCallback  stm32f4xx_hal_can.o
    0x0800091e   0x0800091e   0x00000002   PAD
    0x08000920   0x08000920   0x00000002   Code   RO         1481    .text.HAL_CAN_RxFifo0MsgPendingCallback  stm32f4xx_hal_can.o
    0x08000922   0x08000922   0x00000002   PAD
    0x08000924   0x08000924   0x00000002   Code   RO         1483    .text.HAL_CAN_RxFifo1FullCallback  stm32f4xx_hal_can.o
    0x08000926   0x08000926   0x00000002   PAD
    0x08000928   0x08000928   0x00000002   Code   RO         1485    .text.HAL_CAN_RxFifo1MsgPendingCallback  stm32f4xx_hal_can.o
    0x0800092a   0x0800092a   0x00000002   PAD
    0x0800092c   0x0800092c   0x00000002   Code   RO         1487    .text.HAL_CAN_SleepCallback  stm32f4xx_hal_can.o
    0x0800092e   0x0800092e   0x00000002   PAD
    0x08000930   0x08000930   0x00000002   Code   RO         1469    .text.HAL_CAN_TxMailbox0AbortCallback  stm32f4xx_hal_can.o
    0x08000932   0x08000932   0x00000002   PAD
    0x08000934   0x08000934   0x00000002   Code   RO         1467    .text.HAL_CAN_TxMailbox0CompleteCallback  stm32f4xx_hal_can.o
    0x08000936   0x08000936   0x00000002   PAD
    0x08000938   0x08000938   0x00000002   Code   RO         1473    .text.HAL_CAN_TxMailbox1AbortCallback  stm32f4xx_hal_can.o
    0x0800093a   0x0800093a   0x00000002   PAD
    0x0800093c   0x0800093c   0x00000002   Code   RO         1471    .text.HAL_CAN_TxMailbox1CompleteCallback  stm32f4xx_hal_can.o
    0x0800093e   0x0800093e   0x00000002   PAD
    0x08000940   0x08000940   0x00000002   Code   RO         1477    .text.HAL_CAN_TxMailbox2AbortCallback  stm32f4xx_hal_can.o
    0x08000942   0x08000942   0x00000002   PAD
    0x08000944   0x08000944   0x00000002   Code   RO         1475    .text.HAL_CAN_TxMailbox2CompleteCallback  stm32f4xx_hal_can.o
    0x08000946   0x08000946   0x00000002   PAD
    0x08000948   0x08000948   0x00000002   Code   RO         1489    .text.HAL_CAN_WakeUpFromRxMsgCallback  stm32f4xx_hal_can.o
    0x0800094a   0x0800094a   0x00000002   PAD
    0x0800094c   0x0800094c   0x00000080   Code   RO         1203    .text.HAL_DMA_Abort  stm32f4xx_hal_dma.o
    0x080009cc   0x080009cc   0x00000024   Code   RO         1205    .text.HAL_DMA_Abort_IT  stm32f4xx_hal_dma.o
    0x080009f0   0x080009f0   0x0000018a   Code   RO         1209    .text.HAL_DMA_IRQHandler  stm32f4xx_hal_dma.o
    0x08000b7a   0x08000b7a   0x00000002   PAD
    0x08000b7c   0x08000b7c   0x0000013e   Code   RO         1195    .text.HAL_DMA_Init  stm32f4xx_hal_dma.o
    0x08000cba   0x08000cba   0x00000002   PAD
    0x08000cbc   0x08000cbc   0x00000028   Code   RO         1356    .text.HAL_Delay     stm32f4xx_hal.o
    0x08000ce4   0x08000ce4   0x00000002   Code   RO         1171    .text.HAL_GPIO_EXTI_Callback  stm32f4xx_hal_gpio.o
    0x08000ce6   0x08000ce6   0x00000002   PAD
    0x08000ce8   0x08000ce8   0x00000016   Code   RO         1169    .text.HAL_GPIO_EXTI_IRQHandler  stm32f4xx_hal_gpio.o
    0x08000cfe   0x08000cfe   0x00000002   PAD
    0x08000d00   0x08000d00   0x000001a0   Code   RO         1157    .text.HAL_GPIO_Init  stm32f4xx_hal_gpio.o
    0x08000ea0   0x08000ea0   0x0000000a   Code   RO         1163    .text.HAL_GPIO_WritePin  stm32f4xx_hal_gpio.o
    0x08000eaa   0x08000eaa   0x00000002   PAD
    0x08000eac   0x08000eac   0x0000000c   Code   RO         1348    .text.HAL_GetTick   stm32f4xx_hal.o
    0x08000eb8   0x08000eb8   0x0000001a   Code   RO         1346    .text.HAL_IncTick   stm32f4xx_hal.o
    0x08000ed2   0x08000ed2   0x00000002   PAD
    0x08000ed4   0x08000ed4   0x00000036   Code   RO         1336    .text.HAL_Init      stm32f4xx_hal.o
    0x08000f0a   0x08000f0a   0x00000002   PAD
    0x08000f0c   0x08000f0c   0x000000aa   Code   RO          343    .text.HAL_InitTick  stm32f4xx_hal_timebase_tim.o
    0x08000fb6   0x08000fb6   0x00000002   PAD
    0x08000fb8   0x08000fb8   0x00000042   Code   RO          334    .text.HAL_MspInit   stm32f4xx_hal_msp.o
    0x08000ffa   0x08000ffa   0x00000002   PAD
    0x08000ffc   0x08000ffc   0x00000020   Code   RO         1294    .text.HAL_NVIC_EnableIRQ  stm32f4xx_hal_cortex.o
    0x0800101c   0x0800101c   0x00000056   Code   RO         1292    .text.HAL_NVIC_SetPriority  stm32f4xx_hal_cortex.o
    0x08001072   0x08001072   0x00000002   PAD
    0x08001074   0x08001074   0x00000020   Code   RO         1290    .text.HAL_NVIC_SetPriorityGrouping  stm32f4xx_hal_cortex.o
    0x08001094   0x08001094   0x00000002   Code   RO          931    .text.HAL_PCDEx_LPM_Callback  stm32f4xx_hal_pcd_ex.o
    0x08001096   0x08001096   0x00000002   PAD
    0x08001098   0x08001098   0x00000008   Code   RO          929    .text.HAL_PCDEx_SetRxFiFo  stm32f4xx_hal_pcd_ex.o
    0x080010a0   0x080010a0   0x0000004e   Code   RO          927    .text.HAL_PCDEx_SetTxFiFo  stm32f4xx_hal_pcd_ex.o
    0x080010ee   0x080010ee   0x00000002   PAD
    0x080010f0   0x080010f0   0x00000008   Code   RO         2319    .text.HAL_PCD_ConnectCallback  usbd_conf.o
    0x080010f8   0x080010f8   0x00000014   Code   RO         2305    .text.HAL_PCD_DataInStageCallback  usbd_conf.o
    0x0800110c   0x0800110c   0x00000016   Code   RO         2303    .text.HAL_PCD_DataOutStageCallback  usbd_conf.o
    0x08001122   0x08001122   0x00000002   PAD
    0x08001124   0x08001124   0x00000008   Code   RO         2321    .text.HAL_PCD_DisconnectCallback  usbd_conf.o
    0x0800112c   0x0800112c   0x00000050   Code   RO          897    .text.HAL_PCD_EP_Close  stm32f4xx_hal_pcd.o
    0x0800117c   0x0800117c   0x00000066   Code   RO          907    .text.HAL_PCD_EP_ClrStall  stm32f4xx_hal_pcd.o
    0x080011e2   0x080011e2   0x00000002   PAD
    0x080011e4   0x080011e4   0x00000012   Code   RO          901    .text.HAL_PCD_EP_GetRxCount  stm32f4xx_hal_pcd.o
    0x080011f6   0x080011f6   0x00000002   PAD
    0x080011f8   0x080011f8   0x00000068   Code   RO          895    .text.HAL_PCD_EP_Open  stm32f4xx_hal_pcd.o
    0x08001260   0x08001260   0x0000004c   Code   RO          899    .text.HAL_PCD_EP_Receive  stm32f4xx_hal_pcd.o
    0x080012ac   0x080012ac   0x00000072   Code   RO          905    .text.HAL_PCD_EP_SetStall  stm32f4xx_hal_pcd.o
    0x0800131e   0x0800131e   0x00000002   PAD
    0x08001320   0x08001320   0x00000044   Code   RO          903    .text.HAL_PCD_EP_Transmit  stm32f4xx_hal_pcd.o
    0x08001364   0x08001364   0x00000784   Code   RO          861    .text.HAL_PCD_IRQHandler  stm32f4xx_hal_pcd.o
    0x08001ae8   0x08001ae8   0x00000008   Code   RO         2317    .text.HAL_PCD_ISOINIncompleteCallback  usbd_conf.o
    0x08001af0   0x08001af0   0x00000008   Code   RO         2315    .text.HAL_PCD_ISOOUTIncompleteCallback  usbd_conf.o
    0x08001af8   0x08001af8   0x0000013e   Code   RO          849    .text.HAL_PCD_Init  stm32f4xx_hal_pcd.o
    0x08001c36   0x08001c36   0x00000002   PAD
    0x08001c38   0x08001c38   0x00000088   Code   RO         2297    .text.HAL_PCD_MspInit  usbd_conf.o
    0x08001cc0   0x08001cc0   0x0000002a   Code   RO         2309    .text.HAL_PCD_ResetCallback  usbd_conf.o
    0x08001cea   0x08001cea   0x00000002   PAD
    0x08001cec   0x08001cec   0x00000008   Code   RO         2313    .text.HAL_PCD_ResumeCallback  usbd_conf.o
    0x08001cf4   0x08001cf4   0x00000008   Code   RO         2307    .text.HAL_PCD_SOFCallback  usbd_conf.o
    0x08001cfc   0x08001cfc   0x00000028   Code   RO          893    .text.HAL_PCD_SetAddress  stm32f4xx_hal_pcd.o
    0x08001d24   0x08001d24   0x0000000e   Code   RO         2301    .text.HAL_PCD_SetupStageCallback  usbd_conf.o
    0x08001d32   0x08001d32   0x00000002   PAD
    0x08001d34   0x08001d34   0x0000003e   Code   RO          857    .text.HAL_PCD_Start  stm32f4xx_hal_pcd.o
    0x08001d72   0x08001d72   0x00000002   PAD
    0x08001d74   0x08001d74   0x00000034   Code   RO         2311    .text.HAL_PCD_SuspendCallback  usbd_conf.o
    0x08001da8   0x08001da8   0x00000002   Code   RO         1073    .text.HAL_RCC_CSSCallback  stm32f4xx_hal_rcc.o
    0x08001daa   0x08001daa   0x00000002   PAD
    0x08001dac   0x08001dac   0x00000160   Code   RO         1051    .text.HAL_RCC_ClockConfig  stm32f4xx_hal_rcc.o
    0x08001f0c   0x08001f0c   0x0000000c   Code   RO         1057    .text.HAL_RCC_EnableCSS  stm32f4xx_hal_rcc.o
    0x08001f18   0x08001f18   0x0000003e   Code   RO         1069    .text.HAL_RCC_GetClockConfig  stm32f4xx_hal_rcc.o
    0x08001f56   0x08001f56   0x00000002   PAD
    0x08001f58   0x08001f58   0x0000000c   Code   RO         1061    .text.HAL_RCC_GetHCLKFreq  stm32f4xx_hal_rcc.o
    0x08001f64   0x08001f64   0x00000026   Code   RO         1063    .text.HAL_RCC_GetPCLK1Freq  stm32f4xx_hal_rcc.o
    0x08001f8a   0x08001f8a   0x00000002   PAD
    0x08001f8c   0x08001f8c   0x00000026   Code   RO         1065    .text.HAL_RCC_GetPCLK2Freq  stm32f4xx_hal_rcc.o
    0x08001fb2   0x08001fb2   0x00000002   PAD
    0x08001fb4   0x08001fb4   0x00000068   Code   RO         1053    .text.HAL_RCC_GetSysClockFreq  stm32f4xx_hal_rcc.o
    0x0800201c   0x0800201c   0x0000001c   Code   RO         1071    .text.HAL_RCC_NMI_IRQHandler  stm32f4xx_hal_rcc.o
    0x08002038   0x08002038   0x00000344   Code   RO         1049    .text.HAL_RCC_OscConfig  stm32f4xx_hal_rcc.o
    0x0800237c   0x0800237c   0x00000032   Code   RO         1507    .text.HAL_RNG_Init  stm32f4xx_hal_rng.o
    0x080023ae   0x080023ae   0x00000002   PAD
    0x080023b0   0x080023b0   0x00000036   Code   RO          237    .text.HAL_RNG_MspInit  rng.o
    0x080023e6   0x080023e6   0x00000002   PAD
    0x080023e8   0x080023e8   0x000000b4   Code   RO         1543    .text.HAL_SPI_Init  stm32f4xx_hal_spi.o
    0x0800249c   0x0800249c   0x000000aa   Code   RO          252    .text.HAL_SPI_MspInit  spi.o
    0x08002546   0x08002546   0x00000002   PAD
    0x08002548   0x08002548   0x00000002   Code   RO         1964    .text.HAL_TIMEx_BreakCallback  stm32f4xx_hal_tim_ex.o
    0x0800254a   0x0800254a   0x00000002   PAD
    0x0800254c   0x0800254c   0x00000002   Code   RO         1960    .text.HAL_TIMEx_CommutCallback  stm32f4xx_hal_tim_ex.o
    0x0800254e   0x0800254e   0x00000002   PAD
    0x08002550   0x08002550   0x000000b8   Code   RO         1954    .text.HAL_TIMEx_MasterConfigSynchronization  stm32f4xx_hal_tim_ex.o
    0x08002608   0x08002608   0x0000005a   Code   RO         1659    .text.HAL_TIM_Base_Init  stm32f4xx_hal_tim.o
    0x08002662   0x08002662   0x00000002   PAD
    0x08002664   0x08002664   0x00000060   Code   RO          271    .text.HAL_TIM_Base_MspInit  tim.o
    0x080026c4   0x080026c4   0x000000a8   Code   RO         1673    .text.HAL_TIM_Base_Start_IT  stm32f4xx_hal_tim.o
    0x0800276c   0x0800276c   0x0000019c   Code   RO         1839    .text.HAL_TIM_ConfigClockSource  stm32f4xx_hal_tim.o
    0x08002908   0x08002908   0x00000002   Code   RO         1795    .text.HAL_TIM_IC_CaptureCallback  stm32f4xx_hal_tim.o
    0x0800290a   0x0800290a   0x00000002   PAD
    0x0800290c   0x0800290c   0x0000016a   Code   RO         1793    .text.HAL_TIM_IRQHandler  stm32f4xx_hal_tim.o
    0x08002a76   0x08002a76   0x00000002   PAD
    0x08002a78   0x08002a78   0x000000a0   Code   RO          267    .text.HAL_TIM_MspPostInit  tim.o
    0x08002b18   0x08002b18   0x00000002   Code   RO         1797    .text.HAL_TIM_OC_DelayElapsedCallback  stm32f4xx_hal_tim.o
    0x08002b1a   0x08002b1a   0x00000002   PAD
    0x08002b1c   0x08002b1c   0x00000218   Code   RO         1813    .text.HAL_TIM_PWM_ConfigChannel  stm32f4xx_hal_tim.o
    0x08002d34   0x08002d34   0x0000005a   Code   RO         1713    .text.HAL_TIM_PWM_Init  stm32f4xx_hal_tim.o
    0x08002d8e   0x08002d8e   0x00000002   PAD
    0x08002d90   0x08002d90   0x00000002   Code   RO         1715    .text.HAL_TIM_PWM_MspInit  stm32f4xx_hal_tim.o
    0x08002d92   0x08002d92   0x00000002   PAD
    0x08002d94   0x08002d94   0x00000002   Code   RO         1799    .text.HAL_TIM_PWM_PulseFinishedCallback  stm32f4xx_hal_tim.o
    0x08002d96   0x08002d96   0x00000002   PAD
    0x08002d98   0x08002d98   0x0000000e   Code   RO          169    .text.HAL_TIM_PeriodElapsedCallback  main.o
    0x08002da6   0x08002da6   0x00000002   PAD
    0x08002da8   0x08002da8   0x00000002   Code   RO         1803    .text.HAL_TIM_TriggerCallback  stm32f4xx_hal_tim.o
    0x08002daa   0x08002daa   0x00000002   PAD
    0x08002dac   0x08002dac   0x00000002   Code   RO         2062    .text.HAL_UARTEx_RxEventCallback  stm32f4xx_hal_uart.o
    0x08002dae   0x08002dae   0x00000002   PAD
    0x08002db0   0x08002db0   0x00000002   Code   RO         2060    .text.HAL_UART_ErrorCallback  stm32f4xx_hal_uart.o
    0x08002db2   0x08002db2   0x00000002   PAD
    0x08002db4   0x08002db4   0x000002fe   Code   RO         2054    .text.HAL_UART_IRQHandler  stm32f4xx_hal_uart.o
    0x080030b2   0x080030b2   0x00000002   PAD
    0x080030b4   0x080030b4   0x0000005e   Code   RO         1978    .text.HAL_UART_Init  stm32f4xx_hal_uart.o
    0x08003112   0x08003112   0x00000002   PAD
    0x08003114   0x08003114   0x000000c2   Code   RO          287    .text.HAL_UART_MspInit  usart.o
    0x080031d6   0x080031d6   0x00000002   PAD
    0x080031d8   0x080031d8   0x00000002   Code   RO         2068    .text.HAL_UART_RxCpltCallback  stm32f4xx_hal_uart.o
    0x080031da   0x080031da   0x00000002   PAD
    0x080031dc   0x080031dc   0x00000002   Code   RO         2064    .text.HAL_UART_TxCpltCallback  stm32f4xx_hal_uart.o
    0x080031de   0x080031de   0x00000002   PAD
    0x080031e0   0x080031e0   0x00000002   Code   RO          303    .text.HardFault_Handler  stm32f4xx_it.o
    0x080031e2   0x080031e2   0x00000002   PAD
    0x080031e4   0x080031e4   0x00000010   Code   RO          193    .text.INS_Task      freertos.o
    0x080031f4   0x080031f4   0x00000046   Code   RO          207    .text.MX_CAN1_Init  can.o
    0x0800323a   0x0800323a   0x00000002   PAD
    0x0800323c   0x0800323c   0x00000046   Code   RO          209    .text.MX_CAN2_Init  can.o
    0x08003282   0x08003282   0x00000002   PAD
    0x08003284   0x08003284   0x00000038   Code   RO          226    .text.MX_DMA_Init   dma.o
    0x080032bc   0x080032bc   0x00000050   Code   RO          191    .text.MX_FREERTOS_Init  freertos.o
    0x0800330c   0x0800330c   0x00000108   Code   RO          180    .text.MX_GPIO_Init  gpio.o
    0x08003414   0x08003414   0x00000026   Code   RO          235    .text.MX_RNG_Init   rng.o
    0x0800343a   0x0800343a   0x00000002   PAD
    0x0800343c   0x0800343c   0x0000004c   Code   RO          250    .text.MX_SPI1_Init  spi.o
    0x08003488   0x08003488   0x0000008a   Code   RO          269    .text.MX_TIM10_Init  tim.o
    0x08003512   0x08003512   0x00000002   PAD
    0x08003514   0x08003514   0x000000cc   Code   RO          265    .text.MX_TIM4_Init  tim.o
    0x080035e0   0x080035e0   0x00000040   Code   RO          285    .text.MX_USART3_UART_Init  usart.o
    0x08003620   0x08003620   0x00000072   Code   RO         2238    .text.MX_USB_DEVICE_Init  usb_device.o
    0x08003692   0x08003692   0x00000002   PAD
    0x08003694   0x08003694   0x00000002   Code   RO          305    .text.MemManage_Handler  stm32f4xx_it.o
    0x08003696   0x08003696   0x00000002   PAD
    0x08003698   0x08003698   0x00000006   Code   RO          301    .text.NMI_Handler   stm32f4xx_it.o
    0x0800369e   0x0800369e   0x00000002   PAD
    0x080036a0   0x080036a0   0x0000000c   Code   RO          325    .text.OTG_FS_IRQHandler  stm32f4xx_it.o
    0x080036ac   0x080036ac   0x00000004   PAD
    0x080036b0   0x080036b0   0x00000064   Code   RO          832    .text.PendSV_Handler  port.o
    0x08003714   0x08003714   0x0000000c   PAD
    0x08003720   0x08003720   0x00000024   Code   RO          816    .text.SVC_Handler   port.o
    0x08003744   0x08003744   0x0000002e   Code   RO          834    .text.SysTick_Handler  port.o
    0x08003772   0x08003772   0x00000002   PAD
    0x08003774   0x08003774   0x000000b6   Code   RO          165    .text.SystemClock_Config  main.o
    0x0800382a   0x0800382a   0x00000002   PAD
    0x0800382c   0x0800382c   0x00000012   Code   RO          358    .text.SystemInit    system_stm32f4xx.o
    0x0800383e   0x0800383e   0x00000002   PAD
    0x08003840   0x08003840   0x0000000c   Code   RO          319    .text.TIM2_IRQHandler  stm32f4xx_it.o
    0x0800384c   0x0800384c   0x00000124   Code   RO         1663    .text.TIM_Base_SetConfig  stm32f4xx_hal_tim.o
    0x08003970   0x08003970   0x0000000c   Code   RO         2058    .text.UART_DMAAbortOnError  stm32f4xx_hal_uart.o
    0x0800397c   0x0800397c   0x000000be   Code   RO         2056    .text.UART_Receive_IT  stm32f4xx_hal_uart.o
    0x08003a3a   0x08003a3a   0x00000002   PAD
    0x08003a3c   0x08003a3c   0x000000ea   Code   RO         1982    .text.UART_SetConfig  stm32f4xx_hal_uart.o
    0x08003b26   0x08003b26   0x00000002   PAD
    0x08003b28   0x08003b28   0x0000000c   Code   RO          321    .text.USART3_IRQHandler  stm32f4xx_it.o
    0x08003b34   0x08003b34   0x00000074   Code   RO         2205    .text.USBD_CDC_DataIn  usbd_cdc.o
    0x08003ba8   0x08003ba8   0x0000003c   Code   RO         2207    .text.USBD_CDC_DataOut  usbd_cdc.o
    0x08003be4   0x08003be4   0x0000005a   Code   RO         2199    .text.USBD_CDC_DeInit  usbd_cdc.o
    0x08003c3e   0x08003c3e   0x00000002   PAD
    0x08003c40   0x08003c40   0x0000003a   Code   RO         2203    .text.USBD_CDC_EP0_RxReady  usbd_cdc.o
    0x08003c7a   0x08003c7a   0x00000002   PAD
    0x08003c7c   0x08003c7c   0x00000010   Code   RO         2215    .text.USBD_CDC_GetDeviceQualifierDescriptor  usbd_cdc.o
    0x08003c8c   0x08003c8c   0x00000052   Code   RO         2211    .text.USBD_CDC_GetFSCfgDesc  usbd_cdc.o
    0x08003cde   0x08003cde   0x00000002   PAD
    0x08003ce0   0x08003ce0   0x00000056   Code   RO         2209    .text.USBD_CDC_GetHSCfgDesc  usbd_cdc.o
    0x08003d36   0x08003d36   0x00000002   PAD
    0x08003d38   0x08003d38   0x00000052   Code   RO         2213    .text.USBD_CDC_GetOtherSpeedCfgDesc  usbd_cdc.o
    0x08003d8a   0x08003d8a   0x00000002   PAD
    0x08003d8c   0x08003d8c   0x000000d4   Code   RO         2197    .text.USBD_CDC_Init  usbd_cdc.o
    0x08003e60   0x08003e60   0x00000032   Code   RO         2225    .text.USBD_CDC_ReceivePacket  usbd_cdc.o
    0x08003e92   0x08003e92   0x00000002   PAD
    0x08003e94   0x08003e94   0x00000018   Code   RO         2217    .text.USBD_CDC_RegisterInterface  usbd_cdc.o
    0x08003eac   0x08003eac   0x0000001a   Code   RO         2221    .text.USBD_CDC_SetRxBuffer  usbd_cdc.o
    0x08003ec6   0x08003ec6   0x00000002   PAD
    0x08003ec8   0x08003ec8   0x0000001e   Code   RO         2219    .text.USBD_CDC_SetTxBuffer  usbd_cdc.o
    0x08003ee6   0x08003ee6   0x00000002   PAD
    0x08003ee8   0x08003ee8   0x0000011e   Code   RO         2201    .text.USBD_CDC_Setup  usbd_cdc.o
    0x08004006   0x08004006   0x00000002   PAD
    0x08004008   0x08004008   0x00000012   Code   RO         2112    .text.USBD_ClrClassConfig  usbd_core.o
    0x0800401a   0x0800401a   0x00000002   PAD
    0x0800401c   0x0800401c   0x00000004   Code   RO         2120    .text.USBD_CoreFindEP  usbd_core.o
    0x08004020   0x08004020   0x00000004   Code   RO         2118    .text.USBD_CoreFindIF  usbd_core.o
    0x08004024   0x08004024   0x00000010   Code   RO         2181    .text.USBD_CtlContinueRx  usbd_ioreq.o
    0x08004034   0x08004034   0x00000010   Code   RO         2177    .text.USBD_CtlContinueSendData  usbd_ioreq.o
    0x08004044   0x08004044   0x00000016   Code   RO         2156    .text.USBD_CtlError  usbd_ctlreq.o
    0x0800405a   0x0800405a   0x00000002   PAD
    0x0800405c   0x0800405c   0x0000001a   Code   RO         2179    .text.USBD_CtlPrepareRx  usbd_ioreq.o
    0x08004076   0x08004076   0x00000002   PAD
    0x08004078   0x08004078   0x00000016   Code   RO         2185    .text.USBD_CtlReceiveStatus  usbd_ioreq.o
    0x0800408e   0x0800408e   0x00000002   PAD
    0x08004090   0x08004090   0x0000001a   Code   RO         2175    .text.USBD_CtlSendData  usbd_ioreq.o
    0x080040aa   0x080040aa   0x00000002   PAD
    0x080040ac   0x080040ac   0x00000016   Code   RO         2183    .text.USBD_CtlSendStatus  usbd_ioreq.o
    0x080040c2   0x080040c2   0x00000002   PAD
    0x080040c4   0x080040c4   0x00000024   Code   RO         2257    .text.USBD_FS_ConfigStrDescriptor  usbd_desc.o
    0x080040e8   0x080040e8   0x0000000e   Code   RO         2247    .text.USBD_FS_DeviceDescriptor  usbd_desc.o
    0x080040f6   0x080040f6   0x00000002   PAD
    0x080040f8   0x080040f8   0x00000028   Code   RO         2259    .text.USBD_FS_InterfaceStrDescriptor  usbd_desc.o
    0x08004120   0x08004120   0x0000000e   Code   RO         2249    .text.USBD_FS_LangIDStrDescriptor  usbd_desc.o
    0x0800412e   0x0800412e   0x00000002   PAD
    0x08004130   0x08004130   0x0000002c   Code   RO         2251    .text.USBD_FS_ManufacturerStrDescriptor  usbd_desc.o
    0x0800415c   0x0800415c   0x00000030   Code   RO         2253    .text.USBD_FS_ProductStrDescriptor  usbd_desc.o
    0x0800418c   0x0800418c   0x00000088   Code   RO         2255    .text.USBD_FS_SerialStrDescriptor  usbd_desc.o
    0x08004214   0x08004214   0x00000030   Code   RO         2142    .text.USBD_GetEpDesc  usbd_core.o
    0x08004244   0x08004244   0x00000070   Code   RO         2164    .text.USBD_GetString  usbd_ctlreq.o
    0x080042b4   0x080042b4   0x0000002a   Code   RO         2098    .text.USBD_Init     usbd_core.o
    0x080042de   0x080042de   0x00000002   PAD
    0x080042e0   0x080042e0   0x00000022   Code   RO         2341    .text.USBD_LL_ClearStallEP  usbd_conf.o
    0x08004302   0x08004302   0x00000002   PAD
    0x08004304   0x08004304   0x00000022   Code   RO         2335    .text.USBD_LL_CloseEP  usbd_conf.o
    0x08004326   0x08004326   0x00000002   PAD
    0x08004328   0x08004328   0x000000b2   Code   RO         2122    .text.USBD_LL_DataInStage  usbd_core.o
    0x080043da   0x080043da   0x00000002   PAD
    0x080043dc   0x080043dc   0x00000078   Code   RO         2116    .text.USBD_LL_DataOutStage  usbd_core.o
    0x08004454   0x08004454   0x00000004   Code   RO         2138    .text.USBD_LL_DevConnected  usbd_core.o
    0x08004458   0x08004458   0x00000020   Code   RO         2140    .text.USBD_LL_DevDisconnected  usbd_core.o
    0x08004478   0x08004478   0x00000008   Code   RO         2351    .text.USBD_LL_GetRxDataSize  usbd_conf.o
    0x08004480   0x08004480   0x0000006e   Code   RO         2323    .text.USBD_LL_Init  usbd_conf.o
    0x080044ee   0x080044ee   0x00000002   PAD
    0x080044f0   0x080044f0   0x00000022   Code   RO         2343    .text.USBD_LL_IsStallEP  usbd_conf.o
    0x08004512   0x08004512   0x00000002   PAD
    0x08004514   0x08004514   0x00000026   Code   RO         2134    .text.USBD_LL_IsoINIncomplete  usbd_core.o
    0x0800453a   0x0800453a   0x00000002   PAD
    0x0800453c   0x0800453c   0x00000026   Code   RO         2136    .text.USBD_LL_IsoOUTIncomplete  usbd_core.o
    0x08004562   0x08004562   0x00000002   PAD
    0x08004564   0x08004564   0x00000028   Code   RO         2333    .text.USBD_LL_OpenEP  usbd_conf.o
    0x0800458c   0x0800458c   0x00000022   Code   RO         2349    .text.USBD_LL_PrepareReceive  usbd_conf.o
    0x080045ae   0x080045ae   0x00000002   PAD
    0x080045b0   0x080045b0   0x00000064   Code   RO         2124    .text.USBD_LL_Reset  usbd_core.o
    0x08004614   0x08004614   0x00000014   Code   RO         2130    .text.USBD_LL_Resume  usbd_core.o
    0x08004628   0x08004628   0x0000001c   Code   RO         2132    .text.USBD_LL_SOF   usbd_core.o
    0x08004644   0x08004644   0x00000008   Code   RO         2126    .text.USBD_LL_SetSpeed  usbd_core.o
    0x0800464c   0x0800464c   0x00000022   Code   RO         2345    .text.USBD_LL_SetUSBAddress  usbd_conf.o
    0x0800466e   0x0800466e   0x00000002   PAD
    0x08004670   0x08004670   0x00000060   Code   RO         2114    .text.USBD_LL_SetupStage  usbd_core.o
    0x080046d0   0x080046d0   0x00000022   Code   RO         2339    .text.USBD_LL_StallEP  usbd_conf.o
    0x080046f2   0x080046f2   0x00000002   PAD
    0x080046f4   0x080046f4   0x00000022   Code   RO         2329    .text.USBD_LL_Start  usbd_conf.o
    0x08004716   0x08004716   0x00000002   PAD
    0x08004718   0x08004718   0x00000014   Code   RO         2128    .text.USBD_LL_Suspend  usbd_core.o
    0x0800472c   0x0800472c   0x00000022   Code   RO         2347    .text.USBD_LL_Transmit  usbd_conf.o
    0x0800474e   0x0800474e   0x00000002   PAD
    0x08004750   0x08004750   0x00000016   Code   RO         2162    .text.USBD_ParseSetupRequest  usbd_ctlreq.o
    0x08004766   0x08004766   0x00000002   PAD
    0x08004768   0x08004768   0x00000042   Code   RO         2102    .text.USBD_RegisterClass  usbd_core.o
    0x080047aa   0x080047aa   0x00000002   PAD
    0x080047ac   0x080047ac   0x00000010   Code   RO         2110    .text.USBD_SetClassConfig  usbd_core.o
    0x080047bc   0x080047bc   0x00000004   Code   RO         2104    .text.USBD_Start    usbd_core.o
    0x080047c0   0x080047c0   0x00000430   Code   RO         2154    .text.USBD_StdDevReq  usbd_ctlreq.o
    0x08004bf0   0x08004bf0   0x00000178   Code   RO         2160    .text.USBD_StdEPReq  usbd_ctlreq.o
    0x08004d68   0x08004d68   0x00000090   Code   RO         2158    .text.USBD_StdItfReq  usbd_ctlreq.o
    0x08004df8   0x08004df8   0x00000002   Code   RO         2355    .text.USBD_static_free  usbd_conf.o
    0x08004dfa   0x08004dfa   0x00000002   PAD
    0x08004dfc   0x08004dfc   0x0000000a   Code   RO         2353    .text.USBD_static_malloc  usbd_conf.o
    0x08004e06   0x08004e06   0x00000002   PAD
    0x08004e08   0x08004e08   0x00000080   Code   RO          965    .text.USB_ActivateEndpoint  stm32f4xx_ll_usb.o
    0x08004e88   0x08004e88   0x00000020   Code   RO         1007    .text.USB_ActivateSetup  stm32f4xx_ll_usb.o
    0x08004ea8   0x08004ea8   0x000000fe   Code   RO          943    .text.USB_CoreInit  stm32f4xx_ll_usb.o
    0x08004fa6   0x08004fa6   0x00000002   PAD
    0x08004fa8   0x08004fa8   0x00000084   Code   RO          969    .text.USB_DeactivateEndpoint  stm32f4xx_ll_usb.o
    0x0800502c   0x0800502c   0x0000001e   Code   RO          991    .text.USB_DevConnect  stm32f4xx_ll_usb.o
    0x0800504a   0x0800504a   0x00000002   PAD
    0x0800504c   0x0800504c   0x0000001e   Code   RO          993    .text.USB_DevDisconnect  stm32f4xx_ll_usb.o
    0x0800506a   0x0800506a   0x00000002   PAD
    0x0800506c   0x0800506c   0x000001e2   Code   RO          955    .text.USB_DevInit   stm32f4xx_ll_usb.o
    0x0800524e   0x0800524e   0x00000002   PAD
    0x08005250   0x08005250   0x0000000e   Code   RO          949    .text.USB_DisableGlobalInt  stm32f4xx_ll_usb.o
    0x0800525e   0x0800525e   0x00000002   PAD
    0x08005260   0x08005260   0x000000fc   Code   RO          977    .text.USB_EP0StartXfer  stm32f4xx_ll_usb.o
    0x0800535c   0x0800535c   0x0000005a   Code   RO         1009    .text.USB_EP0_OutStart  stm32f4xx_ll_usb.o
    0x080053b6   0x080053b6   0x00000002   PAD
    0x080053b8   0x080053b8   0x00000050   Code   RO          985    .text.USB_EPClearStall  stm32f4xx_ll_usb.o
    0x08005408   0x08005408   0x0000003c   Code   RO          983    .text.USB_EPSetStall  stm32f4xx_ll_usb.o
    0x08005444   0x08005444   0x000001c0   Code   RO          973    .text.USB_EPStartXfer  stm32f4xx_ll_usb.o
    0x08005604   0x08005604   0x00000086   Code   RO          979    .text.USB_EPStopXfer  stm32f4xx_ll_usb.o
    0x0800568a   0x0800568a   0x00000002   PAD
    0x0800568c   0x0800568c   0x0000000e   Code   RO          947    .text.USB_EnableGlobalInt  stm32f4xx_ll_usb.o
    0x0800569a   0x0800569a   0x00000002   PAD
    0x0800569c   0x0800569c   0x0000004e   Code   RO          959    .text.USB_FlushTxFifo  stm32f4xx_ll_usb.o
    0x080056ea   0x080056ea   0x00000002   PAD
    0x080056ec   0x080056ec   0x0000001a   Code   RO          963    .text.USB_GetDevSpeed  stm32f4xx_ll_usb.o
    0x08005706   0x08005706   0x00000002   PAD
    0x08005708   0x08005708   0x00000008   Code   RO          953    .text.USB_GetMode   stm32f4xx_ll_usb.o
    0x08005710   0x08005710   0x0000000e   Code   RO          999    .text.USB_ReadDevAllInEpInterrupt  stm32f4xx_ll_usb.o
    0x0800571e   0x0800571e   0x00000002   PAD
    0x08005720   0x08005720   0x0000000e   Code   RO          997    .text.USB_ReadDevAllOutEpInterrupt  stm32f4xx_ll_usb.o
    0x0800572e   0x0800572e   0x00000002   PAD
    0x08005730   0x08005730   0x00000024   Code   RO         1003    .text.USB_ReadDevInEPInterrupt  stm32f4xx_ll_usb.o
    0x08005754   0x08005754   0x00000010   Code   RO         1001    .text.USB_ReadDevOutEPInterrupt  stm32f4xx_ll_usb.o
    0x08005764   0x08005764   0x00000008   Code   RO          995    .text.USB_ReadInterrupts  stm32f4xx_ll_usb.o
    0x0800576c   0x0800576c   0x0000004a   Code   RO          981    .text.USB_ReadPacket  stm32f4xx_ll_usb.o
    0x080057b6   0x080057b6   0x00000002   PAD
    0x080057b8   0x080057b8   0x00000064   Code   RO          951    .text.USB_SetCurrentMode  stm32f4xx_ll_usb.o
    0x0800581c   0x0800581c   0x00000022   Code   RO          989    .text.USB_SetDevAddress  stm32f4xx_ll_usb.o
    0x0800583e   0x0800583e   0x00000002   PAD
    0x08005840   0x08005840   0x00000116   Code   RO          945    .text.USB_SetTurnaroundTime  stm32f4xx_ll_usb.o
    0x08005956   0x08005956   0x00000002   PAD
    0x08005958   0x08005958   0x0000003a   Code   RO          975    .text.USB_WritePacket  stm32f4xx_ll_usb.o
    0x08005992   0x08005992   0x00000002   PAD
    0x08005994   0x08005994   0x00000002   Code   RO          309    .text.UsageFault_Handler  stm32f4xx_it.o
    0x08005996   0x08005996   0x00000002   PAD
    0x08005998   0x08005998   0x00000036   Code   RO          163    .text.main          main.o
    0x080059ce   0x080059ce   0x00000002   PAD
    0x080059d0   0x080059d0   0x00000010   Code   RO          684    .text.osDelay       cmsis_os.o
    0x080059e0   0x080059e0   0x0000000a   Code   RO          666    .text.osKernelStart  cmsis_os.o
    0x080059ea   0x080059ea   0x00000002   PAD
    0x080059ec   0x080059ec   0x0000005e   Code   RO          672    .text.osThreadCreate  cmsis_os.o
    0x08005a4a   0x08005a4a   0x00000002   PAD
    0x08005a4c   0x08005a4c   0x000000ae   Code   RO          544    .text.prvAddCurrentTaskToDelayedList  tasks.o
    0x08005afa   0x08005afa   0x00000002   PAD
    0x08005afc   0x08005afc   0x0000011a   Code   RO          534    .text.prvAddNewTaskToReadyList  tasks.o
    0x08005c16   0x08005c16   0x00000002   PAD
    0x08005c18   0x08005c18   0x00000096   Code   RO          568    .text.prvIdleTask   tasks.o
    0x08005cae   0x08005cae   0x00000002   PAD
    0x08005cb0   0x08005cb0   0x00000028   Code   RO          824    .text.prvPortStartFirstTask  port.o
    0x08005cd8   0x08005cd8   0x00000032   Code   RO          814    .text.prvTaskExitError  port.o
    0x08005d0a   0x08005d0a   0x00000002   PAD
    0x08005d0c   0x08005d0c   0x000001c6   Code   RO          784    .text.pvPortMalloc  heap_4.o
    0x08005ed2   0x08005ed2   0x00000002   PAD
    0x08005ed4   0x08005ed4   0x00000028   Code   RO          812    .text.pxPortInitialiseStack  port.o
    0x08005efc   0x08005efc   0x00000024   Code   RO          419    .text.uxListRemove  list.o
    0x08005f20   0x08005f20   0x0000001a   Code   RO          189    .text.vApplicationGetIdleTaskMemory  freertos.o
    0x08005f3a   0x08005f3a   0x00000002   PAD
    0x08005f3c   0x08005f3c   0x00000016   Code   RO          411    .text.vListInitialise  list.o
    0x08005f52   0x08005f52   0x00000002   PAD
    0x08005f54   0x08005f54   0x00000006   Code   RO          413    .text.vListInitialiseItem  list.o
    0x08005f5a   0x08005f5a   0x00000002   PAD
    0x08005f5c   0x08005f5c   0x0000003a   Code   RO          417    .text.vListInsert   list.o
    0x08005f96   0x08005f96   0x00000002   PAD
    0x08005f98   0x08005f98   0x0000001c   Code   RO          415    .text.vListInsertEnd  list.o
    0x08005fb4   0x08005fb4   0x00000014   Code   RO          822    .text.vPortEnableVFP  port.o
    0x08005fc8   0x08005fc8   0x00000046   Code   RO          828    .text.vPortEnterCritical  port.o
    0x0800600e   0x0800600e   0x00000002   PAD
    0x08006010   0x08006010   0x0000002e   Code   RO          830    .text.vPortExitCritical  port.o
    0x0800603e   0x0800603e   0x00000002   PAD
    0x08006040   0x08006040   0x000000d2   Code   RO          786    .text.vPortFree     heap_4.o
    0x08006112   0x08006112   0x00000002   PAD
    0x08006114   0x08006114   0x00000034   Code   RO          820    .text.vPortSetupTimerInterrupt  port.o
    0x08006148   0x08006148   0x00000050   Code   RO          548    .text.vTaskDelay    tasks.o
    0x08006198   0x08006198   0x00000080   Code   RO          566    .text.vTaskStartScheduler  tasks.o
    0x08006218   0x08006218   0x00000010   Code   RO          542    .text.vTaskSuspendAll  tasks.o
    0x08006228   0x08006228   0x00000086   Code   RO          560    .text.vTaskSwitchContext  tasks.o
    0x080062ae   0x080062ae   0x00000002   PAD
    0x080062b0   0x080062b0   0x00000132   Code   RO          818    .text.xPortStartScheduler  port.o
    0x080063e2   0x080063e2   0x00000002   PAD
    0x080063e4   0x080063e4   0x000000e0   Code   RO          536    .text.xTaskCreate   tasks.o
    0x080064c4   0x080064c4   0x000000ec   Code   RO          532    .text.xTaskCreateStatic  tasks.o
    0x080065b0   0x080065b0   0x00000180   Code   RO          572    .text.xTaskIncrementTick  tasks.o
    0x08006730   0x08006730   0x0000013c   Code   RO          546    .text.xTaskResumeAll  tasks.o
    0x0800686c   0x0800686c   0x0000001a   Code   RO         2917    x$fpl$fpinit        fz_wm.l(fpinit.o)
    0x08006886   0x08006886   0x00000010   Data   RO          363    .rodata.AHBPrescTable  system_stm32f4xx.o
    0x08006896   0x08006896   0x00000008   Data   RO          364    .rodata.APBPrescTable  system_stm32f4xx.o
    0x0800689e   0x0800689e   0x00000008   Data   RO         1219    .rodata.cst8        stm32f4xx_hal_dma.o
    0x080068a6   0x080068a6   0x0000000d   Data   RO          197    .rodata.str1.1      freertos.o
    0x080068b3   0x080068b3   0x00000001   PAD
    0x080068b4   0x080068b4   0x00000020   Data   RO         3017    Region$$Table       anon$$obj.o


    Execution Region RW_IRAM1 (Exec base: 0x20000000, Load base: 0x080068d8, Size: 0x00008950, Max: 0x0001c000, ABSOLUTE)

    Exec Addr    Load Addr    Size         Type   Attr      Idx    E Section Name        Object

    0x20000000   0x080068d8   0x0000001c   Data   RW         2261    .data.FS_Desc       usbd_desc.o
    0x2000001c   0x080068f4   0x00000004   Data   RW          362    .data.SystemCoreClock  system_stm32f4xx.o
    0x20000020   0x080068f8   0x00000038   Data   RW         2227    .data.USBD_CDC      usbd_cdc.o
    0x20000058   0x08006930   0x00000043   Data   RW         2229    .data.USBD_CDC_CfgDesc  usbd_cdc.o
    0x2000009b   0x08006973   0x00000001   PAD
    0x2000009c   0x08006974   0x0000000a   Data   RW         2228    .data.USBD_CDC_DeviceQualifierDesc  usbd_cdc.o
    0x200000a6   0x0800697e   0x00000002   PAD
    0x200000a8   0x08006980   0x00000012   Data   RW         2262    .data.USBD_FS_DeviceDesc  usbd_desc.o
    0x200000ba   0x08006992   0x00000002   PAD
    0x200000bc   0x08006994   0x00000014   Data   RW         2286    .data.USBD_Interface_fops_FS  usbd_cdc_if.o
    0x200000d0   0x080069a8   0x00000004   Data   RW         2263    .data.USBD_LangIDDesc  usbd_desc.o
    0x200000d4   0x080069ac   0x0000001a   Data   RW         2264    .data.USBD_StringSerial  usbd_desc.o
    0x200000ee   0x080069c6   0x00000001   Data   RW         1391    .data.uwTickFreq    stm32f4xx_hal.o
    0x200000ef   0x080069c7   0x00000001   PAD
    0x200000f0   0x080069c8   0x00000004   Data   RW         1390    .data.uwTickPrio    stm32f4xx_hal.o
    0x200000f4   0x080069cc   0x00000004   Data   RW          840    .data.uxCriticalNesting  port.o
    0x200000f8        -       0x00000060   Zero   RW         2868    .bss                c_w.l(libspace.o)
    0x20000158        -       0x00000004   Zero   RW          217    .bss.HAL_RCC_CAN1_CLK_ENABLED  can.o
    0x2000015c        -       0x00000004   Zero   RW          198    .bss.StartINSTaskHandle  freertos.o
    0x20000160        -       0x00000001   Zero   RW         2166    .bss.USBD_SetConfig.cfgidx  usbd_ctlreq.o
    0x20000161   0x080069d0   0x00000003   PAD
    0x20000164        -       0x00000200   Zero   RW         2265    .bss.USBD_StrDesc   usbd_desc.o
    0x20000364        -       0x00000220   Zero   RW         2360    .bss.USBD_static_malloc.mem  usbd_conf.o
    0x20000584        -       0x00000800   Zero   RW         2287    .bss.UserRxBufferFS  usbd_cdc_if.o
    0x20000d84        -       0x00000800   Zero   RW         2288    .bss.UserTxBufferFS  usbd_cdc_if.o
    0x20001584        -       0x000002dc   Zero   RW         2240    .bss.hUsbDeviceFS   usb_device.o
    0x20001860        -       0x00000028   Zero   RW          215    .bss.hcan1          can.o
    0x20001888        -       0x00000028   Zero   RW          216    .bss.hcan2          can.o
    0x200018b0        -       0x00000060   Zero   RW          292    .bss.hdma_usart3_rx  usart.o
    0x20001910        -       0x0000050c   Zero   RW         2359    .bss.hpcd_USB_OTG_FS  usbd_conf.o
    0x20001e1c        -       0x00000010   Zero   RW          241    .bss.hrng           rng.o
    0x20001e2c        -       0x00000058   Zero   RW          256    .bss.hspi1          spi.o
    0x20001e84        -       0x00000048   Zero   RW          276    .bss.htim10         tim.o
    0x20001ecc        -       0x00000048   Zero   RW          349    .bss.htim2          stm32f4xx_hal_timebase_tim.o
    0x20001f14        -       0x00000048   Zero   RW          275    .bss.htim4          tim.o
    0x20001f5c        -       0x00000044   Zero   RW          291    .bss.huart3         usart.o
    0x20001fa0        -       0x00000004   Zero   RW          636    .bss.pxCurrentTCB   tasks.o
    0x20001fa4        -       0x00000004   Zero   RW          646    .bss.pxDelayedTaskList  tasks.o
    0x20001fa8        -       0x00000004   Zero   RW          796    .bss.pxEnd          heap_4.o
    0x20001fac        -       0x00000004   Zero   RW          647    .bss.pxOverflowDelayedTaskList  tasks.o
    0x20001fb0        -       0x0000008c   Zero   RW          637    .bss.pxReadyTasksLists  tasks.o
    0x2000203c        -       0x00006000   Zero   RW          803    .bss.ucHeap         heap_4.o
    0x2000803c        -       0x00000001   Zero   RW          838    .bss.ucMaxSysCallPriority  port.o
    0x2000803d   0x080069d0   0x00000003   PAD
    0x20008040        -       0x00000004   Zero   RW          839    .bss.ulMaxPRIGROUPValue  port.o
    0x20008044        -       0x00000004   Zero   RW         1392    .bss.uwTick         stm32f4xx_hal.o
    0x20008048        -       0x00000004   Zero   RW          642    .bss.uxCurrentNumberOfTasks  tasks.o
    0x2000804c        -       0x00000004   Zero   RW          641    .bss.uxDeletedTasksWaitingCleanUp  tasks.o
    0x20008050        -       0x00000004   Zero   RW          644    .bss.uxSchedulerSuspended  tasks.o
    0x20008054        -       0x00000004   Zero   RW          639    .bss.uxTaskNumber   tasks.o
    0x20008058        -       0x00000004   Zero   RW          638    .bss.uxTopReadyPriority  tasks.o
    0x2000805c        -       0x00000001   Zero   RW          797    .bss.xBlockAllocatedBit  heap_4.o
    0x2000805d   0x080069d0   0x00000003   PAD
    0x20008060        -       0x00000014   Zero   RW          655    .bss.xDelayedTaskList1  tasks.o
    0x20008074        -       0x00000014   Zero   RW          656    .bss.xDelayedTaskList2  tasks.o
    0x20008088        -       0x00000004   Zero   RW          798    .bss.xFreeBytesRemaining  heap_4.o
    0x2000808c        -       0x00000200   Zero   RW          196    .bss.xIdleStack     freertos.o
    0x2000828c        -       0x00000004   Zero   RW          650    .bss.xIdleTaskHandle  tasks.o
    0x20008290        -       0x00000054   Zero   RW          195    .bss.xIdleTaskTCBBuffer  freertos.o
    0x200082e4        -       0x00000004   Zero   RW          800    .bss.xMinimumEverFreeBytesRemaining  heap_4.o
    0x200082e8        -       0x00000004   Zero   RW          651    .bss.xNextTaskUnblockTime  tasks.o
    0x200082ec        -       0x00000004   Zero   RW          654    .bss.xNumOfOverflows  tasks.o
    0x200082f0        -       0x00000004   Zero   RW          801    .bss.xNumberOfSuccessfulAllocations  heap_4.o
    0x200082f4        -       0x00000004   Zero   RW          802    .bss.xNumberOfSuccessfulFrees  heap_4.o
    0x200082f8        -       0x00000004   Zero   RW          653    .bss.xPendedTicks   tasks.o
    0x200082fc        -       0x00000014   Zero   RW          649    .bss.xPendingReadyList  tasks.o
    0x20008310        -       0x00000004   Zero   RW          643    .bss.xSchedulerRunning  tasks.o
    0x20008314        -       0x00000008   Zero   RW          799    .bss.xStart         heap_4.o
    0x2000831c        -       0x00000014   Zero   RW          648    .bss.xSuspendedTaskList  tasks.o
    0x20008330        -       0x00000014   Zero   RW          640    .bss.xTasksWaitingTermination  tasks.o
    0x20008344        -       0x00000004   Zero   RW          645    .bss.xTickCount     tasks.o
    0x20008348        -       0x00000004   Zero   RW          652    .bss.xYieldPending  tasks.o
    0x2000834c   0x080069d0   0x00000004   PAD
    0x20008350        -       0x00000200   Zero   RW          373    HEAP                startup_stm32f407xx.o
    0x20008550        -       0x00000400   Zero   RW          372    STACK               startup_stm32f407xx.o


    Execution Region RW_IRAM2 (Exec base: 0x2001c000, Load base: 0x080069d0, Size: 0x00000000, Max: 0x00004000, ABSOLUTE)

    **** No section assigned to this execution region ****


==============================================================================

Image component sizes


      Code (inc. data)   RO Data    RW Data    ZI Data      Debug   Object Name

       424          0          0          0         84       6599   can.o
       120          0          0          0          0      24236   cmsis_os.o
        56          0          0          0          0       3446   dma.o
       122         28         13          0        600       3145   freertos.o
       264          0          0          0          0       4058   gpio.o
       664          0          0          0      24605       5022   heap_4.o
       150          0          0          0          0       2207   list.o
       260          0          0          0          0       6137   main.o
       806         16          0          4          5       4042   port.o
        92          0          0          0         16       2596   rng.o
       246          0          0          0         88       5109   spi.o
        64         26        392          0       1536        828   startup_stm32f407xx.o
       132          0          0          5          4       7271   stm32f4xx_hal.o
       848          6          0          0          0      13661   stm32f4xx_hal_can.o
       150          0          0          0          0      10487   stm32f4xx_hal_cortex.o
       876          4          8          0          0       9771   stm32f4xx_hal_dma.o
       450          0          0          0          0       5044   stm32f4xx_hal_gpio.o
        66          0          0          0          0       3512   stm32f4xx_hal_msp.o
      2906          0          0          0          0      16624   stm32f4xx_hal_pcd.o
        88          0          0          0          0       4346   stm32f4xx_hal_pcd_ex.o
      1484          0          0          0          0       7281   stm32f4xx_hal_rcc.o
        50          0          0          0          0       4695   stm32f4xx_hal_rng.o
       180          0          0          0          0      23312   stm32f4xx_hal_spi.o
      1960          4          0          0          0      55116   stm32f4xx_hal_tim.o
       188          0          0          0          0      21499   stm32f4xx_hal_tim_ex.o
       170          0          0          0         72       7225   stm32f4xx_hal_timebase_tim.o
      1304          0          0          0          0      26529   stm32f4xx_hal_uart.o
        94          0          0          0          0       9566   stm32f4xx_it.o
      2924          0          0          0          0      26313   stm32f4xx_ll_usb.o
        18          0         24          4          0       2630   system_stm32f4xx.o
      2124          8          0          0        300      32782   tasks.o
       598          0          0          0        144       6406   tim.o
       258          0          0          0        164       6958   usart.o
       114          0          0          0        732       3167   usb_device.o
      1218         12          0        133          0      11592   usbd_cdc.o
        84          0          0         20       4096       4867   usbd_cdc_if.o
       776          0          0          0       1836      18240   usbd_conf.o
       884          0          0          0          0      10520   usbd_core.o
      1748         30          0          0          1      10832   usbd_ctlreq.o
       332         72          0         76        512       3604   usbd_desc.o
       128          0          0          0          0       4680   usbd_ioreq.o

    ----------------------------------------------------------------------
     25724        218        470        248      34808     435955   Object Totals
         0          0         32          0          0          0   (incl. Generated)
       304         12          1          6         13          0   (incl. Padding)

    ----------------------------------------------------------------------

      Code (inc. data)   RO Data    RW Data    ZI Data      Debug   Library Member Name

         8          0          0          0          0         68   __main.o
         0          0          0          0          0          0   __rtentry.o
        12          0          0          0          0          0   __rtentry2.o
         6          0          0          0          0          0   __rtentry4.o
        52          8          0          0          0          0   __scatter.o
        26          0          0          0          0          0   __scatter_copy.o
        28          0          0          0          0          0   __scatter_zi.o
        16          0          0          0          0         68   aeabi_memset4.o
        18          0          0          0          0         80   exit.o
         6          0          0          0          0        152   heapauxi.o
         0          0          0          0          0          0   indicate_semi.o
         2          0          0          0          0          0   libinit.o
         6          0          0          0          0          0   libinit2.o
         2          0          0          0          0          0   libshutdown.o
         2          0          0          0          0          0   libshutdown2.o
         8          4          0          0         96         68   libspace.o
       240          0          0          0          0        100   lludivv7m.o
        78          0          0          0          0         80   rt_memclr_w.o
         2          0          0          0          0          0   rtexit.o
        10          0          0          0          0          0   rtexit2.o
        12          4          0          0          0         68   sys_exit.o
        74          0          0          0          0         80   sys_stackheap_outer.o
         2          0          0          0          0         68   use_no_semi.o
        26          0          0          0          0        116   fpinit.o

    ----------------------------------------------------------------------
       642         16          0          0         96        948   Library Totals
         6          0          0          0          0          0   (incl. Padding)

    ----------------------------------------------------------------------

      Code (inc. data)   RO Data    RW Data    ZI Data      Debug   Library Name

       610         16          0          0         96        832   c_w.l
        26          0          0          0          0        116   fz_wm.l

    ----------------------------------------------------------------------
       642         16          0          0         96        948   Library Totals

    ----------------------------------------------------------------------

==============================================================================


      Code (inc. data)   RO Data    RW Data    ZI Data      Debug   

     26366        234        470        248      34904     435811   Grand Totals
     26366        234        470        248      34904     435811   ELF Image Totals
     26366        234        470        248          0          0   ROM Totals

==============================================================================

    Total RO  Size (Code + RO Data)                26836 (  26.21kB)
    Total RW  Size (RW Data + ZI Data)             35152 (  34.33kB)
    Total ROM Size (Code + RO Data + RW Data)      27084 (  26.45kB)

==============================================================================

